******************************************************************************
             TMS320C2000 Linker PC v6.2.11                     
******************************************************************************
>> Linked Mon Jul 17 07:56:21 2017

OUTPUT FILE NAME:   <ps_1215.out>
ENTRY POINT SYMBOL: "code_start"  address: 00000000


MEMORY CONFIGURATION

         name            origin    length      used     unused   attr    fill
----------------------  --------  ---------  --------  --------  ----  --------
PAGE 0:
  BEGIN                 00000000   00000002  00000002  00000000  RWIX
  RAMM0                 00000122   000002de  000002dd  00000001  RWIX
  RAMLS0                00008000   00000800  000007fe  00000002  RWIX
  RAMLS1                00008800   00000800  000007fb  00000005  RWIX
  RAMLS2                00009000   00000800  000007fe  00000002  RWIX
  RAMLS3                00009800   00000800  000007d3  0000002d  RWIX
  RAMLS4                0000a000   00000800  000007b6  0000004a  RWIX
  RAMD0                 0000b000   00000800  000007ff  00000001  RWIX
  RAMGS7                00013000   00001000  00000f6b  00000095  RWIX
  RAMGS9                00015000   00001000  00000fe9  00000017  RWIX
  RAMGS11               00017000   00001000  000001c6  00000e3a  RWIX
  RESET                 003fffc0   00000002  00000000  00000002  RWIX

PAGE 1:
  BOOT_RSVD             00000002   00000120  00000028  000000f8  RWIX
  RAMM1                 00000400   00000400  00000120  000002e0  RWIX
  ADCA_RESULT           00000b00   00000020  00000018  00000008  RWIX
  ADCB_RESULT           00000b20   00000020  00000018  00000008  RWIX
  ADCC_RESULT           00000b40   00000020  00000018  00000008  RWIX
  ADCD_RESULT           00000b60   00000020  00000018  00000008  RWIX
  CPU_TIMER0            00000c00   00000008  00000008  00000000  RWIX
  CPU_TIMER1            00000c08   00000008  00000008  00000000  RWIX
  CPU_TIMER2            00000c10   00000008  00000008  00000000  RWIX
  PIE_CTRL              00000ce0   00000020  0000001a  00000006  RWIX
  PIE_VECT              00000d00   00000200  000001c0  00000040  RWIX
  DMA                   00001000   00000200  000000e0  00000120  RWIX
  CLA1                  00001400   00000040  0000003e  00000002  RWIX
  EPWM1                 00004000   00000100  00000100  00000000  RWIX
  EPWM2                 00004100   00000100  00000100  00000000  RWIX
  EPWM3                 00004200   00000100  00000100  00000000  RWIX
  EPWM4                 00004300   00000100  00000100  00000000  RWIX
  EPWM5                 00004400   00000100  00000100  00000000  RWIX
  EPWM6                 00004500   00000100  00000100  00000000  RWIX
  EPWM7                 00004600   00000100  00000100  00000000  RWIX
  EPWM8                 00004700   00000100  00000100  00000000  RWIX
  EPWM9                 00004800   00000100  00000100  00000000  RWIX
  EPWM10                00004900   00000100  00000100  00000000  RWIX
  EPWM11                00004a00   00000100  00000100  00000000  RWIX
  EPWM12                00004b00   00000100  00000100  00000000  RWIX
  ECAP1                 00005000   00000020  00000020  00000000  RWIX
  ECAP2                 00005020   00000020  00000020  00000000  RWIX
  ECAP3                 00005040   00000020  00000020  00000000  RWIX
  ECAP4                 00005060   00000020  00000020  00000000  RWIX
  ECAP5                 00005080   00000020  00000020  00000000  RWIX
  ECAP6                 000050a0   00000020  00000020  00000000  RWIX
  EQEP1                 00005100   00000040  00000022  0000001e  RWIX
  EQEP2                 00005140   00000040  00000022  0000001e  RWIX
  EQEP3                 00005180   00000040  00000022  0000001e  RWIX
  DACA                  00005c00   00000010  00000008  00000008  RWIX
  DACB                  00005c10   00000010  00000008  00000008  RWIX
  DACC                  00005c20   00000010  00000008  00000008  RWIX
  CMPSS1                00005c80   00000020  00000020  00000000  RWIX
  CMPSS2                00005ca0   00000020  00000020  00000000  RWIX
  CMPSS3                00005cc0   00000020  00000020  00000000  RWIX
  CMPSS4                00005ce0   00000020  00000020  00000000  RWIX
  CMPSS5                00005d00   00000020  00000020  00000000  RWIX
  CMPSS6                00005d20   00000020  00000020  00000000  RWIX
  CMPSS7                00005d40   00000020  00000020  00000000  RWIX
  CMPSS8                00005d60   00000020  00000020  00000000  RWIX
  SDFM1                 00005e00   00000080  00000080  00000000  RWIX
  SDFM2                 00005e80   00000080  00000080  00000000  RWIX
  MCBSPA                00006000   00000040  00000024  0000001c  RWIX
  MCBSPB                00006040   00000040  00000024  0000001c  RWIX
  SPIA                  00006100   00000010  00000010  00000000  RWIX
  SPIB                  00006110   00000010  00000010  00000000  RWIX
  SPIC                  00006120   00000010  00000010  00000000  RWIX
  SPID                  00006130   00000010  00000000  00000010  RWIX
  UPP                   00006200   00000100  00000048  000000b8  RWIX
  WD                    00007000   00000040  0000002b  00000015  RWIX
  NMIINTRUPT            00007060   00000010  00000007  00000009  RWIX
  XINT                  00007070   00000010  0000000b  00000005  RWIX
  SCIA                  00007200   00000010  00000010  00000000  RWIX
  SCIB                  00007210   00000010  00000010  00000000  RWIX
  SCIC                  00007220   00000010  00000010  00000000  RWIX
  SCID                  00007230   00000010  00000010  00000000  RWIX
  I2CA                  00007300   00000040  00000022  0000001e  RWIX
  I2CB                  00007340   00000040  00000022  0000001e  RWIX
  ADCA                  00007400   00000080  00000080  00000000  RWIX
  ADCB                  00007480   00000080  00000080  00000000  RWIX
  ADCC                  00007500   00000080  00000080  00000000  RWIX
  ADCD                  00007580   00000080  00000080  00000000  RWIX
  INPUT_XBAR            00007900   00000040  00000020  00000020  RWIX
  TRIG                  00007940   00000010  00000000  00000010  RWIX
  DMACLASRCSEL          00007980   00000040  0000001a  00000026  RWIX
  EPWM_XBAR             00007a00   00000040  00000040  00000000  RWIX
  CLB_XBAR              00007a40   00000040  00000000  00000040  RWIX
  OUTPUT_XBAR           00007a80   00000040  00000040  00000000  RWIX
  GPIOCTRL              00007c00   00000180  00000180  00000000  RWIX
  GPIODAT               00007f00   00000030  00000030  00000000  RWIX
  RAMLS5                0000a800   00000800  000003a0  00000460  RWIX
  RAMD1                 0000b800   00000800  00000000  00000800  RWIX
  RAMGS0                0000c000   00001000  00001000  00000000  RWIX
  RAMGS1                0000d000   00001000  00001000  00000000  RWIX
  RAMGS2                0000e000   00001000  00000000  00001000  RWIX
  RAMGS3                0000f000   00001000  00000000  00001000  RWIX
  RAMGS4                00010000   00001000  00000000  00001000  RWIX
  RAMGS5                00011000   00001000  00000000  00001000  RWIX
  RAMGS6                00012000   00001000  00000f80  00000080  RWIX
  RAMGS8                00014000   00001000  00000000  00001000  RWIX
  RAMGS10               00016000   00001000  000002cf  00000d31  RWIX
  RAMGS12               00018000   00001000  00000000  00001000  RWIX
  RAMGS13               00019000   00001000  00000000  00001000  RWIX
  RAMGS14               0001a000   00001000  00000000  00001000  RWIX
  RAMGS15               0001b000   00001000  00000000  00001000  RWIX
  CPU2TOCPU1RAM         0003f800   00000400  00000000  00000400  RWIX
  CPU1TOCPU2RAM         0003fc00   00000400  00000000  00000400  RWIX
  EMIF1                 00047000   00000800  00000070  00000790  RWIX
  EMIF2                 00047800   00000800  00000070  00000790  RWIX
  CANA                  00048000   00001000  00000000  00001000  RWIX
  CANA_MSG_RAM          00049000   00000800  00000000  00000800  RWIX
  CANB                  0004a000   00001000  00000000  00001000  RWIX
  CANB_MSG_RAM          0004b000   00000800  00000000  00000800  RWIX
  IPC                   00050000   00001000  00000024  00000fdc  RWIX
  DEV_CFG               0005d000   00000180  0000012e  00000052  RWIX
  ANALOG_SUBSYS         0005d180   00000080  00000048  00000038  RWIX
  CLK_CFG               0005d200   00000100  00000032  000000ce  RWIX
  CPU_SYS               0005d300   00000100  00000082  0000007e  RWIX
  HWBIST                0005e000   00000100  00000000  00000100  RWIX
  PBIST                 0005e200   00000200  00000000  00000200  RWIX
  ROMPREFETCH           0005e608   00000002  00000002  00000000  RWIX
  DCSM_Z1               0005f000   00000030  00000024  0000000c  RWIX
  DCSM_Z2               0005f040   00000030  00000024  0000000c  RWIX
  DCSM_COMMON           0005f070   00000010  00000008  00000008  RWIX
  MEMCFG                0005f400   00000080  00000080  00000000  RWIX
  EMIF1CONFIG           0005f480   00000020  00000020  00000000  RWIX
  EMIF2CONFIG           0005f4a0   00000020  00000020  00000000  RWIX
  ACCESSPROTECTION      0005f4c0   00000040  00000040  00000000  RWIX
  MEMORYERROR           0005f500   00000040  00000040  00000000  RWIX
  ROMWAITSTATE          0005f540   00000002  00000002  00000000  RWIX
  FLASH0_CTRL           0005f800   00000300  00000182  0000017e  RWIX
  FLASH0_ECC            0005fb00   00000040  00000028  00000018  RWIX
  DCSM_Z1_OTP           00078000   00000020  00000020  00000000  RWIX
  DCSM_Z2_OTP           00078200   00000020  00000020  00000000  RWIX


SECTION ALLOCATION MAP

 output                                  attributes/
section   page    origin      length       input sections
--------  ----  ----------  ----------   ----------------
.pinit     0    00000122    00000000     UNINITIALIZED

codestart 
*          0    00000000    00000002     
                  00000000    00000002     F2837xD_CodeStartBranch.obj (codestart)

.cinit     0    00000122    00000205     
                  00000122    000000e4     kpj485_mod_ps .obj (.cinit)
                  00000206    0000005c     serial.obj (.cinit)
                  00000262    00000031     rts2800_fpu32.lib : lowlev.obj (.cinit)
                  00000293    0000002d     pwmsetup.obj (.cinit)
                  000002c0    0000002a     rts2800_fpu32.lib : defs.obj (.cinit)
                  000002ea    00000017     robotis.obj (.cinit)
                  00000301    0000000a     rts2800_fpu32.lib : _lock.obj (.cinit)
                  0000030b    0000000a                       : exit.obj (.cinit)
                  00000315    00000008     mmc-F2837x.obj (.cinit)
                  0000031d    00000004     rts2800_fpu32.lib : memory.obj (.cinit)
                  00000321    00000004     ustdlib.obj (.cinit)
                  00000325    00000002     --HOLE-- [fill = 0]

.text.1    0    00000328    000000d4     
                  00000328    0000008e     rts2800_fpu32.lib : ankmsg.obj (.text)
                  000003b6    00000046                       : boot.obj (.text)

ramfuncs   0    000003fc    00000004     
                  000003fc    00000004     F2837xD_usDelay.obj (ramfuncs)

Cla1SoftIntRegsFile 
*          1    00000ce0    00000004     DSECT
                  00000ce0    00000004     F2837xD_GlobalVariableDefs.obj (Cla1SoftIntRegsFile)

.text.2    0    00008000    000007fe     
                  00008000    00000655     ustdlib.obj (.text)
                  00008655    000000fd     F2837xD_EPwm.obj (.text)
                  00008752    0000007d     F2837xD_CpuTimers.obj (.text)
                  000087cf    00000021     rts2800_fpu32.lib : memcpy_ff.obj (.text)
                  000087f0    0000000e     interrupt.obj (.text:retain)

.text.3    0    00008800    000007fb     
                  00008800    00000585     F2837xD_DefaultISR.obj (.text:retain)
                  00008d85    0000024b     F2837xD_Gpio.obj (.text)
                  00008fd0    0000001e     rts2800_fpu32.lib : strncpy.obj (.text)
                  00008fee    0000000d                       : memset.obj (.text)

.text.4    0    00009000    000007fe     
                  00009000    0000055c     kpj485_mod_ps .obj (.text)
                  0000955c    00000219     rts2800_fpu32.lib : lowlev.obj (.text)
                  00009775    00000073                       : fflush.obj (.text)
                  000097e8    00000016                       : memcmp.obj (.text)

.text.5    0    00009800    000007d3     
                  00009800    00000556     serial.obj (.text)
                  00009d56    00000211     rts2800_fpu32.lib : trgdrv.obj (.text)
                  00009f67    00000019                       : args_main.obj (.text)
                  00009f80    00000019                       : exit.obj (.text)
                  00009f99    0000000c                       : strchr.obj (.text)
                  00009fa5    0000000b                       : u_div.obj (.text)
                  00009fb0    0000000a                       : strcmp.obj (.text)
                  00009fba    00000009                       : _lock.obj (.text)
                  00009fc3    00000008     F2837xD_CodeStartBranch.obj (.text)
                  00009fcb    00000008     rts2800_fpu32.lib : strlen.obj (.text)

.text.6    0    0000a000    000007b6     
                  0000a000    00000428     mmc-F2837x.obj (.text)
                  0000a428    0000038e     pwmsetup.obj (.text)

.text.7    0    0000b000    000007ff     
                  0000b000    00000725     pwmsetup.obj (.text:retain)
                  0000b725    00000088     rts2800_fpu32.lib : fs_div.obj (.text)
                  0000b7ad    00000028     F2837xD_PieCtrl.obj (.text)
                  0000b7d5    00000025     F2837xD_PieVect.obj (.text)
                  0000b7fa    00000005     rts2800_fpu32.lib : strcpy.obj (.text)

.text.8    0    00013000    00000f6b     
                  00013000    00000f6b     ff.obj (.text)

.text.9    0    00015000    00000fe9     
                  00015000    000003e4     robotis.obj (.text)
                  000153e4    0000035b     kpj485_mod_ps .obj (.text:retain)
                  0001573f    0000033b     F2837xD_SysCtrl.obj (.text)
                  00015a7a    000002bb     serial.obj (.text:retain)
                  00015d35    000001d7     rts2800_fpu32.lib : memory.obj (.text)
                  00015f0c    000000dd     F2837xD_Adc.obj (.text)

.text.10   0    00017000    000001c6     
                  00017000    000001c6     interrupt.obj (.text)

GETBUFFER 
*          0    0003f800    00000000     DSECT

GETWRITEIDX 
*          0    0003f800    00000000     DSECT

PUTREADIDX 
*          0    0003f800    00000000     DSECT

.reset     0    003fffc0    00000002     DSECT
                  003fffc0    00000002     rts2800_fpu32.lib : boot.obj (.reset)

XbarRegsFile 
*          1    00000002    00000020     UNINITIALIZED
                  00000002    00000020     F2837xD_GlobalVariableDefs.obj (XbarRegsFile)

SyncSocRegsFile 
*          1    00000022    00000006     UNINITIALIZED
                  00000022    00000006     F2837xD_GlobalVariableDefs.obj (SyncSocRegsFile)

FlashPumpSemaphoreRegsFile 
*          1    00000028    00000002     UNINITIALIZED
                  00000028    00000002     F2837xD_GlobalVariableDefs.obj (FlashPumpSemaphoreRegsFile)

.cio       1    00000400    00000120     UNINITIALIZED
                  00000400    00000120     rts2800_fpu32.lib : ankmsg.obj (.cio)

AdcaResultFile 
*          1    00000b00    00000018     UNINITIALIZED
                  00000b00    00000018     F2837xD_GlobalVariableDefs.obj (AdcaResultFile)

AdcbResultFile 
*          1    00000b20    00000018     UNINITIALIZED
                  00000b20    00000018     F2837xD_GlobalVariableDefs.obj (AdcbResultFile)

AdccResultFile 
*          1    00000b40    00000018     UNINITIALIZED
                  00000b40    00000018     F2837xD_GlobalVariableDefs.obj (AdccResultFile)

AdcdResultFile 
*          1    00000b60    00000018     UNINITIALIZED
                  00000b60    00000018     F2837xD_GlobalVariableDefs.obj (AdcdResultFile)

CpuTimer0RegsFile 
*          1    00000c00    00000008     UNINITIALIZED
                  00000c00    00000008     F2837xD_GlobalVariableDefs.obj (CpuTimer0RegsFile)

CpuTimer1RegsFile 
*          1    00000c08    00000008     UNINITIALIZED
                  00000c08    00000008     F2837xD_GlobalVariableDefs.obj (CpuTimer1RegsFile)

CpuTimer2RegsFile 
*          1    00000c10    00000008     UNINITIALIZED
                  00000c10    00000008     F2837xD_GlobalVariableDefs.obj (CpuTimer2RegsFile)

PieCtrlRegsFile 
*          1    00000ce0    0000001a     UNINITIALIZED
                  00000ce0    0000001a     F2837xD_GlobalVariableDefs.obj (PieCtrlRegsFile)

EmuKeyVar 
*          1    00000d00    00000001     UNINITIALIZED
                  00000d00    00000001     F2837xD_GlobalVariableDefs.obj (EmuKeyVar)

PieVectTableFile 
*          1    00000d00    000001c0     UNINITIALIZED
                  00000d00    000001c0     F2837xD_GlobalVariableDefs.obj (PieVectTableFile)

EmuBModeVar 
*          1    00000d01    00000001     UNINITIALIZED
                  00000d01    00000001     F2837xD_GlobalVariableDefs.obj (EmuBModeVar)

FlashCallbackVar 
*          1    00000d02    00000000     UNINITIALIZED

FlashScalingVar 
*          1    00000d02    00000000     UNINITIALIZED

DmaRegsFile 
*          1    00001000    000000e0     UNINITIALIZED
                  00001000    000000e0     F2837xD_GlobalVariableDefs.obj (DmaRegsFile)

Cla1RegsFile 
*          1    00001400    0000003e     UNINITIALIZED
                  00001400    0000003e     F2837xD_GlobalVariableDefs.obj (Cla1RegsFile)

EPwm1RegsFile 
*          1    00004000    00000100     UNINITIALIZED
                  00004000    00000100     F2837xD_GlobalVariableDefs.obj (EPwm1RegsFile)

EPwm2RegsFile 
*          1    00004100    00000100     UNINITIALIZED
                  00004100    00000100     F2837xD_GlobalVariableDefs.obj (EPwm2RegsFile)

EPwm3RegsFile 
*          1    00004200    00000100     UNINITIALIZED
                  00004200    00000100     F2837xD_GlobalVariableDefs.obj (EPwm3RegsFile)

EPwm4RegsFile 
*          1    00004300    00000100     UNINITIALIZED
                  00004300    00000100     F2837xD_GlobalVariableDefs.obj (EPwm4RegsFile)

EPwm5RegsFile 
*          1    00004400    00000100     UNINITIALIZED
                  00004400    00000100     F2837xD_GlobalVariableDefs.obj (EPwm5RegsFile)

EPwm6RegsFile 
*          1    00004500    00000100     UNINITIALIZED
                  00004500    00000100     F2837xD_GlobalVariableDefs.obj (EPwm6RegsFile)

EPwm7RegsFile 
*          1    00004600    00000100     UNINITIALIZED
                  00004600    00000100     F2837xD_GlobalVariableDefs.obj (EPwm7RegsFile)

EPwm8RegsFile 
*          1    00004700    00000100     UNINITIALIZED
                  00004700    00000100     F2837xD_GlobalVariableDefs.obj (EPwm8RegsFile)

EPwm9RegsFile 
*          1    00004800    00000100     UNINITIALIZED
                  00004800    00000100     F2837xD_GlobalVariableDefs.obj (EPwm9RegsFile)

EPwm10RegsFile 
*          1    00004900    00000100     UNINITIALIZED
                  00004900    00000100     F2837xD_GlobalVariableDefs.obj (EPwm10RegsFile)

EPwm11RegsFile 
*          1    00004a00    00000100     UNINITIALIZED
                  00004a00    00000100     F2837xD_GlobalVariableDefs.obj (EPwm11RegsFile)

EPwm12RegsFile 
*          1    00004b00    00000100     UNINITIALIZED
                  00004b00    00000100     F2837xD_GlobalVariableDefs.obj (EPwm12RegsFile)

ECap1RegsFile 
*          1    00005000    00000020     UNINITIALIZED
                  00005000    00000020     F2837xD_GlobalVariableDefs.obj (ECap1RegsFile)

ECap2RegsFile 
*          1    00005020    00000020     UNINITIALIZED
                  00005020    00000020     F2837xD_GlobalVariableDefs.obj (ECap2RegsFile)

ECap3RegsFile 
*          1    00005040    00000020     UNINITIALIZED
                  00005040    00000020     F2837xD_GlobalVariableDefs.obj (ECap3RegsFile)

ECap4RegsFile 
*          1    00005060    00000020     UNINITIALIZED
                  00005060    00000020     F2837xD_GlobalVariableDefs.obj (ECap4RegsFile)

ECap5RegsFile 
*          1    00005080    00000020     UNINITIALIZED
                  00005080    00000020     F2837xD_GlobalVariableDefs.obj (ECap5RegsFile)

ECap6RegsFile 
*          1    000050a0    00000020     UNINITIALIZED
                  000050a0    00000020     F2837xD_GlobalVariableDefs.obj (ECap6RegsFile)

EQep1RegsFile 
*          1    00005100    00000022     UNINITIALIZED
                  00005100    00000022     F2837xD_GlobalVariableDefs.obj (EQep1RegsFile)

EQep2RegsFile 
*          1    00005140    00000022     UNINITIALIZED
                  00005140    00000022     F2837xD_GlobalVariableDefs.obj (EQep2RegsFile)

EQep3RegsFile 
*          1    00005180    00000022     UNINITIALIZED
                  00005180    00000022     F2837xD_GlobalVariableDefs.obj (EQep3RegsFile)

DacaRegsFile 
*          1    00005c00    00000008     UNINITIALIZED
                  00005c00    00000008     F2837xD_GlobalVariableDefs.obj (DacaRegsFile)

DacbRegsFile 
*          1    00005c10    00000008     UNINITIALIZED
                  00005c10    00000008     F2837xD_GlobalVariableDefs.obj (DacbRegsFile)

DaccRegsFile 
*          1    00005c20    00000008     UNINITIALIZED
                  00005c20    00000008     F2837xD_GlobalVariableDefs.obj (DaccRegsFile)

Cmpss1RegsFile 
*          1    00005c80    00000020     UNINITIALIZED
                  00005c80    00000020     F2837xD_GlobalVariableDefs.obj (Cmpss1RegsFile)

Cmpss2RegsFile 
*          1    00005ca0    00000020     UNINITIALIZED
                  00005ca0    00000020     F2837xD_GlobalVariableDefs.obj (Cmpss2RegsFile)

Cmpss3RegsFile 
*          1    00005cc0    00000020     UNINITIALIZED
                  00005cc0    00000020     F2837xD_GlobalVariableDefs.obj (Cmpss3RegsFile)

Cmpss4RegsFile 
*          1    00005ce0    00000020     UNINITIALIZED
                  00005ce0    00000020     F2837xD_GlobalVariableDefs.obj (Cmpss4RegsFile)

Cmpss5RegsFile 
*          1    00005d00    00000020     UNINITIALIZED
                  00005d00    00000020     F2837xD_GlobalVariableDefs.obj (Cmpss5RegsFile)

Cmpss6RegsFile 
*          1    00005d20    00000020     UNINITIALIZED
                  00005d20    00000020     F2837xD_GlobalVariableDefs.obj (Cmpss6RegsFile)

Cmpss7RegsFile 
*          1    00005d40    00000020     UNINITIALIZED
                  00005d40    00000020     F2837xD_GlobalVariableDefs.obj (Cmpss7RegsFile)

Cmpss8RegsFile 
*          1    00005d60    00000020     UNINITIALIZED
                  00005d60    00000020     F2837xD_GlobalVariableDefs.obj (Cmpss8RegsFile)

Sdfm1RegsFile 
*          1    00005e00    00000080     UNINITIALIZED
                  00005e00    00000080     F2837xD_GlobalVariableDefs.obj (Sdfm1RegsFile)

Sdfm2RegsFile 
*          1    00005e80    00000080     UNINITIALIZED
                  00005e80    00000080     F2837xD_GlobalVariableDefs.obj (Sdfm2RegsFile)

McbspaRegsFile 
*          1    00006000    00000024     UNINITIALIZED
                  00006000    00000024     F2837xD_GlobalVariableDefs.obj (McbspaRegsFile)

McbspbRegsFile 
*          1    00006040    00000024     UNINITIALIZED
                  00006040    00000024     F2837xD_GlobalVariableDefs.obj (McbspbRegsFile)

SpiaRegsFile 
*          1    00006100    00000010     UNINITIALIZED
                  00006100    00000010     F2837xD_GlobalVariableDefs.obj (SpiaRegsFile)

SpibRegsFile 
*          1    00006110    00000010     UNINITIALIZED
                  00006110    00000010     F2837xD_GlobalVariableDefs.obj (SpibRegsFile)

SpicRegsFile 
*          1    00006120    00000010     UNINITIALIZED
                  00006120    00000010     F2837xD_GlobalVariableDefs.obj (SpicRegsFile)

UppRegsFile 
*          1    00006200    00000048     UNINITIALIZED
                  00006200    00000048     F2837xD_GlobalVariableDefs.obj (UppRegsFile)

WdRegsFile 
*          1    00007000    0000002b     UNINITIALIZED
                  00007000    0000002b     F2837xD_GlobalVariableDefs.obj (WdRegsFile)

NmiIntruptRegsFile 
*          1    00007060    00000007     UNINITIALIZED
                  00007060    00000007     F2837xD_GlobalVariableDefs.obj (NmiIntruptRegsFile)

XintRegsFile 
*          1    00007070    0000000b     UNINITIALIZED
                  00007070    0000000b     F2837xD_GlobalVariableDefs.obj (XintRegsFile)

SciaRegsFile 
*          1    00007200    00000010     UNINITIALIZED
                  00007200    00000010     F2837xD_GlobalVariableDefs.obj (SciaRegsFile)

ScibRegsFile 
*          1    00007210    00000010     UNINITIALIZED
                  00007210    00000010     F2837xD_GlobalVariableDefs.obj (ScibRegsFile)

ScicRegsFile 
*          1    00007220    00000010     UNINITIALIZED
                  00007220    00000010     F2837xD_GlobalVariableDefs.obj (ScicRegsFile)

ScidRegsFile 
*          1    00007230    00000010     UNINITIALIZED
                  00007230    00000010     F2837xD_GlobalVariableDefs.obj (ScidRegsFile)

I2caRegsFile 
*          1    00007300    00000022     UNINITIALIZED
                  00007300    00000022     F2837xD_GlobalVariableDefs.obj (I2caRegsFile)

I2cbRegsFile 
*          1    00007340    00000022     UNINITIALIZED
                  00007340    00000022     F2837xD_GlobalVariableDefs.obj (I2cbRegsFile)

AdcaRegsFile 
*          1    00007400    00000080     UNINITIALIZED
                  00007400    00000080     F2837xD_GlobalVariableDefs.obj (AdcaRegsFile)

AdcbRegsFile 
*          1    00007480    00000080     UNINITIALIZED
                  00007480    00000080     F2837xD_GlobalVariableDefs.obj (AdcbRegsFile)

AdccRegsFile 
*          1    00007500    00000080     UNINITIALIZED
                  00007500    00000080     F2837xD_GlobalVariableDefs.obj (AdccRegsFile)

AdcdRegsFile 
*          1    00007580    00000080     UNINITIALIZED
                  00007580    00000080     F2837xD_GlobalVariableDefs.obj (AdcdRegsFile)

InputXbarRegsFile 
*          1    00007900    00000020     UNINITIALIZED
                  00007900    00000020     F2837xD_GlobalVariableDefs.obj (InputXbarRegsFile)

DmaClaSrcSelRegsFile 
*          1    00007980    0000001a     UNINITIALIZED
                  00007980    0000001a     F2837xD_GlobalVariableDefs.obj (DmaClaSrcSelRegsFile)

EPwmXbarRegsFile 
*          1    00007a00    00000040     UNINITIALIZED
                  00007a00    00000040     F2837xD_GlobalVariableDefs.obj (EPwmXbarRegsFile)

OutputXbarRegsFile 
*          1    00007a80    00000040     UNINITIALIZED
                  00007a80    00000040     F2837xD_GlobalVariableDefs.obj (OutputXbarRegsFile)

GpioCtrlRegsFile 
*          1    00007c00    00000180     UNINITIALIZED
                  00007c00    00000180     F2837xD_GlobalVariableDefs.obj (GpioCtrlRegsFile)

GpioDataRegsFile 
*          1    00007f00    00000030     UNINITIALIZED
                  00007f00    00000030     F2837xD_GlobalVariableDefs.obj (GpioDataRegsFile)

.econst    1    0000a800    000003a0     
                  0000a800    000001c0     F2837xD_PieVect.obj (.econst)
                  0000a9c0    00000109     kpj485_mod_ps .obj (.econst:.string)
                  0000aac9    00000001     --HOLE-- [fill = 0]
                  0000aaca    00000075     pwmsetup.obj (.econst:.string)
                  0000ab3f    00000001     --HOLE-- [fill = 0]
                  0000ab40    00000018     ustdlib.obj (.econst:.string)
                  0000ab58    00000018     ustdlib.obj (.econst:_g_psDaysToMonth)
                  0000ab70    0000000c     ustdlib.obj (.econst:_g_pfExponents)
                  0000ab7c    0000000a     ff.obj (.econst:.string)
                  0000ab86    00000008     robotis.obj (.econst:_$P$T2$3)
                  0000ab8e    00000004     serial.obj (.econst:.string)
                  0000ab92    00000002     kpj485_mod_ps .obj (.econst:.string:_$P$T0$1)
                  0000ab94    00000002     robotis.obj (.econst:.string:_$P$T0$1)
                  0000ab96    00000002     kpj485_mod_ps .obj (.econst:.string:_$P$T1$2)
                  0000ab98    00000002     robotis.obj (.econst:.string:_$P$T1$2)
                  0000ab9a    00000002     kpj485_mod_ps .obj (.econst:.string:_$P$T2$3)
                  0000ab9c    00000002     kpj485_mod_ps .obj (.econst:.string:_$P$T3$4)
                  0000ab9e    00000002     ustdlib.obj (.econst)

.sysmem    1    0000c000    00001000     UNINITIALIZED
                  0000c000    00000001     rts2800_fpu32.lib : memory.obj (.sysmem)
                  0000c001    00000fff     --HOLE--

.stack     1    0000d000    00001000     UNINITIALIZED
                  0000d000    00001000     --HOLE--

.ebss.1    1    00012000    00000f80     UNINITIALIZED
                  00012000    00000880     serial.obj (.ebss)
                  00012880    00000618     kpj485_mod_ps .obj (.ebss)
                  00012e98    00000018     F2837xD_CpuTimers.obj (.ebss)
                  00012eb0    00000008     rts2800_fpu32.lib : memory.obj (.ebss)
                  00012eb8    00000008                       : trgdrv.obj (.ebss)
                  00012ec0    00000088                       : lowlev.obj (.ebss)
                  00012f48    00000012     cmdline.obj (.ebss)
                  00012f5a    00000012     robotis.obj (.ebss)
                  00012f6c    00000006     ff.obj (.ebss)
                  00012f72    00000005     mmc-F2837x.obj (.ebss)
                  00012f77    00000001     ustdlib.obj (.ebss)
                  00012f78    00000004     rts2800_fpu32.lib : _lock.obj (.ebss)
                  00012f7c    00000004                       : exit.obj (.ebss)

.ebss.2    1    00016000    0000016f     UNINITIALIZED
                  00016000    0000016f     pwmsetup.obj (.ebss)

.ebss.3    1    00016180    00000160     UNINITIALIZED
                  00016180    00000160     rts2800_fpu32.lib : defs.obj (.ebss)

Emif1RegsFile 
*          1    00047000    00000070     UNINITIALIZED
                  00047000    00000070     F2837xD_GlobalVariableDefs.obj (Emif1RegsFile)

Emif2RegsFile 
*          1    00047800    00000070     UNINITIALIZED
                  00047800    00000070     F2837xD_GlobalVariableDefs.obj (Emif2RegsFile)

IpcRegsFile 
*          1    00050000    00000024     UNINITIALIZED
                  00050000    00000024     F2837xD_GlobalVariableDefs.obj (IpcRegsFile)

DevCfgRegsFile 
*          1    0005d000    0000012e     UNINITIALIZED
                  0005d000    0000012e     F2837xD_GlobalVariableDefs.obj (DevCfgRegsFile)

AnalogSubsysRegsFile 
*          1    0005d180    00000048     UNINITIALIZED
                  0005d180    00000048     F2837xD_GlobalVariableDefs.obj (AnalogSubsysRegsFile)

ClkCfgRegsFile 
*          1    0005d200    00000032     UNINITIALIZED
                  0005d200    00000032     F2837xD_GlobalVariableDefs.obj (ClkCfgRegsFile)

CpuSysRegsFile 
*          1    0005d300    00000082     UNINITIALIZED
                  0005d300    00000082     F2837xD_GlobalVariableDefs.obj (CpuSysRegsFile)

RomPrefetchRegsFile 
*          1    0005e608    00000002     UNINITIALIZED
                  0005e608    00000002     F2837xD_GlobalVariableDefs.obj (RomPrefetchRegsFile)

DcsmZ1RegsFile 
*          1    0005f000    00000024     UNINITIALIZED
                  0005f000    00000024     F2837xD_GlobalVariableDefs.obj (DcsmZ1RegsFile)

DcsmZ2RegsFile 
*          1    0005f040    00000024     UNINITIALIZED
                  0005f040    00000024     F2837xD_GlobalVariableDefs.obj (DcsmZ2RegsFile)

DcsmCommonRegsFile 
*          1    0005f070    00000008     UNINITIALIZED
                  0005f070    00000008     F2837xD_GlobalVariableDefs.obj (DcsmCommonRegsFile)

MemCfgRegsFile 
*          1    0005f400    00000080     UNINITIALIZED
                  0005f400    00000080     F2837xD_GlobalVariableDefs.obj (MemCfgRegsFile)

Emif1ConfigRegsFile 
*          1    0005f480    00000020     UNINITIALIZED
                  0005f480    00000020     F2837xD_GlobalVariableDefs.obj (Emif1ConfigRegsFile)

Emif2ConfigRegsFile 
*          1    0005f4a0    00000020     UNINITIALIZED
                  0005f4a0    00000020     F2837xD_GlobalVariableDefs.obj (Emif2ConfigRegsFile)

AccessProtectionRegsFile 
*          1    0005f4c0    00000040     UNINITIALIZED
                  0005f4c0    00000040     F2837xD_GlobalVariableDefs.obj (AccessProtectionRegsFile)

MemoryErrorRegsFile 
*          1    0005f500    00000040     UNINITIALIZED
                  0005f500    00000040     F2837xD_GlobalVariableDefs.obj (MemoryErrorRegsFile)

RomWaitStateRegsFile 
*          1    0005f540    00000002     UNINITIALIZED
                  0005f540    00000002     F2837xD_GlobalVariableDefs.obj (RomWaitStateRegsFile)

Flash0CtrlRegsFile 
*          1    0005f800    00000182     UNINITIALIZED
                  0005f800    00000182     F2837xD_GlobalVariableDefs.obj (Flash0CtrlRegsFile)

Flash0EccRegsFile 
*          1    0005fb00    00000028     UNINITIALIZED
                  0005fb00    00000028     F2837xD_GlobalVariableDefs.obj (Flash0EccRegsFile)

DcsmZ1OtpFile 
*          1    00078000    00000020     NOLOAD SECTION
                  00078000    00000020     F2837xD_GlobalVariableDefs.obj (DcsmZ1OtpFile)

DcsmZ2OtpFile 
*          1    00078200    00000020     NOLOAD SECTION
                  00078200    00000020     F2837xD_GlobalVariableDefs.obj (DcsmZ2OtpFile)


GLOBAL DATA SYMBOLS: SORTED BY DATA PAGE

address     data page           name
--------    ----------------    ----
00000002       0 (00000000)     _XbarRegs
00000022       0 (00000000)     _SyncSocRegs
00000028       0 (00000000)     _FlashPumpSemaphoreRegs

00000400      10 (00000400)     __CIOBUF_

00000b00      2c (00000b00)     _AdcaResultRegs
00000b20      2c (00000b00)     _AdcbResultRegs

00000b40      2d (00000b40)     _AdccResultRegs
00000b60      2d (00000b40)     _AdcdResultRegs

00000c00      30 (00000c00)     _CpuTimer0Regs
00000c08      30 (00000c00)     _CpuTimer1Regs
00000c10      30 (00000c00)     _CpuTimer2Regs

00000ce0      33 (00000cc0)     _Cla1SoftIntRegs
00000ce0      33 (00000cc0)     _PieCtrlRegs

00000d00      34 (00000d00)     _EmuKey
00000d00      34 (00000d00)     _PieVectTable
00000d01      34 (00000d00)     _EmuBMode

00001000      40 (00001000)     _DmaRegs

00001400      50 (00001400)     _Cla1Regs

00004000     100 (00004000)     _EPwm1Regs

00004100     104 (00004100)     _EPwm2Regs

00004200     108 (00004200)     _EPwm3Regs

00004300     10c (00004300)     _EPwm4Regs

00004400     110 (00004400)     _EPwm5Regs

00004500     114 (00004500)     _EPwm6Regs

00004600     118 (00004600)     _EPwm7Regs

00004700     11c (00004700)     _EPwm8Regs

00004800     120 (00004800)     _EPwm9Regs

00004900     124 (00004900)     _EPwm10Regs

00004a00     128 (00004a00)     _EPwm11Regs

00004b00     12c (00004b00)     _EPwm12Regs

00005000     140 (00005000)     _ECap1Regs
00005020     140 (00005000)     _ECap2Regs

00005040     141 (00005040)     _ECap3Regs
00005060     141 (00005040)     _ECap4Regs

00005080     142 (00005080)     _ECap5Regs
000050a0     142 (00005080)     _ECap6Regs

00005100     144 (00005100)     _EQep1Regs

00005140     145 (00005140)     _EQep2Regs

00005180     146 (00005180)     _EQep3Regs

00005c00     170 (00005c00)     _DacaRegs
00005c10     170 (00005c00)     _DacbRegs
00005c20     170 (00005c00)     _DaccRegs

00005c80     172 (00005c80)     _Cmpss1Regs
00005ca0     172 (00005c80)     _Cmpss2Regs

00005cc0     173 (00005cc0)     _Cmpss3Regs
00005ce0     173 (00005cc0)     _Cmpss4Regs

00005d00     174 (00005d00)     _Cmpss5Regs
00005d20     174 (00005d00)     _Cmpss6Regs

00005d40     175 (00005d40)     _Cmpss7Regs
00005d60     175 (00005d40)     _Cmpss8Regs

00005e00     178 (00005e00)     _Sdfm1Regs

00005e80     17a (00005e80)     _Sdfm2Regs

00006000     180 (00006000)     _McbspaRegs

00006040     181 (00006040)     _McbspbRegs

00006100     184 (00006100)     _SpiaRegs
00006110     184 (00006100)     _SpibRegs
00006120     184 (00006100)     _SpicRegs

00006200     188 (00006200)     _UppRegs

00007000     1c0 (00007000)     _WdRegs

00007060     1c1 (00007040)     _NmiIntruptRegs
00007070     1c1 (00007040)     _XintRegs

00007200     1c8 (00007200)     _SciaRegs
00007210     1c8 (00007200)     _ScibRegs
00007220     1c8 (00007200)     _ScicRegs
00007230     1c8 (00007200)     _ScidRegs

00007300     1cc (00007300)     _I2caRegs

00007340     1cd (00007340)     _I2cbRegs

00007400     1d0 (00007400)     _AdcaRegs

00007480     1d2 (00007480)     _AdcbRegs

00007500     1d4 (00007500)     _AdccRegs

00007580     1d6 (00007580)     _AdcdRegs

00007900     1e4 (00007900)     _InputXbarRegs

00007980     1e6 (00007980)     _DmaClaSrcSelRegs

00007a00     1e8 (00007a00)     _EPwmXbarRegs

00007a80     1ea (00007a80)     _OutputXbarRegs

00007c00     1f0 (00007c00)     _GpioCtrlRegs

00007f00     1fc (00007f00)     _GpioDataRegs

0000a800     2a0 (0000a800)     _PieVectTableInit

0000c000     300 (0000c000)     __sys_memory

0000d000     340 (0000d000)     __stack

00012000     480 (00012000)     _rdata
00012001     480 (00012000)     _c_ui16UARTRxReadIndex
00012002     480 (00012000)     _atxing
00012003     480 (00012000)     _d_ui16UARTRxWriteIndex
00012004     480 (00012000)     _d_ui16UARTTxWriteIndex
00012005     480 (00012000)     _d_ui16UARTTxReadIndex
00012006     480 (00012000)     _b_ui16UARTRxReadIndex
00012007     480 (00012000)     _graphdata
00012009     480 (00012000)     _b_ui16UARTRxWriteIndex
0001200a     480 (00012000)     _rdata_pointA
0001200b     480 (00012000)     _c_ui16UARTRxWriteIndex
0001200c     480 (00012000)     _c_ui16UARTTxWriteIndex
0001200d     480 (00012000)     _c_ui16UARTTxReadIndex
0001200e     480 (00012000)     _wfrcvnum
0001200f     480 (00012000)     _ecing
00012010     480 (00012000)     _bufc
00012011     480 (00012000)     _ATcnt2
00012012     480 (00012000)     _lengscib
00012013     480 (00012000)     _wfing
00012014     480 (00012000)     _ATcnt
00012015     480 (00012000)     _SCI_PRDa
00012016     480 (00012000)     _SCI_PRDb
00012017     480 (00012000)     _d_ui16UARTRxReadIndex
00012018     480 (00012000)     _bufa
00012019     480 (00012000)     _bufb
0001201a     480 (00012000)     _SCI_PRDc
0001201b     480 (00012000)     _SCI_PRDd
0001201c     480 (00012000)     _a_ui16UARTRxWriteIndex
0001201e     480 (00012000)     _a_ui16UARTRxReadIndex
0001201f     480 (00012000)     _b_ui16UARTTxWriteIndex
00012021     480 (00012000)     _b_ui16UARTTxReadIndex
00012022     480 (00012000)     _a_ui16UARTTxWriteIndex
00012024     480 (00012000)     _a_ui16UARTTxReadIndex
00012026     480 (00012000)     _LSPCLK_FREQ
00012028     480 (00012000)     _SCI_FREQ
0001202a     480 (00012000)     _dx_baud
0001202c     480 (00012000)     _CPU_FREQ
0001202e     480 (00012000)     _trdelay
00012030     480 (00012000)     _SCI_FREQd
00012032     480 (00012000)     _SCI_FREQc
00012034     480 (00012000)     _SCI_FREQb
00012036     480 (00012000)     _SCI_FREQa

00012040     481 (00012040)     _rdataA
00012050     481 (00012040)     _sdataA

00012080     482 (00012080)     _b_pcUARTTxBuffer

00012180     486 (00012180)     _b_pcUARTRxBuffer

00012280     48a (00012280)     _a_pcUARTTxBuffer

00012380     48e (00012380)     _a_pcUARTRxBuffer

00012480     492 (00012480)     _d_pcUARTTxBuffer

00012580     496 (00012580)     _d_pcUARTRxBuffer

00012680     49a (00012680)     _c_pcUARTTxBuffer

00012780     49e (00012780)     _c_pcUARTRxBuffer

00012880     4a2 (00012880)     _k
00012881     4a2 (00012880)     _uid
00012882     4a2 (00012880)     _cmd
00012883     4a2 (00012880)     _sdnum
00012884     4a2 (00012880)     _sdinitflag
00012885     4a2 (00012880)     _bufferFull
00012886     4a2 (00012880)     _spfout
00012887     4a2 (00012880)     _numoutsd
00012888     4a2 (00012880)     _resultsIndex
00012889     4a2 (00012880)     _j
0001288a     4a2 (00012880)     _testcnt
0001288b     4a2 (00012880)     _writeflag
0001288c     4a2 (00012880)     _sleng
0001288d     4a2 (00012880)     _mt
0001288e     4a2 (00012880)     _done
0001288f     4a2 (00012880)     _rcvid
00012890     4a2 (00012880)     _aben_p
00012891     4a2 (00012880)     _atpntflag
00012892     4a2 (00012880)     _rcvnum
00012893     4a2 (00012880)     _autoloop
00012894     4a2 (00012880)     _ledonoff
00012895     4a2 (00012880)     _rcvflag
00012896     4a2 (00012880)     _err
00012897     4a2 (00012880)     _find
00012898     4a2 (00012880)     _toen
00012899     4a2 (00012880)     _aben_t
0001289a     4a2 (00012880)     _ATmode
0001289b     4a2 (00012880)     _rcvsuc
0001289c     4a2 (00012880)     _test
0001289d     4a2 (00012880)     _rcvstart
0001289e     4a2 (00012880)     _fresult
000128a0     4a2 (00012880)     _dtxbuf
000128a2     4a2 (00012880)     _ltraold
000128a4     4a2 (00012880)     _rtraold
000128a6     4a2 (00012880)     _rtra
000128a8     4a2 (00012880)     _ttrar
000128aa     4a2 (00012880)     _ltra
000128ac     4a2 (00012880)     _ttra
000128ae     4a2 (00012880)     _intogo
000128b0     4a2 (00012880)     _intovel
000128b2     4a2 (00012880)     _degtogo
000128b4     4a2 (00012880)     _curtime
000128b6     4a2 (00012880)     _excutetime
000128b8     4a2 (00012880)     _prevtime
000128ba     4a2 (00012880)     _t
000128bc     4a2 (00012880)     _endtime
000128be     4a2 (00012880)     _degpel

000128c0     4a3 (000128c0)     _degknee
000128c2     4a3 (000128c0)     _pi
000128c4     4a3 (000128c0)     _temp2
000128c6     4a3 (000128c0)     _filsize
000128c8     4a3 (000128c0)     _temp
000128ca     4a3 (000128c0)     _p
000128cf     4a3 (000128c0)     _itoabuf
000128d4     4a3 (000128c0)     _itoabuf2
000128da     4a3 (000128c0)     _initpos
000128e2     4a3 (000128c0)     _dir
000128ea     4a3 (000128c0)     _oset2
000128f2     4a3 (000128c0)     _p2

00012900     4a4 (00012900)     _goalpos
00012908     4a4 (00012900)     _goalpos2
00012910     4a4 (00012900)     _oset
00012918     4a4 (00012900)     _traj
00012920     4a4 (00012900)     _posint
00012928     4a4 (00012900)     _obs
00012932     4a4 (00012900)     _epwm4_info

00012940     4a5 (00012940)     _epwm3_info
0001294a     4a5 (00012940)     _epwm1_info
00012954     4a5 (00012940)     _posavg
00012964     4a5 (00012940)     _pos

00012980     4a6 (00012980)     _AdcaResults

000129c0     4a7 (000129c0)     _rdsd

00012a00     4a8 (00012a00)     _bufsd

00012a40     4a9 (00012a40)     _fil

00012e98     4ba (00012e80)     _CpuTimer1
00012ea0     4ba (00012e80)     _CpuTimer2
00012ea8     4ba (00012e80)     _CpuTimer0

00012f5a     4bd (00012f40)     _releng
00012f5c     4bd (00012f40)     _gearrt
00012f78     4bd (00012f40)     __unlock
00012f7a     4bd (00012f40)     __lock
00012f7c     4bd (00012f40)     ___TI_cleanup_ptr
00012f7e     4bd (00012f40)     ___TI_dtors_ptr

00016000     580 (00016000)     _enar
00016001     580 (00016000)     _duty16
00016002     580 (00016000)     _dir1
00016003     580 (00016000)     _ena
00016004     580 (00016000)     _period
00016005     580 (00016000)     _enal
00016006     580 (00016000)     _target_t
00016007     580 (00016000)     _absen
00016008     580 (00016000)     _absout
00016009     580 (00016000)     _target_p
0001600a     580 (00016000)     _rst
0001600b     580 (00016000)     _slp
0001600c     580 (00016000)     _dir2
0001600d     580 (00016000)     _numout
0001600e     580 (00016000)     _initonce
0001600f     580 (00016000)     _cmd2
00016010     580 (00016000)     _sdcmd
00016012     580 (00016000)     _mxbuf
00016014     580 (00016000)     _btxbuf
00016016     580 (00016000)     _mxrbuf
00016018     580 (00016000)     _token
0001601a     580 (00016000)     _desvl
0001601c     580 (00016000)     _desv
0001601e     580 (00016000)     _pwmtimer1
00016020     580 (00016000)     _desvr
00016022     580 (00016000)     _duty
00016024     580 (00016000)     _tempa
00016026     580 (00016000)     _cmdbuf
00016028     580 (00016000)     _cmdbuf2
0001602a     580 (00016000)     _printbuf
0001602c     580 (00016000)     _absbuf
00016031     580 (00016000)     _absbuf2

00016040     581 (00016040)     _mxr
0001604e     581 (00016040)     _mxl
0001605c     581 (00016040)     _wizfi

00016080     582 (00016080)     _dxl

000160c0     583 (000160c0)     _gps

00016100     584 (00016100)     _imu

00016180     586 (00016180)     ___TI_ft_end

000161c0     587 (000161c0)     __ftable

00016240     589 (00016240)     ___TI_tmpnams

00047000    11c0 (00047000)     _Emif1Regs

00047800    11e0 (00047800)     _Emif2Regs

00050000    1400 (00050000)     _IpcRegs

0005d000    1740 (0005d000)     _DevCfgRegs

0005d180    1746 (0005d180)     _AnalogSubsysRegs

0005d200    1748 (0005d200)     _ClkCfgRegs

0005d300    174c (0005d300)     _CpuSysRegs

0005e608    1798 (0005e600)     _RomPrefetchRegs

0005f000    17c0 (0005f000)     _DcsmZ1Regs

0005f040    17c1 (0005f040)     _DcsmZ2Regs
0005f070    17c1 (0005f040)     _DcsmCommonRegs

0005f400    17d0 (0005f400)     _MemCfgRegs

0005f480    17d2 (0005f480)     _Emif1ConfigRegs
0005f4a0    17d2 (0005f480)     _Emif2ConfigRegs

0005f4c0    17d3 (0005f4c0)     _AccessProtectionRegs

0005f500    17d4 (0005f500)     _MemoryErrorRegs

0005f540    17d5 (0005f540)     _RomWaitStateRegs

0005f800    17e0 (0005f800)     _Flash0CtrlRegs

0005fb00    17ec (0005fb00)     _Flash0EccRegs

00078000    1e00 (00078000)     _DcsmZ1Otp

00078200    1e08 (00078200)     _DcsmZ2Otp


GLOBAL SYMBOLS: SORTED ALPHABETICALLY BY Name 

address    name
--------   ----
ffffffff   .text
00009f80   C$$EXIT
00000378   C$$IO$$
0000b725   FS$$DIV
00009fa5   U$$DIV
00009faa   U$$MOD
000088be   _ADCA1_ISR
00008b3e   _ADCA2_ISR
00008b48   _ADCA3_ISR
00008b52   _ADCA4_ISR
00008b34   _ADCA_EVT_ISR
000088c8   _ADCB1_ISR
00008b66   _ADCB2_ISR
00008b70   _ADCB3_ISR
00008b7a   _ADCB4_ISR
00008b5c   _ADCB_EVT_ISR
000088d2   _ADCC1_ISR
00008cce   _ADCC2_ISR
00008cd8   _ADCC3_ISR
00008ce2   _ADCC4_ISR
00008cc4   _ADCC_EVT_ISR
000088f0   _ADCD1_ISR
00008cf6   _ADCD2_ISR
00008d00   _ADCD3_ISR
00008d0a   _ADCD4_ISR
00008cec   _ADCD_EVT_ISR
00012014   _ATcnt
00012011   _ATcnt2
0001289a   _ATmode
00009502   _ATpnt
00008d46   _AUX_PLL_SLIP_ISR
0005f4c0   _AccessProtectionRegs
00015f0c   _AdcSetMode
00007400   _AdcaRegs
00000b00   _AdcaResultRegs
00012980   _AdcaResults
00007480   _AdcbRegs
00000b20   _AdcbResultRegs
00007500   _AdccRegs
00000b40   _AdccResultRegs
00007580   _AdcdRegs
00000b60   _AdcdResultRegs
0005d180   _AnalogSubsysRegs
00015a26   _AuxAuxClkSel
00015a10   _AuxIntOsc2Sel
00015a1a   _AuxXtalOscSel
00008b0c   _CANA0_ISR
00008b16   _CANA1_ISR
00008b20   _CANB0_ISR
00008b2a   _CANB1_ISR
00008b84   _CLA1_1_ISR
00008b8e   _CLA1_2_ISR
00008b98   _CLA1_3_ISR
00008ba2   _CLA1_4_ISR
00008bac   _CLA1_5_ISR
00008bb6   _CLA1_6_ISR
00008bc0   _CLA1_7_ISR
00008bca   _CLA1_8_ISR
00008d50   _CLA_OVERFLOW_ISR
00008d5a   _CLA_UNDERFLOW_ISR
0001202c   _CPU_FREQ
00015faf   _CalAdcINL
00001400   _Cla1Regs
00000ce0   _Cla1SoftIntRegs
0005d200   _ClkCfgRegs
00005c80   _Cmpss1Regs
00005ca0   _Cmpss2Regs
00005cc0   _Cmpss3Regs
00005ce0   _Cmpss4Regs
00005d00   _Cmpss5Regs
00005d20   _Cmpss6Regs
00005d40   _Cmpss7Regs
00005d60   _Cmpss8Regs
00008793   _ConfigCpuTimer
000092e1   _ConfigureADC
0000932e   _ConfigureGPIO
0005d300   _CpuSysRegs
00012ea8   _CpuTimer0
00000c00   _CpuTimer0Regs
00012e98   _CpuTimer1
00000c08   _CpuTimer1Regs
00012ea0   _CpuTimer2
00000c10   _CpuTimer2Regs
000159cf   _CsmUnlock
00008814   _DATALOG_ISR
00008a58   _DMA_CH1_ISR
00008a62   _DMA_CH2_ISR
00008a6c   _DMA_CH3_ISR
00008a76   _DMA_CH4_ISR
00008a80   _DMA_CH5_ISR
00008a8a   _DMA_CH6_ISR
00005c00   _DacaRegs
00005c10   _DacbRegs
00005c20   _DaccRegs
0005f070   _DcsmCommonRegs
00078000   _DcsmZ1Otp
0005f000   _DcsmZ1Regs
00078200   _DcsmZ2Otp
0005f040   _DcsmZ2Regs
0005d000   _DevCfgRegs
00015833   _DisableDog
000157f4   _DisablePeripheralClocks
00007980   _DmaClaSrcSelRegs
00001000   _DmaRegs
000089ae   _ECAP1_ISR
000089b8   _ECAP2_ISR
000089c2   _ECAP3_ISR
000089cc   _ECAP4_ISR
000089d6   _ECAP5_ISR
000089e0   _ECAP6_ISR
00005000   _ECap1Regs
00005020   _ECap2Regs
00005040   _ECap3Regs
00005060   _ECap4Regs
00005080   _ECap5Regs
000050a0   _ECap6Regs
00008d14   _EMIF_ERROR_ISR
00008d6e   _EMPTY_ISR
00008828   _EMU_ISR
00008c6a   _EPWM10_ISR
00008c42   _EPWM10_TZ_ISR
00008c74   _EPWM11_ISR
00008c4c   _EPWM11_TZ_ISR
00008c7e   _EPWM12_ISR
00008c56   _EPWM12_TZ_ISR
0000895e   _EPWM1_ISR
0000890e   _EPWM1_TZ_ISR
00008968   _EPWM2_ISR
00008918   _EPWM2_TZ_ISR
00008972   _EPWM3_ISR
00008922   _EPWM3_TZ_ISR
0000897c   _EPWM4_ISR
0000892c   _EPWM4_TZ_ISR
00008986   _EPWM5_ISR
00008936   _EPWM5_TZ_ISR
00008990   _EPWM6_ISR
00008940   _EPWM6_TZ_ISR
0000899a   _EPWM7_ISR
0000894a   _EPWM7_TZ_ISR
000089a4   _EPWM8_ISR
00008954   _EPWM8_TZ_ISR
00008c60   _EPWM9_ISR
00008c38   _EPWM9_TZ_ISR
00004900   _EPwm10Regs
00004a00   _EPwm11Regs
00004b00   _EPwm12Regs
00004000   _EPwm1Regs
00004100   _EPwm2Regs
00004200   _EPwm3Regs
00004300   _EPwm4Regs
00004400   _EPwm5Regs
00004500   _EPwm6Regs
00004600   _EPwm7Regs
00004700   _EPwm8Regs
00004800   _EPwm9Regs
00007a00   _EPwmXbarRegs
000089ea   _EQEP1_ISR
000089f4   _EQEP2_ISR
000089fe   _EQEP3_ISR
00005100   _EQep1Regs
00005140   _EQep2Regs
00005180   _EQep3Regs
0005f480   _Emif1ConfigRegs
00047000   _Emif1Regs
0005f4a0   _Emif2ConfigRegs
00047800   _Emif2Regs
00000d01   _EmuBMode
00000d00   _EmuKey
0000b7cc   _EnableInterrupts
000003fc   _F28x_usDelay
00008d28   _FLASH_CORRECTABLE_ERROR_ISR
00008bfc   _FPU_OVERFLOW_ISR
00008c06   _FPU_UNDERFLOW_ISR
0005f800   _Flash0CtrlRegs
0005fb00   _Flash0EccRegs
00000028   _FlashPumpSemaphoreRegs
00008f84   _GPIO_EnableUnbondedIOPullups
00008f5f   _GPIO_EnableUnbondedIOPullupsFor100Pin
00008f46   _GPIO_EnableUnbondedIOPullupsFor176Pin
00008f9a   _GPIO_ReadPin
00008eec   _GPIO_SetupLock
00008dc5   _GPIO_SetupPinMux
00008e56   _GPIO_SetupPinOptions
00008f14   _GPIO_SetupXINT1Gpio
00008f1e   _GPIO_SetupXINT2Gpio
00008f28   _GPIO_SetupXINT3Gpio
00008f32   _GPIO_SetupXINT4Gpio
00008f3c   _GPIO_SetupXINT5Gpio
00008fb1   _GPIO_WritePin
00007c00   _GpioCtrlRegs
00007f00   _GpioDataRegs
00015a44   _HALT
00015a5d   _HIB
00009f3c   _HOSTclock
00009f12   _HOSTclose
00009ee8   _HOSTgetenv
00009e9b   _HOSTlseek
00009e5c   _HOSTopen
00009e1e   _HOSTread
00009de0   _HOSTrename
00009db5   _HOSTtime
00009d8d   _HOSTunlink
00009d56   _HOSTwrite
00008a9e   _I2CA_FIFO_ISR
00008a94   _I2CA_ISR
00008ab2   _I2CB_FIFO_ISR
00008aa8   _I2CB_ISR
00007300   _I2caRegs
00007340   _I2cbRegs
00015a30   _IDLE
0000883c   _ILLEGAL_ISR
00008c10   _IPC0_ISR
00008c1a   _IPC1_ISR
00008c24   _IPC2_ISR
00008c2e   _IPC3_ISR
00015907   _InitAuxPll
00008752   _InitCpuTimers
00008718   _InitEPwm10Gpio
0000872b   _InitEPwm11Gpio
0000873f   _InitEPwm12Gpio
0000a428   _InitEPwm1Example
0000866e   _InitEPwm1Gpio
0000a485   _InitEPwm2Example
00008680   _InitEPwm2Gpio
0000a4e2   _InitEPwm3Example
00008692   _InitEPwm3Gpio
0000a53f   _InitEPwm4Example
000086a6   _InitEPwm4Gpio
000086ba   _InitEPwm5Gpio
000086cc   _InitEPwm6Gpio
0000a59c   _InitEPwm7Example
000086de   _InitEPwm7Gpio
000086f2   _InitEPwm8Gpio
00008706   _InitEPwm9Gpio
00008655   _InitEPwmGpio
0000a5f5   _InitEPwmvariable
00008d85   _InitGpio
00015770   _InitPeripheralClocks
0000b7ad   _InitPieCtrl
0000b7d5   _InitPieVectTable
0001573f   _InitSysCtrl
00015841   _InitSysPll
00007900   _InputXbarRegs
000087f0   _IntDefaultHandler
000170c9   _IntDisable
00017032   _IntEnable
0001714d   _IntIFRClear
00017005   _IntMasterDisable
00017000   _IntMasterEnable
0001700a   _IntRegister
0001701d   _IntUnregister
00050000   _IpcRegs
00009ac5   _IsBufferEmpty
00009aad   _IsBufferFull
00012026   _LSPCLK_FREQ
00008a30   _MCBSPA_RX_ISR
00008a3a   _MCBSPA_TX_ISR
00008a44   _MCBSPB_RX_ISR
00008a4e   _MCBSPB_TX_ISR
00006000   _McbspaRegs
00006040   _McbspbRegs
0005f400   _MemCfgRegs
0005f500   _MemoryErrorRegs
00008832   _NMI_ISR
00008d7b   _NOTUSED_ISR
00007060   _NmiIntruptRegs
00007a80   _OutputXbarRegs
00008d64   _PIE_RESERVED_ISR
00000ce0   _PieCtrlRegs
00000d00   _PieVectTable
0000a800   _PieVectTableInit
00008d32   _RAM_ACCESS_VIOLATION_ISR
00008d1e   _RAM_CORRECTABLE_ERROR_ISR
0000881e   _RTOS_ISR
0001581b   _ReleaseFlashPump
0005e608   _RomPrefetchRegs
0005f540   _RomWaitStateRegs
00008ae4   _SCIA_RX_ISR
00008aee   _SCIA_TX_ISR
00008af8   _SCIB_RX_ISR
00008b02   _SCIB_TX_ISR
00008abc   _SCIC_RX_ISR
00008ac6   _SCIC_TX_ISR
00008ad0   _SCID_RX_ISR
00008ada   _SCID_TX_ISR
00012028   _SCI_FREQ
00012036   _SCI_FREQa
00012034   _SCI_FREQb
00012032   _SCI_FREQc
00012030   _SCI_FREQd
00012015   _SCI_PRDa
00012016   _SCI_PRDb
0001201a   _SCI_PRDc
0001201b   _SCI_PRDd
00008c88   _SD1_ISR
00008c92   _SD2_ISR
00008a08   _SPIA_RX_ISR
00008a12   _SPIA_TX_ISR
00008a1c   _SPIB_RX_ISR
00008a26   _SPIB_TX_ISR
00008c9c   _SPIC_RX_ISR
00008ca6   _SPIC_TX_ISR
00015a39   _STANDBY
00008d3c   _SYS_PLL_SLIP_ISR
00007200   _SciaRegs
00007210   _ScibRegs
00007220   _ScicRegs
00007230   _ScidRegs
00005e00   _Sdfm1Regs
00005e80   _Sdfm2Regs
0001580c   _SeizeFlashPump
00015825   _ServiceDog
000092fc   _SetupADCEpwm
00006100   _SpiaRegs
00006110   _SpibRegs
00006120   _SpicRegs
00000022   _SyncSocRegs
000159f0   _SysIntOsc1Sel
000159fa   _SysIntOsc2Sel
00015a04   _SysXtalOscSel
000088fa   _TIMER0_ISR
00008800   _TIMER1_ISR
0000880a   _TIMER2_ISR
00009a35   _UARTIntclear
00009c9a   _UARTPeek
00009aeb   _UARTPrimeTransmit
00009c36   _UARTgetc
00009b8d   _UARTgets
00008cb0   _UPPA_ISR
00008cba   _USBA_ISR
000088a0   _USER10_ISR
000088aa   _USER11_ISR
000088b4   _USER12_ISR
00008846   _USER1_ISR
00008850   _USER2_ISR
0000885a   _USER3_ISR
00008864   _USER4_ISR
0000886e   _USER5_ISR
00008878   _USER6_ISR
00008882   _USER7_ISR
0000888c   _USER8_ISR
00008896   _USER9_ISR
00006200   _UppRegs
00008bf2   _VCU_ISR
00008904   _WAKE_ISR
00007000   _WdRegs
000088dc   _XINT1_ISR
000088e6   _XINT2_ISR
00008bd4   _XINT3_ISR
00008bde   _XINT4_ISR
00008be8   _XINT5_ISR
00000002   _XbarRegs
00007070   _XintRegs
00000400   __CIOBUF_
0000e000   __STACK_END
00001000   __STACK_SIZE
00001000   __SYSMEM_SIZE
00000001   __TI_args_main
00012f7c   ___TI_cleanup_ptr
00009775   ___TI_doflush
00012f7e   ___TI_dtors_ptr
00016180   ___TI_ft_end
0000037c   ___TI_readmsg
00016240   ___TI_tmpnams
00000328   ___TI_writemsg
ffffffff   ___binit__
ffffffff   ___c_args__
00000122   ___cinit__
ffffffff   ___etext__
000087cf   ___memcpy_ff
ffffffff   ___pinit__
ffffffff   ___text__
00009f67   __args_main
000161c0   __ftable
00012f7a   __lock
00009fc2   __nop
00009fbe   __register_lock
00009fba   __register_unlock
0000d000   __stack
0000c000   __sys_memory
00012f78   __unlock
00012380   _a_pcUARTRxBuffer
00012280   _a_pcUARTTxBuffer
0001201e   _a_ui16UARTRxReadIndex
0001201c   _a_ui16UARTRxWriteIndex
00012024   _a_ui16UARTTxReadIndex
00012022   _a_ui16UARTTxWriteIndex
00012890   _aben_p
00012899   _aben_t
00009f80   _abort
0001602c   _absbuf
00016031   _absbuf2
00016007   _absen
00016008   _absout
000155dd   _adca1_isr
000096f7   _add_device
00012891   _atpntflag
00012002   _atxing
00012893   _autoloop
00012180   _b_pcUARTRxBuffer
00012080   _b_pcUARTTxBuffer
00012006   _b_ui16UARTRxReadIndex
00012009   _b_ui16UARTRxWriteIndex
00012021   _b_ui16UARTTxReadIndex
0001201f   _b_ui16UARTTxWriteIndex
00016014   _btxbuf
00012018   _bufa
00012019   _bufb
00012010   _bufc
00012885   _bufferFull
00012a00   _bufsd
000150b8   _bulkreaddx
000003b6   _c_int00
00012780   _c_pcUARTRxBuffer
00012680   _c_pcUARTTxBuffer
00012001   _c_ui16UARTRxReadIndex
0001200b   _c_ui16UARTRxWriteIndex
0001200d   _c_ui16UARTTxReadIndex
0001200c   _c_ui16UARTTxWriteIndex
00015ef4   _calloc
0000a618   _checkrxd
00015ef2   _chkheap
000096c5   _close
00012882   _cmd
0001600f   _cmd2
00016026   _cmdbuf
00016028   _cmdbuf2
000153e4   _cpu_timer0_isr
0001561e   _cpu_timer1_isr
000128b4   _curtime
00012580   _d_pcUARTRxBuffer
00012480   _d_pcUARTTxBuffer
00012017   _d_ui16UARTRxReadIndex
00012003   _d_ui16UARTRxWriteIndex
00012005   _d_ui16UARTTxReadIndex
00012004   _d_ui16UARTTxWriteIndex
000128c0   _degknee
000128be   _degpel
000128b2   _degtogo
0001601c   _desv
0001601a   _desvl
00016020   _desvr
000128e2   _dir
00016002   _dir1
0001600c   _dir2
0000a1d1   _disk_initialize
0000a33c   _disk_ioctl
0000a296   _disk_read
0000a28b   _disk_status
0000a412   _disk_timerproc
0000a2df   _disk_write
0001288e   _done
000128a0   _dtxbuf
00016022   _duty
00016001   _duty16
0001202a   _dx_baud
00016080   _dxl
0001200f   _ecing
00016003   _ena
00016005   _enal
00016000   _enar
000128bc   _endtime
0001294a   _epwm1_info
0000b000   _epwm1_isr
0000b0f1   _epwm2_isr
00012940   _epwm3_info
0000b199   _epwm3_isr
00012932   _epwm4_info
0000b22f   _epwm4_isr
0000b244   _epwm7_isr
00012896   _err
00015000   _error
000128b6   _excutetime
00009f82   _exit
00013ecc   _f_chmod
00013b1a   _f_close
00013caf   _f_getfree
00013b28   _f_lseek
00013dd6   _f_mkdir
00013740   _f_mount
0001376a   _f_open
00013bf1   _f_opendir
000138a1   _f_read
00013c3f   _f_readdir
00013f03   _f_rename
00013c86   _f_stat
00013a89   _f_sync
00013d4c   _f_unlink
00013982   _f_write
000097a4   _fflush
00012a40   _fil
000128c6   _filsize
00012897   _find
00015d35   _free
00015ed4   _free_memory
0001289e   _fresult
00012f5c   _gearrt
0000a423   _get_fattime
00012900   _goalpos
00012908   _goalpos2
000160c0   _gps
00012007   _graphdata
00016100   _imu
0001600e   _initonce
000128da   _initpos
000128ae   _intogo
000128b0   _intovel
0000953a   _itoa
000128cf   _itoabuf
000128d4   _itoabuf2
00012889   _j
00012880   _k
00015134   _led
00012894   _ledonoff
00012012   _lengscib
000096ad   _lseek
000128aa   _ltra
000128a2   _ltraold
00009000   _main
00015d9e   _malloc
00015eb2   _max_free
000097e8   _memcmp
00008fee   _memset
00015d78   _minit
00009328   _motorstop
0001288d   _mt
000151b7   _mv_p
000151f7   _mv_s
00015160   _mvf
00016012   _mxbuf
0001604e   _mxl
00016040   _mxr
00016016   _mxrbuf
0001600d   _numout
00012887   _numoutsd
00012928   _obs
00009639   _open
00012910   _oset
000128ea   _oset2
000128ca   _p
000128f2   _p2
00016004   _period
000128c2   _pi
0001506b   _ping
00012964   _pos
00012954   _posavg
000093f8   _posinit
00012920   _posint
000128b8   _prevtime
0001602a   _printbuf
0001601e   _pwmtimer1
00012895   _rcvflag
0001288f   _rcvid
00012892   _rcvnum
0001289d   _rcvstart
0001289b   _rcvsuc
00012000   _rdata
00012040   _rdataA
0001200a   _rdata_pointA
000129c0   _rdsd
00009621   _read
00015002   _readdx
00015dfd   _realloc
00012f5a   _releng
00009607   _remove_device
000095db   _rename
00015098   _reset
00012888   _resultsIndex
0001514a   _retfowr
0001600a   _rst
000128a6   _rtra
000128a4   _rtraold
00015b6d   _sciaRxFifoIsr
00015a7a   _sciaTxFifoIsr
00009800   _scia_fifo_init
000098c5   _scia_msg
0000991f   _scia_rcv
000098bc   _scia_xmit
00015bea   _scibRxFifoIsr
00015ab6   _scibTxFifoIsr
00009830   _scib_fifo_init
00009930   _scib_msg
00009978   _scib_rcv
00009927   _scib_xmit
00015c68   _scicRxFifoIsr
00015af3   _scicTxFifoIsr
00009857   _scic_fifo_init
00009989   _scic_msg
000099d1   _scic_rcv
00009980   _scic_xmit
00015ce6   _scidRxFifoIsr
00015b30   _scidTxFifoIsr
0000987e   _scid_fifo_init
000099e6   _scid_msg
00009a2d   _scid_rcv
000099d9   _scid_xmit
00012050   _sdataA
00016010   _sdcmd
00012884   _sdinitflag
00012883   _sdnum
00015029   _senddx
000152b5   _setccwlimit
00015290   _setcwlimit
0001526b   _setoffset
0001288c   _sleng
0001600b   _slp
00012886   _spfout
00009f99   _strchr
00009fb0   _strcmp
0000b7fa   _strcpy
00009fcb   _strlen
00008fd0   _strncpy
000152da   _syncmv
000128ba   _t
00016009   _target_p
00016006   _target_t
000128c8   _temp
000128c4   _temp2
00016024   _tempa
0001289c   _test
0001288a   _testcnt
000093f7   _testprint
00012898   _toen
00016018   _token
0000a6f5   _tragen
00012918   _traj
0001202e   _trdelay
000128ac   _ttra
000128a8   _ttrar
00012881   _uid
0000826e   _ulocaltime
00008365   _umktime
000095c3   _unlink
0000861b   _urand
0000825e   _usnprintf
0000824d   _usprintf
00008614   _usrand
000085d5   _ustrcasecmp
00008609   _ustrcmp
00008568   _ustrlen
00008592   _ustrncasecmp
000085e0   _ustrncmp
00008000   _ustrncpy
00008578   _ustrstr
00008437   _ustrtof
00008625   _ustrtok
0000839e   _ustrtoul
0000802e   _uvsnprintf
00012013   _wfing
0001200e   _wfrcvnum
0001605c   _wizfi
0000955c   _write
0001288b   _writeflag
ffffffff   binit
00000122   cinit
00000000   code_start
ffffffff   etext
ffffffff   pinit


GLOBAL SYMBOLS: SORTED BY Symbol Address 

address    name
--------   ----
00000000   code_start
00000001   __TI_args_main
00000002   _XbarRegs
00000022   _SyncSocRegs
00000028   _FlashPumpSemaphoreRegs
00000122   ___cinit__
00000122   cinit
00000328   ___TI_writemsg
00000378   C$$IO$$
0000037c   ___TI_readmsg
000003b6   _c_int00
000003fc   _F28x_usDelay
00000400   __CIOBUF_
00000b00   _AdcaResultRegs
00000b20   _AdcbResultRegs
00000b40   _AdccResultRegs
00000b60   _AdcdResultRegs
00000c00   _CpuTimer0Regs
00000c08   _CpuTimer1Regs
00000c10   _CpuTimer2Regs
00000ce0   _Cla1SoftIntRegs
00000ce0   _PieCtrlRegs
00000d00   _EmuKey
00000d00   _PieVectTable
00000d01   _EmuBMode
00001000   _DmaRegs
00001000   __STACK_SIZE
00001000   __SYSMEM_SIZE
00001400   _Cla1Regs
00004000   _EPwm1Regs
00004100   _EPwm2Regs
00004200   _EPwm3Regs
00004300   _EPwm4Regs
00004400   _EPwm5Regs
00004500   _EPwm6Regs
00004600   _EPwm7Regs
00004700   _EPwm8Regs
00004800   _EPwm9Regs
00004900   _EPwm10Regs
00004a00   _EPwm11Regs
00004b00   _EPwm12Regs
00005000   _ECap1Regs
00005020   _ECap2Regs
00005040   _ECap3Regs
00005060   _ECap4Regs
00005080   _ECap5Regs
000050a0   _ECap6Regs
00005100   _EQep1Regs
00005140   _EQep2Regs
00005180   _EQep3Regs
00005c00   _DacaRegs
00005c10   _DacbRegs
00005c20   _DaccRegs
00005c80   _Cmpss1Regs
00005ca0   _Cmpss2Regs
00005cc0   _Cmpss3Regs
00005ce0   _Cmpss4Regs
00005d00   _Cmpss5Regs
00005d20   _Cmpss6Regs
00005d40   _Cmpss7Regs
00005d60   _Cmpss8Regs
00005e00   _Sdfm1Regs
00005e80   _Sdfm2Regs
00006000   _McbspaRegs
00006040   _McbspbRegs
00006100   _SpiaRegs
00006110   _SpibRegs
00006120   _SpicRegs
00006200   _UppRegs
00007000   _WdRegs
00007060   _NmiIntruptRegs
00007070   _XintRegs
00007200   _SciaRegs
00007210   _ScibRegs
00007220   _ScicRegs
00007230   _ScidRegs
00007300   _I2caRegs
00007340   _I2cbRegs
00007400   _AdcaRegs
00007480   _AdcbRegs
00007500   _AdccRegs
00007580   _AdcdRegs
00007900   _InputXbarRegs
00007980   _DmaClaSrcSelRegs
00007a00   _EPwmXbarRegs
00007a80   _OutputXbarRegs
00007c00   _GpioCtrlRegs
00007f00   _GpioDataRegs
00008000   _ustrncpy
0000802e   _uvsnprintf
0000824d   _usprintf
0000825e   _usnprintf
0000826e   _ulocaltime
00008365   _umktime
0000839e   _ustrtoul
00008437   _ustrtof
00008568   _ustrlen
00008578   _ustrstr
00008592   _ustrncasecmp
000085d5   _ustrcasecmp
000085e0   _ustrncmp
00008609   _ustrcmp
00008614   _usrand
0000861b   _urand
00008625   _ustrtok
00008655   _InitEPwmGpio
0000866e   _InitEPwm1Gpio
00008680   _InitEPwm2Gpio
00008692   _InitEPwm3Gpio
000086a6   _InitEPwm4Gpio
000086ba   _InitEPwm5Gpio
000086cc   _InitEPwm6Gpio
000086de   _InitEPwm7Gpio
000086f2   _InitEPwm8Gpio
00008706   _InitEPwm9Gpio
00008718   _InitEPwm10Gpio
0000872b   _InitEPwm11Gpio
0000873f   _InitEPwm12Gpio
00008752   _InitCpuTimers
00008793   _ConfigCpuTimer
000087cf   ___memcpy_ff
000087f0   _IntDefaultHandler
00008800   _TIMER1_ISR
0000880a   _TIMER2_ISR
00008814   _DATALOG_ISR
0000881e   _RTOS_ISR
00008828   _EMU_ISR
00008832   _NMI_ISR
0000883c   _ILLEGAL_ISR
00008846   _USER1_ISR
00008850   _USER2_ISR
0000885a   _USER3_ISR
00008864   _USER4_ISR
0000886e   _USER5_ISR
00008878   _USER6_ISR
00008882   _USER7_ISR
0000888c   _USER8_ISR
00008896   _USER9_ISR
000088a0   _USER10_ISR
000088aa   _USER11_ISR
000088b4   _USER12_ISR
000088be   _ADCA1_ISR
000088c8   _ADCB1_ISR
000088d2   _ADCC1_ISR
000088dc   _XINT1_ISR
000088e6   _XINT2_ISR
000088f0   _ADCD1_ISR
000088fa   _TIMER0_ISR
00008904   _WAKE_ISR
0000890e   _EPWM1_TZ_ISR
00008918   _EPWM2_TZ_ISR
00008922   _EPWM3_TZ_ISR
0000892c   _EPWM4_TZ_ISR
00008936   _EPWM5_TZ_ISR
00008940   _EPWM6_TZ_ISR
0000894a   _EPWM7_TZ_ISR
00008954   _EPWM8_TZ_ISR
0000895e   _EPWM1_ISR
00008968   _EPWM2_ISR
00008972   _EPWM3_ISR
0000897c   _EPWM4_ISR
00008986   _EPWM5_ISR
00008990   _EPWM6_ISR
0000899a   _EPWM7_ISR
000089a4   _EPWM8_ISR
000089ae   _ECAP1_ISR
000089b8   _ECAP2_ISR
000089c2   _ECAP3_ISR
000089cc   _ECAP4_ISR
000089d6   _ECAP5_ISR
000089e0   _ECAP6_ISR
000089ea   _EQEP1_ISR
000089f4   _EQEP2_ISR
000089fe   _EQEP3_ISR
00008a08   _SPIA_RX_ISR
00008a12   _SPIA_TX_ISR
00008a1c   _SPIB_RX_ISR
00008a26   _SPIB_TX_ISR
00008a30   _MCBSPA_RX_ISR
00008a3a   _MCBSPA_TX_ISR
00008a44   _MCBSPB_RX_ISR
00008a4e   _MCBSPB_TX_ISR
00008a58   _DMA_CH1_ISR
00008a62   _DMA_CH2_ISR
00008a6c   _DMA_CH3_ISR
00008a76   _DMA_CH4_ISR
00008a80   _DMA_CH5_ISR
00008a8a   _DMA_CH6_ISR
00008a94   _I2CA_ISR
00008a9e   _I2CA_FIFO_ISR
00008aa8   _I2CB_ISR
00008ab2   _I2CB_FIFO_ISR
00008abc   _SCIC_RX_ISR
00008ac6   _SCIC_TX_ISR
00008ad0   _SCID_RX_ISR
00008ada   _SCID_TX_ISR
00008ae4   _SCIA_RX_ISR
00008aee   _SCIA_TX_ISR
00008af8   _SCIB_RX_ISR
00008b02   _SCIB_TX_ISR
00008b0c   _CANA0_ISR
00008b16   _CANA1_ISR
00008b20   _CANB0_ISR
00008b2a   _CANB1_ISR
00008b34   _ADCA_EVT_ISR
00008b3e   _ADCA2_ISR
00008b48   _ADCA3_ISR
00008b52   _ADCA4_ISR
00008b5c   _ADCB_EVT_ISR
00008b66   _ADCB2_ISR
00008b70   _ADCB3_ISR
00008b7a   _ADCB4_ISR
00008b84   _CLA1_1_ISR
00008b8e   _CLA1_2_ISR
00008b98   _CLA1_3_ISR
00008ba2   _CLA1_4_ISR
00008bac   _CLA1_5_ISR
00008bb6   _CLA1_6_ISR
00008bc0   _CLA1_7_ISR
00008bca   _CLA1_8_ISR
00008bd4   _XINT3_ISR
00008bde   _XINT4_ISR
00008be8   _XINT5_ISR
00008bf2   _VCU_ISR
00008bfc   _FPU_OVERFLOW_ISR
00008c06   _FPU_UNDERFLOW_ISR
00008c10   _IPC0_ISR
00008c1a   _IPC1_ISR
00008c24   _IPC2_ISR
00008c2e   _IPC3_ISR
00008c38   _EPWM9_TZ_ISR
00008c42   _EPWM10_TZ_ISR
00008c4c   _EPWM11_TZ_ISR
00008c56   _EPWM12_TZ_ISR
00008c60   _EPWM9_ISR
00008c6a   _EPWM10_ISR
00008c74   _EPWM11_ISR
00008c7e   _EPWM12_ISR
00008c88   _SD1_ISR
00008c92   _SD2_ISR
00008c9c   _SPIC_RX_ISR
00008ca6   _SPIC_TX_ISR
00008cb0   _UPPA_ISR
00008cba   _USBA_ISR
00008cc4   _ADCC_EVT_ISR
00008cce   _ADCC2_ISR
00008cd8   _ADCC3_ISR
00008ce2   _ADCC4_ISR
00008cec   _ADCD_EVT_ISR
00008cf6   _ADCD2_ISR
00008d00   _ADCD3_ISR
00008d0a   _ADCD4_ISR
00008d14   _EMIF_ERROR_ISR
00008d1e   _RAM_CORRECTABLE_ERROR_ISR
00008d28   _FLASH_CORRECTABLE_ERROR_ISR
00008d32   _RAM_ACCESS_VIOLATION_ISR
00008d3c   _SYS_PLL_SLIP_ISR
00008d46   _AUX_PLL_SLIP_ISR
00008d50   _CLA_OVERFLOW_ISR
00008d5a   _CLA_UNDERFLOW_ISR
00008d64   _PIE_RESERVED_ISR
00008d6e   _EMPTY_ISR
00008d7b   _NOTUSED_ISR
00008d85   _InitGpio
00008dc5   _GPIO_SetupPinMux
00008e56   _GPIO_SetupPinOptions
00008eec   _GPIO_SetupLock
00008f14   _GPIO_SetupXINT1Gpio
00008f1e   _GPIO_SetupXINT2Gpio
00008f28   _GPIO_SetupXINT3Gpio
00008f32   _GPIO_SetupXINT4Gpio
00008f3c   _GPIO_SetupXINT5Gpio
00008f46   _GPIO_EnableUnbondedIOPullupsFor176Pin
00008f5f   _GPIO_EnableUnbondedIOPullupsFor100Pin
00008f84   _GPIO_EnableUnbondedIOPullups
00008f9a   _GPIO_ReadPin
00008fb1   _GPIO_WritePin
00008fd0   _strncpy
00008fee   _memset
00009000   _main
000092e1   _ConfigureADC
000092fc   _SetupADCEpwm
00009328   _motorstop
0000932e   _ConfigureGPIO
000093f7   _testprint
000093f8   _posinit
00009502   _ATpnt
0000953a   _itoa
0000955c   _write
000095c3   _unlink
000095db   _rename
00009607   _remove_device
00009621   _read
00009639   _open
000096ad   _lseek
000096c5   _close
000096f7   _add_device
00009775   ___TI_doflush
000097a4   _fflush
000097e8   _memcmp
00009800   _scia_fifo_init
00009830   _scib_fifo_init
00009857   _scic_fifo_init
0000987e   _scid_fifo_init
000098bc   _scia_xmit
000098c5   _scia_msg
0000991f   _scia_rcv
00009927   _scib_xmit
00009930   _scib_msg
00009978   _scib_rcv
00009980   _scic_xmit
00009989   _scic_msg
000099d1   _scic_rcv
000099d9   _scid_xmit
000099e6   _scid_msg
00009a2d   _scid_rcv
00009a35   _UARTIntclear
00009aad   _IsBufferFull
00009ac5   _IsBufferEmpty
00009aeb   _UARTPrimeTransmit
00009b8d   _UARTgets
00009c36   _UARTgetc
00009c9a   _UARTPeek
00009d56   _HOSTwrite
00009d8d   _HOSTunlink
00009db5   _HOSTtime
00009de0   _HOSTrename
00009e1e   _HOSTread
00009e5c   _HOSTopen
00009e9b   _HOSTlseek
00009ee8   _HOSTgetenv
00009f12   _HOSTclose
00009f3c   _HOSTclock
00009f67   __args_main
00009f80   C$$EXIT
00009f80   _abort
00009f82   _exit
00009f99   _strchr
00009fa5   U$$DIV
00009faa   U$$MOD
00009fb0   _strcmp
00009fba   __register_unlock
00009fbe   __register_lock
00009fc2   __nop
00009fcb   _strlen
0000a1d1   _disk_initialize
0000a28b   _disk_status
0000a296   _disk_read
0000a2df   _disk_write
0000a33c   _disk_ioctl
0000a412   _disk_timerproc
0000a423   _get_fattime
0000a428   _InitEPwm1Example
0000a485   _InitEPwm2Example
0000a4e2   _InitEPwm3Example
0000a53f   _InitEPwm4Example
0000a59c   _InitEPwm7Example
0000a5f5   _InitEPwmvariable
0000a618   _checkrxd
0000a6f5   _tragen
0000a800   _PieVectTableInit
0000b000   _epwm1_isr
0000b0f1   _epwm2_isr
0000b199   _epwm3_isr
0000b22f   _epwm4_isr
0000b244   _epwm7_isr
0000b725   FS$$DIV
0000b7ad   _InitPieCtrl
0000b7cc   _EnableInterrupts
0000b7d5   _InitPieVectTable
0000b7fa   _strcpy
0000c000   __sys_memory
0000d000   __stack
0000e000   __STACK_END
00012000   _rdata
00012001   _c_ui16UARTRxReadIndex
00012002   _atxing
00012003   _d_ui16UARTRxWriteIndex
00012004   _d_ui16UARTTxWriteIndex
00012005   _d_ui16UARTTxReadIndex
00012006   _b_ui16UARTRxReadIndex
00012007   _graphdata
00012009   _b_ui16UARTRxWriteIndex
0001200a   _rdata_pointA
0001200b   _c_ui16UARTRxWriteIndex
0001200c   _c_ui16UARTTxWriteIndex
0001200d   _c_ui16UARTTxReadIndex
0001200e   _wfrcvnum
0001200f   _ecing
00012010   _bufc
00012011   _ATcnt2
00012012   _lengscib
00012013   _wfing
00012014   _ATcnt
00012015   _SCI_PRDa
00012016   _SCI_PRDb
00012017   _d_ui16UARTRxReadIndex
00012018   _bufa
00012019   _bufb
0001201a   _SCI_PRDc
0001201b   _SCI_PRDd
0001201c   _a_ui16UARTRxWriteIndex
0001201e   _a_ui16UARTRxReadIndex
0001201f   _b_ui16UARTTxWriteIndex
00012021   _b_ui16UARTTxReadIndex
00012022   _a_ui16UARTTxWriteIndex
00012024   _a_ui16UARTTxReadIndex
00012026   _LSPCLK_FREQ
00012028   _SCI_FREQ
0001202a   _dx_baud
0001202c   _CPU_FREQ
0001202e   _trdelay
00012030   _SCI_FREQd
00012032   _SCI_FREQc
00012034   _SCI_FREQb
00012036   _SCI_FREQa
00012040   _rdataA
00012050   _sdataA
00012080   _b_pcUARTTxBuffer
00012180   _b_pcUARTRxBuffer
00012280   _a_pcUARTTxBuffer
00012380   _a_pcUARTRxBuffer
00012480   _d_pcUARTTxBuffer
00012580   _d_pcUARTRxBuffer
00012680   _c_pcUARTTxBuffer
00012780   _c_pcUARTRxBuffer
00012880   _k
00012881   _uid
00012882   _cmd
00012883   _sdnum
00012884   _sdinitflag
00012885   _bufferFull
00012886   _spfout
00012887   _numoutsd
00012888   _resultsIndex
00012889   _j
0001288a   _testcnt
0001288b   _writeflag
0001288c   _sleng
0001288d   _mt
0001288e   _done
0001288f   _rcvid
00012890   _aben_p
00012891   _atpntflag
00012892   _rcvnum
00012893   _autoloop
00012894   _ledonoff
00012895   _rcvflag
00012896   _err
00012897   _find
00012898   _toen
00012899   _aben_t
0001289a   _ATmode
0001289b   _rcvsuc
0001289c   _test
0001289d   _rcvstart
0001289e   _fresult
000128a0   _dtxbuf
000128a2   _ltraold
000128a4   _rtraold
000128a6   _rtra
000128a8   _ttrar
000128aa   _ltra
000128ac   _ttra
000128ae   _intogo
000128b0   _intovel
000128b2   _degtogo
000128b4   _curtime
000128b6   _excutetime
000128b8   _prevtime
000128ba   _t
000128bc   _endtime
000128be   _degpel
000128c0   _degknee
000128c2   _pi
000128c4   _temp2
000128c6   _filsize
000128c8   _temp
000128ca   _p
000128cf   _itoabuf
000128d4   _itoabuf2
000128da   _initpos
000128e2   _dir
000128ea   _oset2
000128f2   _p2
00012900   _goalpos
00012908   _goalpos2
00012910   _oset
00012918   _traj
00012920   _posint
00012928   _obs
00012932   _epwm4_info
00012940   _epwm3_info
0001294a   _epwm1_info
00012954   _posavg
00012964   _pos
00012980   _AdcaResults
000129c0   _rdsd
00012a00   _bufsd
00012a40   _fil
00012e98   _CpuTimer1
00012ea0   _CpuTimer2
00012ea8   _CpuTimer0
00012f5a   _releng
00012f5c   _gearrt
00012f78   __unlock
00012f7a   __lock
00012f7c   ___TI_cleanup_ptr
00012f7e   ___TI_dtors_ptr
00013740   _f_mount
0001376a   _f_open
000138a1   _f_read
00013982   _f_write
00013a89   _f_sync
00013b1a   _f_close
00013b28   _f_lseek
00013bf1   _f_opendir
00013c3f   _f_readdir
00013c86   _f_stat
00013caf   _f_getfree
00013d4c   _f_unlink
00013dd6   _f_mkdir
00013ecc   _f_chmod
00013f03   _f_rename
00015000   _error
00015002   _readdx
00015029   _senddx
0001506b   _ping
00015098   _reset
000150b8   _bulkreaddx
00015134   _led
0001514a   _retfowr
00015160   _mvf
000151b7   _mv_p
000151f7   _mv_s
0001526b   _setoffset
00015290   _setcwlimit
000152b5   _setccwlimit
000152da   _syncmv
000153e4   _cpu_timer0_isr
000155dd   _adca1_isr
0001561e   _cpu_timer1_isr
0001573f   _InitSysCtrl
00015770   _InitPeripheralClocks
000157f4   _DisablePeripheralClocks
0001580c   _SeizeFlashPump
0001581b   _ReleaseFlashPump
00015825   _ServiceDog
00015833   _DisableDog
00015841   _InitSysPll
00015907   _InitAuxPll
000159cf   _CsmUnlock
000159f0   _SysIntOsc1Sel
000159fa   _SysIntOsc2Sel
00015a04   _SysXtalOscSel
00015a10   _AuxIntOsc2Sel
00015a1a   _AuxXtalOscSel
00015a26   _AuxAuxClkSel
00015a30   _IDLE
00015a39   _STANDBY
00015a44   _HALT
00015a5d   _HIB
00015a7a   _sciaTxFifoIsr
00015ab6   _scibTxFifoIsr
00015af3   _scicTxFifoIsr
00015b30   _scidTxFifoIsr
00015b6d   _sciaRxFifoIsr
00015bea   _scibRxFifoIsr
00015c68   _scicRxFifoIsr
00015ce6   _scidRxFifoIsr
00015d35   _free
00015d78   _minit
00015d9e   _malloc
00015dfd   _realloc
00015eb2   _max_free
00015ed4   _free_memory
00015ef2   _chkheap
00015ef4   _calloc
00015f0c   _AdcSetMode
00015faf   _CalAdcINL
00016000   _enar
00016001   _duty16
00016002   _dir1
00016003   _ena
00016004   _period
00016005   _enal
00016006   _target_t
00016007   _absen
00016008   _absout
00016009   _target_p
0001600a   _rst
0001600b   _slp
0001600c   _dir2
0001600d   _numout
0001600e   _initonce
0001600f   _cmd2
00016010   _sdcmd
00016012   _mxbuf
00016014   _btxbuf
00016016   _mxrbuf
00016018   _token
0001601a   _desvl
0001601c   _desv
0001601e   _pwmtimer1
00016020   _desvr
00016022   _duty
00016024   _tempa
00016026   _cmdbuf
00016028   _cmdbuf2
0001602a   _printbuf
0001602c   _absbuf
00016031   _absbuf2
00016040   _mxr
0001604e   _mxl
0001605c   _wizfi
00016080   _dxl
000160c0   _gps
00016100   _imu
00016180   ___TI_ft_end
000161c0   __ftable
00016240   ___TI_tmpnams
00017000   _IntMasterEnable
00017005   _IntMasterDisable
0001700a   _IntRegister
0001701d   _IntUnregister
00017032   _IntEnable
000170c9   _IntDisable
0001714d   _IntIFRClear
00047000   _Emif1Regs
00047800   _Emif2Regs
00050000   _IpcRegs
0005d000   _DevCfgRegs
0005d180   _AnalogSubsysRegs
0005d200   _ClkCfgRegs
0005d300   _CpuSysRegs
0005e608   _RomPrefetchRegs
0005f000   _DcsmZ1Regs
0005f040   _DcsmZ2Regs
0005f070   _DcsmCommonRegs
0005f400   _MemCfgRegs
0005f480   _Emif1ConfigRegs
0005f4a0   _Emif2ConfigRegs
0005f4c0   _AccessProtectionRegs
0005f500   _MemoryErrorRegs
0005f540   _RomWaitStateRegs
0005f800   _Flash0CtrlRegs
0005fb00   _Flash0EccRegs
00078000   _DcsmZ1Otp
00078200   _DcsmZ2Otp
ffffffff   .text
ffffffff   ___binit__
ffffffff   ___c_args__
ffffffff   ___etext__
ffffffff   ___pinit__
ffffffff   ___text__
ffffffff   binit
ffffffff   etext
ffffffff   pinit

[658 symbols]
