<?xml version="1.0"?>
<link_info>
   <banner>TMS320C2000 Linker PC v6.2.11</banner>
   <copyright>Copyright (c) 1996-2015 Texas Instruments Incorporated</copyright>
   <link_time>0x595c4e67</link_time>
   <link_errors>0x0</link_errors>
   <output_file>ps_1215.out</output_file>
   <entry_point>
      <name>code_start</name>
      <address>0x0</address>
   </entry_point>
   <input_file_list>
      <input_file id="fl-2">
         <path>.\</path>
         <kind>object</kind>
         <file>ustdlib.obj</file>
         <name>ustdlib.obj</name>
      </input_file>
      <input_file id="fl-3">
         <path>.\</path>
         <kind>object</kind>
         <file>serial.obj</file>
         <name>serial.obj</name>
      </input_file>
      <input_file id="fl-4">
         <path>.\</path>
         <kind>object</kind>
         <file>robotis.obj</file>
         <name>robotis.obj</name>
      </input_file>
      <input_file id="fl-5">
         <path>.\</path>
         <kind>object</kind>
         <file>pwmsetup.obj</file>
         <name>pwmsetup.obj</name>
      </input_file>
      <input_file id="fl-6">
         <path>.\</path>
         <kind>object</kind>
         <file>mmc-F2837x.obj</file>
         <name>mmc-F2837x.obj</name>
      </input_file>
      <input_file id="fl-7">
         <path>.\</path>
         <kind>object</kind>
         <file>kpj485_mod_ps .obj</file>
         <name>kpj485_mod_ps .obj</name>
      </input_file>
      <input_file id="fl-8">
         <path>.\</path>
         <kind>object</kind>
         <file>interrupt.obj</file>
         <name>interrupt.obj</name>
      </input_file>
      <input_file id="fl-9">
         <path>.\</path>
         <kind>object</kind>
         <file>ff.obj</file>
         <name>ff.obj</name>
      </input_file>
      <input_file id="fl-a">
         <path>.\</path>
         <kind>object</kind>
         <file>cmdline.obj</file>
         <name>cmdline.obj</name>
      </input_file>
      <input_file id="fl-b">
         <path>.\</path>
         <kind>object</kind>
         <file>F2837xD_usDelay.obj</file>
         <name>F2837xD_usDelay.obj</name>
      </input_file>
      <input_file id="fl-c">
         <path>.\</path>
         <kind>object</kind>
         <file>F2837xD_SysCtrl.obj</file>
         <name>F2837xD_SysCtrl.obj</name>
      </input_file>
      <input_file id="fl-d">
         <path>.\</path>
         <kind>object</kind>
         <file>F2837xD_Sci.obj</file>
         <name>F2837xD_Sci.obj</name>
      </input_file>
      <input_file id="fl-e">
         <path>.\</path>
         <kind>object</kind>
         <file>F2837xD_PieVect.obj</file>
         <name>F2837xD_PieVect.obj</name>
      </input_file>
      <input_file id="fl-f">
         <path>.\</path>
         <kind>object</kind>
         <file>F2837xD_PieCtrl.obj</file>
         <name>F2837xD_PieCtrl.obj</name>
      </input_file>
      <input_file id="fl-10">
         <path>.\</path>
         <kind>object</kind>
         <file>F2837xD_Gpio.obj</file>
         <name>F2837xD_Gpio.obj</name>
      </input_file>
      <input_file id="fl-11">
         <path>.\</path>
         <kind>object</kind>
         <file>F2837xD_GlobalVariableDefs.obj</file>
         <name>F2837xD_GlobalVariableDefs.obj</name>
      </input_file>
      <input_file id="fl-12">
         <path>.\</path>
         <kind>object</kind>
         <file>F2837xD_EPwm.obj</file>
         <name>F2837xD_EPwm.obj</name>
      </input_file>
      <input_file id="fl-13">
         <path>.\</path>
         <kind>object</kind>
         <file>F2837xD_DefaultISR.obj</file>
         <name>F2837xD_DefaultISR.obj</name>
      </input_file>
      <input_file id="fl-14">
         <path>.\</path>
         <kind>object</kind>
         <file>F2837xD_CpuTimers.obj</file>
         <name>F2837xD_CpuTimers.obj</name>
      </input_file>
      <input_file id="fl-15">
         <path>.\</path>
         <kind>object</kind>
         <file>F2837xD_CodeStartBranch.obj</file>
         <name>F2837xD_CodeStartBranch.obj</name>
      </input_file>
      <input_file id="fl-16">
         <path>.\</path>
         <kind>object</kind>
         <file>F2837xD_Adc.obj</file>
         <name>F2837xD_Adc.obj</name>
      </input_file>
      <input_file id="fl-26">
         <path>C:\ti\ccsv5\tools\compiler\c2000_6.2.11\lib\</path>
         <kind>archive</kind>
         <file>rts2800_fpu32.lib</file>
         <name>boot.obj</name>
      </input_file>
      <input_file id="fl-27">
         <path>C:\ti\ccsv5\tools\compiler\c2000_6.2.11\lib\</path>
         <kind>archive</kind>
         <file>rts2800_fpu32.lib</file>
         <name>exit.obj</name>
      </input_file>
      <input_file id="fl-28">
         <path>C:\ti\ccsv5\tools\compiler\c2000_6.2.11\lib\</path>
         <kind>archive</kind>
         <file>rts2800_fpu32.lib</file>
         <name>fflush.obj</name>
      </input_file>
      <input_file id="fl-29">
         <path>C:\ti\ccsv5\tools\compiler\c2000_6.2.11\lib\</path>
         <kind>archive</kind>
         <file>rts2800_fpu32.lib</file>
         <name>fs_div.obj</name>
      </input_file>
      <input_file id="fl-2a">
         <path>C:\ti\ccsv5\tools\compiler\c2000_6.2.11\lib\</path>
         <kind>archive</kind>
         <file>rts2800_fpu32.lib</file>
         <name>lowlev.obj</name>
      </input_file>
      <input_file id="fl-2b">
         <path>C:\ti\ccsv5\tools\compiler\c2000_6.2.11\lib\</path>
         <kind>archive</kind>
         <file>rts2800_fpu32.lib</file>
         <name>memcmp.obj</name>
      </input_file>
      <input_file id="fl-2c">
         <path>C:\ti\ccsv5\tools\compiler\c2000_6.2.11\lib\</path>
         <kind>archive</kind>
         <file>rts2800_fpu32.lib</file>
         <name>memcpy_ff.obj</name>
      </input_file>
      <input_file id="fl-2d">
         <path>C:\ti\ccsv5\tools\compiler\c2000_6.2.11\lib\</path>
         <kind>archive</kind>
         <file>rts2800_fpu32.lib</file>
         <name>memory.obj</name>
      </input_file>
      <input_file id="fl-2e">
         <path>C:\ti\ccsv5\tools\compiler\c2000_6.2.11\lib\</path>
         <kind>archive</kind>
         <file>rts2800_fpu32.lib</file>
         <name>memset.obj</name>
      </input_file>
      <input_file id="fl-2f">
         <path>C:\ti\ccsv5\tools\compiler\c2000_6.2.11\lib\</path>
         <kind>archive</kind>
         <file>rts2800_fpu32.lib</file>
         <name>strchr.obj</name>
      </input_file>
      <input_file id="fl-30">
         <path>C:\ti\ccsv5\tools\compiler\c2000_6.2.11\lib\</path>
         <kind>archive</kind>
         <file>rts2800_fpu32.lib</file>
         <name>strcmp.obj</name>
      </input_file>
      <input_file id="fl-31">
         <path>C:\ti\ccsv5\tools\compiler\c2000_6.2.11\lib\</path>
         <kind>archive</kind>
         <file>rts2800_fpu32.lib</file>
         <name>strcpy.obj</name>
      </input_file>
      <input_file id="fl-32">
         <path>C:\ti\ccsv5\tools\compiler\c2000_6.2.11\lib\</path>
         <kind>archive</kind>
         <file>rts2800_fpu32.lib</file>
         <name>strncpy.obj</name>
      </input_file>
      <input_file id="fl-33">
         <path>C:\ti\ccsv5\tools\compiler\c2000_6.2.11\lib\</path>
         <kind>archive</kind>
         <file>rts2800_fpu32.lib</file>
         <name>trgdrv.obj</name>
      </input_file>
      <input_file id="fl-34">
         <path>C:\ti\ccsv5\tools\compiler\c2000_6.2.11\lib\</path>
         <kind>archive</kind>
         <file>rts2800_fpu32.lib</file>
         <name>u_div.obj</name>
      </input_file>
      <input_file id="fl-35">
         <path>C:\ti\ccsv5\tools\compiler\c2000_6.2.11\lib\</path>
         <kind>archive</kind>
         <file>rts2800_fpu32.lib</file>
         <name>_lock.obj</name>
      </input_file>
      <input_file id="fl-36">
         <path>C:\ti\ccsv5\tools\compiler\c2000_6.2.11\lib\</path>
         <kind>archive</kind>
         <file>rts2800_fpu32.lib</file>
         <name>ankmsg.obj</name>
      </input_file>
      <input_file id="fl-37">
         <path>C:\ti\ccsv5\tools\compiler\c2000_6.2.11\lib\</path>
         <kind>archive</kind>
         <file>rts2800_fpu32.lib</file>
         <name>args_main.obj</name>
      </input_file>
      <input_file id="fl-38">
         <path>C:\ti\ccsv5\tools\compiler\c2000_6.2.11\lib\</path>
         <kind>archive</kind>
         <file>rts2800_fpu32.lib</file>
         <name>defs.obj</name>
      </input_file>
      <input_file id="fl-39">
         <path>C:\ti\ccsv5\tools\compiler\c2000_6.2.11\lib\</path>
         <kind>archive</kind>
         <file>rts2800_fpu32.lib</file>
         <name>strlen.obj</name>
      </input_file>
   </input_file_list>
   <object_component_list>
      <object_component id="oc-87">
         <name>codestart</name>
         <load_address>0x0</load_address>
         <run_address>0x0</run_address>
         <size>0x2</size>
         <input_file_ref idref="fl-15"/>
      </object_component>
      <object_component id="oc-c4">
         <name>ramfuncs</name>
         <load_address>0x3fc</load_address>
         <run_address>0x3fc</run_address>
         <size>0x4</size>
         <input_file_ref idref="fl-b"/>
      </object_component>
      <object_component id="oc-1c8">
         <name>.text</name>
         <load_address>0x328</load_address>
         <run_address>0x328</run_address>
         <size>0x8e</size>
         <input_file_ref idref="fl-36"/>
      </object_component>
      <object_component id="oc-154">
         <name>.text</name>
         <load_address>0x3b6</load_address>
         <run_address>0x3b6</run_address>
         <size>0x46</size>
         <input_file_ref idref="fl-26"/>
      </object_component>
      <object_component id="oc-1b3">
         <name>.text</name>
         <load_address>0x8000</load_address>
         <run_address>0x8000</run_address>
         <size>0x655</size>
         <input_file_ref idref="fl-2"/>
      </object_component>
      <object_component id="oc-1ce">
         <name>.text</name>
         <load_address>0x8655</load_address>
         <run_address>0x8655</run_address>
         <size>0xfd</size>
         <input_file_ref idref="fl-12"/>
      </object_component>
      <object_component id="oc-1d1">
         <name>.text</name>
         <load_address>0x8752</load_address>
         <run_address>0x8752</run_address>
         <size>0x7d</size>
         <input_file_ref idref="fl-14"/>
      </object_component>
      <object_component id="oc-1b4">
         <name>.text</name>
         <load_address>0x87cf</load_address>
         <run_address>0x87cf</run_address>
         <size>0x21</size>
         <input_file_ref idref="fl-2c"/>
      </object_component>
      <object_component id="oc-b5">
         <name>.text:retain</name>
         <load_address>0x87f0</load_address>
         <run_address>0x87f0</run_address>
         <size>0xe</size>
         <input_file_ref idref="fl-8"/>
      </object_component>
      <object_component id="oc-143">
         <name>.text:retain</name>
         <load_address>0x8800</load_address>
         <run_address>0x8800</run_address>
         <size>0x585</size>
         <input_file_ref idref="fl-13"/>
      </object_component>
      <object_component id="oc-1b2">
         <name>.text</name>
         <load_address>0x8d85</load_address>
         <run_address>0x8d85</run_address>
         <size>0x24b</size>
         <input_file_ref idref="fl-10"/>
      </object_component>
      <object_component id="oc-1cc">
         <name>.text</name>
         <load_address>0x8fd0</load_address>
         <run_address>0x8fd0</run_address>
         <size>0x1e</size>
         <input_file_ref idref="fl-32"/>
      </object_component>
      <object_component id="oc-1d8">
         <name>.text</name>
         <load_address>0x8fee</load_address>
         <run_address>0x8fee</run_address>
         <size>0xd</size>
         <input_file_ref idref="fl-2e"/>
      </object_component>
      <object_component id="oc-1c7">
         <name>.text</name>
         <load_address>0x9000</load_address>
         <run_address>0x9000</run_address>
         <size>0x55c</size>
         <input_file_ref idref="fl-7"/>
      </object_component>
      <object_component id="oc-1c3">
         <name>.text</name>
         <load_address>0x955c</load_address>
         <run_address>0x955c</run_address>
         <size>0x219</size>
         <input_file_ref idref="fl-2a"/>
      </object_component>
      <object_component id="oc-1b6">
         <name>.text</name>
         <load_address>0x9775</load_address>
         <run_address>0x9775</run_address>
         <size>0x73</size>
         <input_file_ref idref="fl-28"/>
      </object_component>
      <object_component id="oc-1d7">
         <name>.text</name>
         <load_address>0x97e8</load_address>
         <run_address>0x97e8</run_address>
         <size>0x16</size>
         <input_file_ref idref="fl-2b"/>
      </object_component>
      <object_component id="oc-1b1">
         <name>.text</name>
         <load_address>0x9800</load_address>
         <run_address>0x9800</run_address>
         <size>0x556</size>
         <input_file_ref idref="fl-3"/>
      </object_component>
      <object_component id="oc-1bf">
         <name>.text</name>
         <load_address>0x9d56</load_address>
         <run_address>0x9d56</run_address>
         <size>0x211</size>
         <input_file_ref idref="fl-33"/>
      </object_component>
      <object_component id="oc-1bd">
         <name>.text</name>
         <load_address>0x9f67</load_address>
         <run_address>0x9f67</run_address>
         <size>0x19</size>
         <input_file_ref idref="fl-37"/>
      </object_component>
      <object_component id="oc-1be">
         <name>.text</name>
         <load_address>0x9f80</load_address>
         <run_address>0x9f80</run_address>
         <size>0x19</size>
         <input_file_ref idref="fl-27"/>
      </object_component>
      <object_component id="oc-1cb">
         <name>.text</name>
         <load_address>0x9f99</load_address>
         <run_address>0x9f99</run_address>
         <size>0xc</size>
         <input_file_ref idref="fl-2f"/>
      </object_component>
      <object_component id="oc-196">
         <name>.text</name>
         <load_address>0x9fa5</load_address>
         <run_address>0x9fa5</run_address>
         <size>0xb</size>
         <input_file_ref idref="fl-34"/>
      </object_component>
      <object_component id="oc-1ca">
         <name>.text</name>
         <load_address>0x9fb0</load_address>
         <run_address>0x9fb0</run_address>
         <size>0xa</size>
         <input_file_ref idref="fl-30"/>
      </object_component>
      <object_component id="oc-1c0">
         <name>.text</name>
         <load_address>0x9fba</load_address>
         <run_address>0x9fba</run_address>
         <size>0x9</size>
         <input_file_ref idref="fl-35"/>
      </object_component>
      <object_component id="oc-14c">
         <name>.text</name>
         <load_address>0x9fc3</load_address>
         <run_address>0x9fc3</run_address>
         <size>0x8</size>
         <input_file_ref idref="fl-15"/>
      </object_component>
      <object_component id="oc-1c9">
         <name>.text</name>
         <load_address>0x9fcb</load_address>
         <run_address>0x9fcb</run_address>
         <size>0x8</size>
         <input_file_ref idref="fl-39"/>
      </object_component>
      <object_component id="oc-1d6">
         <name>.text</name>
         <load_address>0xa000</load_address>
         <run_address>0xa000</run_address>
         <size>0x428</size>
         <input_file_ref idref="fl-6"/>
      </object_component>
      <object_component id="oc-1bc">
         <name>.text</name>
         <load_address>0xa428</load_address>
         <run_address>0xa428</run_address>
         <size>0x38e</size>
         <input_file_ref idref="fl-5"/>
      </object_component>
      <object_component id="oc-a1">
         <name>.text:retain</name>
         <load_address>0xb000</load_address>
         <run_address>0xb000</run_address>
         <size>0x725</size>
         <input_file_ref idref="fl-5"/>
      </object_component>
      <object_component id="oc-164">
         <name>.text</name>
         <load_address>0xb725</load_address>
         <run_address>0xb725</run_address>
         <size>0x88</size>
         <input_file_ref idref="fl-29"/>
      </object_component>
      <object_component id="oc-1cf">
         <name>.text</name>
         <load_address>0xb7ad</load_address>
         <run_address>0xb7ad</run_address>
         <size>0x28</size>
         <input_file_ref idref="fl-f"/>
      </object_component>
      <object_component id="oc-1d0">
         <name>.text</name>
         <load_address>0xb7d5</load_address>
         <run_address>0xb7d5</run_address>
         <size>0x25</size>
         <input_file_ref idref="fl-e"/>
      </object_component>
      <object_component id="oc-1b5">
         <name>.text</name>
         <load_address>0xb7fa</load_address>
         <run_address>0xb7fa</run_address>
         <size>0x5</size>
         <input_file_ref idref="fl-31"/>
      </object_component>
      <object_component id="oc-1d4">
         <name>.text</name>
         <load_address>0x13000</load_address>
         <run_address>0x13000</run_address>
         <size>0xf6b</size>
         <input_file_ref idref="fl-9"/>
      </object_component>
      <object_component id="oc-1b7">
         <name>.text</name>
         <load_address>0x15000</load_address>
         <run_address>0x15000</run_address>
         <size>0x3e4</size>
         <input_file_ref idref="fl-4"/>
      </object_component>
      <object_component id="oc-af">
         <name>.text:retain</name>
         <load_address>0x153e4</load_address>
         <run_address>0x153e4</run_address>
         <size>0x35b</size>
         <input_file_ref idref="fl-7"/>
      </object_component>
      <object_component id="oc-1cd">
         <name>.text</name>
         <load_address>0x1573f</load_address>
         <run_address>0x1573f</run_address>
         <size>0x33b</size>
         <input_file_ref idref="fl-c"/>
      </object_component>
      <object_component id="oc-93">
         <name>.text:retain</name>
         <load_address>0x15a7a</load_address>
         <run_address>0x15a7a</run_address>
         <size>0x2bb</size>
         <input_file_ref idref="fl-3"/>
      </object_component>
      <object_component id="oc-1d2">
         <name>.text</name>
         <load_address>0x15d35</load_address>
         <run_address>0x15d35</run_address>
         <size>0x1d7</size>
         <input_file_ref idref="fl-2d"/>
      </object_component>
      <object_component id="oc-1d5">
         <name>.text</name>
         <load_address>0x15f0c</load_address>
         <run_address>0x15f0c</run_address>
         <size>0xdd</size>
         <input_file_ref idref="fl-16"/>
      </object_component>
      <object_component id="oc-1d3">
         <name>.text</name>
         <load_address>0x17000</load_address>
         <run_address>0x17000</run_address>
         <size>0x1c6</size>
         <input_file_ref idref="fl-8"/>
      </object_component>
      <object_component id="oc-ad">
         <name>.cinit</name>
         <load_address>0x122</load_address>
         <run_address>0x122</run_address>
         <size>0xe4</size>
         <input_file_ref idref="fl-7"/>
      </object_component>
      <object_component id="oc-91">
         <name>.cinit</name>
         <load_address>0x206</load_address>
         <run_address>0x206</run_address>
         <size>0x5c</size>
         <input_file_ref idref="fl-3"/>
      </object_component>
      <object_component id="oc-169">
         <name>.cinit</name>
         <load_address>0x262</load_address>
         <run_address>0x262</run_address>
         <size>0x31</size>
         <input_file_ref idref="fl-2a"/>
      </object_component>
      <object_component id="oc-9f">
         <name>.cinit</name>
         <load_address>0x293</load_address>
         <run_address>0x293</run_address>
         <size>0x2d</size>
         <input_file_ref idref="fl-5"/>
      </object_component>
      <object_component id="oc-1aa">
         <name>.cinit</name>
         <load_address>0x2c0</load_address>
         <run_address>0x2c0</run_address>
         <size>0x2a</size>
         <input_file_ref idref="fl-38"/>
      </object_component>
      <object_component id="oc-99">
         <name>.cinit</name>
         <load_address>0x2ea</load_address>
         <run_address>0x2ea</run_address>
         <size>0x17</size>
         <input_file_ref idref="fl-4"/>
      </object_component>
      <object_component id="oc-19b">
         <name>.cinit</name>
         <load_address>0x301</load_address>
         <run_address>0x301</run_address>
         <size>0xa</size>
         <input_file_ref idref="fl-35"/>
      </object_component>
      <object_component id="oc-15b">
         <name>.cinit</name>
         <load_address>0x30b</load_address>
         <run_address>0x30b</run_address>
         <size>0xa</size>
         <input_file_ref idref="fl-27"/>
      </object_component>
      <object_component id="oc-a7">
         <name>.cinit</name>
         <load_address>0x315</load_address>
         <run_address>0x315</run_address>
         <size>0x8</size>
         <input_file_ref idref="fl-6"/>
      </object_component>
      <object_component id="oc-177">
         <name>.cinit</name>
         <load_address>0x31d</load_address>
         <run_address>0x31d</run_address>
         <size>0x4</size>
         <input_file_ref idref="fl-2d"/>
      </object_component>
      <object_component id="oc-89">
         <name>.cinit</name>
         <load_address>0x321</load_address>
         <run_address>0x321</run_address>
         <size>0x4</size>
         <input_file_ref idref="fl-2"/>
      </object_component>
      <object_component id="oc-156">
         <name>.reset</name>
         <load_address>0x3fffc0</load_address>
         <run_address>0x3fffc0</run_address>
         <size>0x2</size>
         <input_file_ref idref="fl-26"/>
      </object_component>
      <object_component id="oc-155">
         <name>.stack</name>
         <uninitialized>true</uninitialized>
         <run_address>0xd000</run_address>
         <size>0x0</size>
         <input_file_ref idref="fl-26"/>
      </object_component>
      <object_component id="oc-26d">
         <name>.stack</name>
         <uninitialized>true</uninitialized>
         <run_address>0xd000</run_address>
         <size>0x0</size>
      </object_component>
      <object_component id="oc-92">
         <name>.ebss</name>
         <uninitialized>true</uninitialized>
         <run_address>0x12000</run_address>
         <size>0x880</size>
         <input_file_ref idref="fl-3"/>
      </object_component>
      <object_component id="oc-ae">
         <name>.ebss</name>
         <uninitialized>true</uninitialized>
         <run_address>0x12880</run_address>
         <size>0x618</size>
         <input_file_ref idref="fl-7"/>
      </object_component>
      <object_component id="oc-148">
         <name>.ebss</name>
         <uninitialized>true</uninitialized>
         <run_address>0x12e98</run_address>
         <size>0x18</size>
         <input_file_ref idref="fl-14"/>
      </object_component>
      <object_component id="oc-179">
         <name>.ebss</name>
         <uninitialized>true</uninitialized>
         <run_address>0x12eb0</run_address>
         <size>0x8</size>
         <input_file_ref idref="fl-2d"/>
      </object_component>
      <object_component id="oc-192">
         <name>.ebss</name>
         <uninitialized>true</uninitialized>
         <run_address>0x12eb8</run_address>
         <size>0x8</size>
         <input_file_ref idref="fl-33"/>
      </object_component>
      <object_component id="oc-16a">
         <name>.ebss</name>
         <uninitialized>true</uninitialized>
         <run_address>0x12ec0</run_address>
         <size>0x88</size>
         <input_file_ref idref="fl-2a"/>
      </object_component>
      <object_component id="oc-c0">
         <name>.ebss</name>
         <uninitialized>true</uninitialized>
         <run_address>0x12f48</run_address>
         <size>0x12</size>
         <input_file_ref idref="fl-a"/>
      </object_component>
      <object_component id="oc-9a">
         <name>.ebss</name>
         <uninitialized>true</uninitialized>
         <run_address>0x12f5a</run_address>
         <size>0x12</size>
         <input_file_ref idref="fl-4"/>
      </object_component>
      <object_component id="oc-ba">
         <name>.ebss</name>
         <uninitialized>true</uninitialized>
         <run_address>0x12f6c</run_address>
         <size>0x6</size>
         <input_file_ref idref="fl-9"/>
      </object_component>
      <object_component id="oc-a8">
         <name>.ebss</name>
         <uninitialized>true</uninitialized>
         <run_address>0x12f72</run_address>
         <size>0x5</size>
         <input_file_ref idref="fl-6"/>
      </object_component>
      <object_component id="oc-8a">
         <name>.ebss</name>
         <uninitialized>true</uninitialized>
         <run_address>0x12f77</run_address>
         <size>0x1</size>
         <input_file_ref idref="fl-2"/>
      </object_component>
      <object_component id="oc-19c">
         <name>.ebss</name>
         <uninitialized>true</uninitialized>
         <run_address>0x12f78</run_address>
         <size>0x4</size>
         <input_file_ref idref="fl-35"/>
      </object_component>
      <object_component id="oc-15c">
         <name>.ebss</name>
         <uninitialized>true</uninitialized>
         <run_address>0x12f7c</run_address>
         <size>0x4</size>
         <input_file_ref idref="fl-27"/>
      </object_component>
      <object_component id="oc-a0">
         <name>.ebss</name>
         <uninitialized>true</uninitialized>
         <run_address>0x16000</run_address>
         <size>0x16f</size>
         <input_file_ref idref="fl-5"/>
      </object_component>
      <object_component id="oc-1ab">
         <name>.ebss</name>
         <uninitialized>true</uninitialized>
         <run_address>0x16180</run_address>
         <size>0x160</size>
         <input_file_ref idref="fl-38"/>
      </object_component>
      <object_component id="oc-cf">
         <name>.econst</name>
         <load_address>0xa800</load_address>
         <run_address>0xa800</run_address>
         <size>0x1c0</size>
         <input_file_ref idref="fl-e"/>
      </object_component>
      <object_component id="oc-b0">
         <name>.econst:.string</name>
         <load_address>0xa9c0</load_address>
         <run_address>0xa9c0</run_address>
         <size>0x109</size>
         <input_file_ref idref="fl-7"/>
      </object_component>
      <object_component id="oc-a2">
         <name>.econst:.string</name>
         <load_address>0xaaca</load_address>
         <run_address>0xaaca</run_address>
         <size>0x75</size>
         <input_file_ref idref="fl-5"/>
      </object_component>
      <object_component id="oc-8c">
         <name>.econst:.string</name>
         <load_address>0xab40</load_address>
         <run_address>0xab40</run_address>
         <size>0x18</size>
         <input_file_ref idref="fl-2"/>
      </object_component>
      <object_component id="oc-1c1">
         <name>.econst:_g_psDaysToMonth</name>
         <load_address>0xab58</load_address>
         <run_address>0xab58</run_address>
         <size>0x18</size>
         <input_file_ref idref="fl-2"/>
      </object_component>
      <object_component id="oc-1c2">
         <name>.econst:_g_pfExponents</name>
         <load_address>0xab70</load_address>
         <run_address>0xab70</run_address>
         <size>0xc</size>
         <input_file_ref idref="fl-2"/>
      </object_component>
      <object_component id="oc-bb">
         <name>.econst:.string</name>
         <load_address>0xab7c</load_address>
         <run_address>0xab7c</run_address>
         <size>0xa</size>
         <input_file_ref idref="fl-9"/>
      </object_component>
      <object_component id="oc-1c6">
         <name>.econst:_$P$T2$3</name>
         <load_address>0xab86</load_address>
         <run_address>0xab86</run_address>
         <size>0x8</size>
         <input_file_ref idref="fl-4"/>
      </object_component>
      <object_component id="oc-94">
         <name>.econst:.string</name>
         <load_address>0xab8e</load_address>
         <run_address>0xab8e</run_address>
         <size>0x4</size>
         <input_file_ref idref="fl-3"/>
      </object_component>
      <object_component id="oc-1b8">
         <name>.econst:.string:_$P$T0$1</name>
         <load_address>0xab92</load_address>
         <run_address>0xab92</run_address>
         <size>0x2</size>
         <input_file_ref idref="fl-7"/>
      </object_component>
      <object_component id="oc-1c4">
         <name>.econst:.string:_$P$T0$1</name>
         <load_address>0xab94</load_address>
         <run_address>0xab94</run_address>
         <size>0x2</size>
         <input_file_ref idref="fl-4"/>
      </object_component>
      <object_component id="oc-1b9">
         <name>.econst:.string:_$P$T1$2</name>
         <load_address>0xab96</load_address>
         <run_address>0xab96</run_address>
         <size>0x2</size>
         <input_file_ref idref="fl-7"/>
      </object_component>
      <object_component id="oc-1c5">
         <name>.econst:.string:_$P$T1$2</name>
         <load_address>0xab98</load_address>
         <run_address>0xab98</run_address>
         <size>0x2</size>
         <input_file_ref idref="fl-4"/>
      </object_component>
      <object_component id="oc-1ba">
         <name>.econst:.string:_$P$T2$3</name>
         <load_address>0xab9a</load_address>
         <run_address>0xab9a</run_address>
         <size>0x2</size>
         <input_file_ref idref="fl-7"/>
      </object_component>
      <object_component id="oc-1bb">
         <name>.econst:.string:_$P$T3$4</name>
         <load_address>0xab9c</load_address>
         <run_address>0xab9c</run_address>
         <size>0x2</size>
         <input_file_ref idref="fl-7"/>
      </object_component>
      <object_component id="oc-8b">
         <name>.econst</name>
         <load_address>0xab9e</load_address>
         <run_address>0xab9e</run_address>
         <size>0x2</size>
         <input_file_ref idref="fl-2"/>
      </object_component>
      <object_component id="oc-13c">
         <name>PieVectTableFile</name>
         <uninitialized>true</uninitialized>
         <run_address>0xd00</run_address>
         <size>0x1c0</size>
         <input_file_ref idref="fl-11"/>
      </object_component>
      <object_component id="oc-dc">
         <name>EmuKeyVar</name>
         <uninitialized>true</uninitialized>
         <run_address>0xd00</run_address>
         <size>0x1</size>
         <input_file_ref idref="fl-11"/>
      </object_component>
      <object_component id="oc-dd">
         <name>EmuBModeVar</name>
         <uninitialized>true</uninitialized>
         <run_address>0xd01</run_address>
         <size>0x1</size>
         <input_file_ref idref="fl-11"/>
      </object_component>
      <object_component id="oc-f4">
         <name>AdcaResultFile</name>
         <uninitialized>true</uninitialized>
         <run_address>0xb00</run_address>
         <size>0x18</size>
         <input_file_ref idref="fl-11"/>
      </object_component>
      <object_component id="oc-f3">
         <name>AdcbResultFile</name>
         <uninitialized>true</uninitialized>
         <run_address>0xb20</run_address>
         <size>0x18</size>
         <input_file_ref idref="fl-11"/>
      </object_component>
      <object_component id="oc-f6">
         <name>AdccResultFile</name>
         <uninitialized>true</uninitialized>
         <run_address>0xb40</run_address>
         <size>0x18</size>
         <input_file_ref idref="fl-11"/>
      </object_component>
      <object_component id="oc-f5">
         <name>AdcdResultFile</name>
         <uninitialized>true</uninitialized>
         <run_address>0xb60</run_address>
         <size>0x18</size>
         <input_file_ref idref="fl-11"/>
      </object_component>
      <object_component id="oc-127">
         <name>AdcaRegsFile</name>
         <uninitialized>true</uninitialized>
         <run_address>0x7400</run_address>
         <size>0x80</size>
         <input_file_ref idref="fl-11"/>
      </object_component>
      <object_component id="oc-126">
         <name>AdcbRegsFile</name>
         <uninitialized>true</uninitialized>
         <run_address>0x7480</run_address>
         <size>0x80</size>
         <input_file_ref idref="fl-11"/>
      </object_component>
      <object_component id="oc-124">
         <name>AdccRegsFile</name>
         <uninitialized>true</uninitialized>
         <run_address>0x7500</run_address>
         <size>0x80</size>
         <input_file_ref idref="fl-11"/>
      </object_component>
      <object_component id="oc-125">
         <name>AdcdRegsFile</name>
         <uninitialized>true</uninitialized>
         <run_address>0x7580</run_address>
         <size>0x80</size>
         <input_file_ref idref="fl-11"/>
      </object_component>
      <object_component id="oc-121">
         <name>AnalogSubsysRegsFile</name>
         <uninitialized>true</uninitialized>
         <run_address>0x5d180</run_address>
         <size>0x48</size>
         <input_file_ref idref="fl-11"/>
      </object_component>
      <object_component id="oc-11b">
         <name>Cla1RegsFile</name>
         <uninitialized>true</uninitialized>
         <run_address>0x1400</run_address>
         <size>0x3e</size>
         <input_file_ref idref="fl-11"/>
      </object_component>
      <object_component id="oc-e1">
         <name>Cla1SoftIntRegsFile</name>
         <uninitialized>true</uninitialized>
         <run_address>0xce0</run_address>
         <size>0x4</size>
         <input_file_ref idref="fl-11"/>
      </object_component>
      <object_component id="oc-107">
         <name>Cmpss1RegsFile</name>
         <uninitialized>true</uninitialized>
         <run_address>0x5c80</run_address>
         <size>0x20</size>
         <input_file_ref idref="fl-11"/>
      </object_component>
      <object_component id="oc-106">
         <name>Cmpss2RegsFile</name>
         <uninitialized>true</uninitialized>
         <run_address>0x5ca0</run_address>
         <size>0x20</size>
         <input_file_ref idref="fl-11"/>
      </object_component>
      <object_component id="oc-109">
         <name>Cmpss3RegsFile</name>
         <uninitialized>true</uninitialized>
         <run_address>0x5cc0</run_address>
         <size>0x20</size>
         <input_file_ref idref="fl-11"/>
      </object_component>
      <object_component id="oc-108">
         <name>Cmpss4RegsFile</name>
         <uninitialized>true</uninitialized>
         <run_address>0x5ce0</run_address>
         <size>0x20</size>
         <input_file_ref idref="fl-11"/>
      </object_component>
      <object_component id="oc-10c">
         <name>Cmpss5RegsFile</name>
         <uninitialized>true</uninitialized>
         <run_address>0x5d00</run_address>
         <size>0x20</size>
         <input_file_ref idref="fl-11"/>
      </object_component>
      <object_component id="oc-102">
         <name>Cmpss6RegsFile</name>
         <uninitialized>true</uninitialized>
         <run_address>0x5d20</run_address>
         <size>0x20</size>
         <input_file_ref idref="fl-11"/>
      </object_component>
      <object_component id="oc-101">
         <name>Cmpss7RegsFile</name>
         <uninitialized>true</uninitialized>
         <run_address>0x5d40</run_address>
         <size>0x20</size>
         <input_file_ref idref="fl-11"/>
      </object_component>
      <object_component id="oc-104">
         <name>Cmpss8RegsFile</name>
         <uninitialized>true</uninitialized>
         <run_address>0x5d60</run_address>
         <size>0x20</size>
         <input_file_ref idref="fl-11"/>
      </object_component>
      <object_component id="oc-e9">
         <name>CpuTimer0RegsFile</name>
         <uninitialized>true</uninitialized>
         <run_address>0xc00</run_address>
         <size>0x8</size>
         <input_file_ref idref="fl-11"/>
      </object_component>
      <object_component id="oc-ea">
         <name>CpuTimer1RegsFile</name>
         <uninitialized>true</uninitialized>
         <run_address>0xc08</run_address>
         <size>0x8</size>
         <input_file_ref idref="fl-11"/>
      </object_component>
      <object_component id="oc-e7">
         <name>CpuTimer2RegsFile</name>
         <uninitialized>true</uninitialized>
         <run_address>0xc10</run_address>
         <size>0x8</size>
         <input_file_ref idref="fl-11"/>
      </object_component>
      <object_component id="oc-e4">
         <name>DacaRegsFile</name>
         <uninitialized>true</uninitialized>
         <run_address>0x5c00</run_address>
         <size>0x8</size>
         <input_file_ref idref="fl-11"/>
      </object_component>
      <object_component id="oc-e5">
         <name>DacbRegsFile</name>
         <uninitialized>true</uninitialized>
         <run_address>0x5c10</run_address>
         <size>0x8</size>
         <input_file_ref idref="fl-11"/>
      </object_component>
      <object_component id="oc-e6">
         <name>DaccRegsFile</name>
         <uninitialized>true</uninitialized>
         <run_address>0x5c20</run_address>
         <size>0x8</size>
         <input_file_ref idref="fl-11"/>
      </object_component>
      <object_component id="oc-116">
         <name>DcsmZ1RegsFile</name>
         <uninitialized>true</uninitialized>
         <run_address>0x5f000</run_address>
         <size>0x24</size>
         <input_file_ref idref="fl-11"/>
      </object_component>
      <object_component id="oc-114">
         <name>DcsmZ2RegsFile</name>
         <uninitialized>true</uninitialized>
         <run_address>0x5f040</run_address>
         <size>0x24</size>
         <input_file_ref idref="fl-11"/>
      </object_component>
      <object_component id="oc-e8">
         <name>DcsmCommonRegsFile</name>
         <uninitialized>true</uninitialized>
         <run_address>0x5f070</run_address>
         <size>0x8</size>
         <input_file_ref idref="fl-11"/>
      </object_component>
      <object_component id="oc-103">
         <name>DcsmZ1OtpFile</name>
         <uninitialized>true</uninitialized>
         <run_address>0x78000</run_address>
         <size>0x20</size>
         <input_file_ref idref="fl-11"/>
      </object_component>
      <object_component id="oc-105">
         <name>DcsmZ2OtpFile</name>
         <uninitialized>true</uninitialized>
         <run_address>0x78200</run_address>
         <size>0x20</size>
         <input_file_ref idref="fl-11"/>
      </object_component>
      <object_component id="oc-12c">
         <name>DmaRegsFile</name>
         <uninitialized>true</uninitialized>
         <run_address>0x1000</run_address>
         <size>0xe0</size>
         <input_file_ref idref="fl-11"/>
      </object_component>
      <object_component id="oc-f8">
         <name>DmaClaSrcSelRegsFile</name>
         <uninitialized>true</uninitialized>
         <run_address>0x7980</run_address>
         <size>0x1a</size>
         <input_file_ref idref="fl-11"/>
      </object_component>
      <object_component id="oc-10b">
         <name>ECap1RegsFile</name>
         <uninitialized>true</uninitialized>
         <run_address>0x5000</run_address>
         <size>0x20</size>
         <input_file_ref idref="fl-11"/>
      </object_component>
      <object_component id="oc-10a">
         <name>ECap2RegsFile</name>
         <uninitialized>true</uninitialized>
         <run_address>0x5020</run_address>
         <size>0x20</size>
         <input_file_ref idref="fl-11"/>
      </object_component>
      <object_component id="oc-f9">
         <name>ECap3RegsFile</name>
         <uninitialized>true</uninitialized>
         <run_address>0x5040</run_address>
         <size>0x20</size>
         <input_file_ref idref="fl-11"/>
      </object_component>
      <object_component id="oc-fb">
         <name>ECap4RegsFile</name>
         <uninitialized>true</uninitialized>
         <run_address>0x5060</run_address>
         <size>0x20</size>
         <input_file_ref idref="fl-11"/>
      </object_component>
      <object_component id="oc-100">
         <name>ECap5RegsFile</name>
         <uninitialized>true</uninitialized>
         <run_address>0x5080</run_address>
         <size>0x20</size>
         <input_file_ref idref="fl-11"/>
      </object_component>
      <object_component id="oc-fa">
         <name>ECap6RegsFile</name>
         <uninitialized>true</uninitialized>
         <run_address>0x50a0</run_address>
         <size>0x20</size>
         <input_file_ref idref="fl-11"/>
      </object_component>
      <object_component id="oc-122">
         <name>Emif1RegsFile</name>
         <uninitialized>true</uninitialized>
         <run_address>0x47000</run_address>
         <size>0x70</size>
         <input_file_ref idref="fl-11"/>
      </object_component>
      <object_component id="oc-123">
         <name>Emif2RegsFile</name>
         <uninitialized>true</uninitialized>
         <run_address>0x47800</run_address>
         <size>0x70</size>
         <input_file_ref idref="fl-11"/>
      </object_component>
      <object_component id="oc-131">
         <name>EPwm1RegsFile</name>
         <uninitialized>true</uninitialized>
         <run_address>0x4000</run_address>
         <size>0x100</size>
         <input_file_ref idref="fl-11"/>
      </object_component>
      <object_component id="oc-130">
         <name>EPwm2RegsFile</name>
         <uninitialized>true</uninitialized>
         <run_address>0x4100</run_address>
         <size>0x100</size>
         <input_file_ref idref="fl-11"/>
      </object_component>
      <object_component id="oc-133">
         <name>EPwm3RegsFile</name>
         <uninitialized>true</uninitialized>
         <run_address>0x4200</run_address>
         <size>0x100</size>
         <input_file_ref idref="fl-11"/>
      </object_component>
      <object_component id="oc-12e">
         <name>EPwm4RegsFile</name>
         <uninitialized>true</uninitialized>
         <run_address>0x4300</run_address>
         <size>0x100</size>
         <input_file_ref idref="fl-11"/>
      </object_component>
      <object_component id="oc-12d">
         <name>EPwm5RegsFile</name>
         <uninitialized>true</uninitialized>
         <run_address>0x4400</run_address>
         <size>0x100</size>
         <input_file_ref idref="fl-11"/>
      </object_component>
      <object_component id="oc-132">
         <name>EPwm6RegsFile</name>
         <uninitialized>true</uninitialized>
         <run_address>0x4500</run_address>
         <size>0x100</size>
         <input_file_ref idref="fl-11"/>
      </object_component>
      <object_component id="oc-12f">
         <name>EPwm7RegsFile</name>
         <uninitialized>true</uninitialized>
         <run_address>0x4600</run_address>
         <size>0x100</size>
         <input_file_ref idref="fl-11"/>
      </object_component>
      <object_component id="oc-138">
         <name>EPwm8RegsFile</name>
         <uninitialized>true</uninitialized>
         <run_address>0x4700</run_address>
         <size>0x100</size>
         <input_file_ref idref="fl-11"/>
      </object_component>
      <object_component id="oc-136">
         <name>EPwm9RegsFile</name>
         <uninitialized>true</uninitialized>
         <run_address>0x4800</run_address>
         <size>0x100</size>
         <input_file_ref idref="fl-11"/>
      </object_component>
      <object_component id="oc-137">
         <name>EPwm10RegsFile</name>
         <uninitialized>true</uninitialized>
         <run_address>0x4900</run_address>
         <size>0x100</size>
         <input_file_ref idref="fl-11"/>
      </object_component>
      <object_component id="oc-134">
         <name>EPwm11RegsFile</name>
         <uninitialized>true</uninitialized>
         <run_address>0x4a00</run_address>
         <size>0x100</size>
         <input_file_ref idref="fl-11"/>
      </object_component>
      <object_component id="oc-135">
         <name>EPwm12RegsFile</name>
         <uninitialized>true</uninitialized>
         <run_address>0x4b00</run_address>
         <size>0x100</size>
         <input_file_ref idref="fl-11"/>
      </object_component>
      <object_component id="oc-11e">
         <name>EPwmXbarRegsFile</name>
         <uninitialized>true</uninitialized>
         <run_address>0x7a00</run_address>
         <size>0x40</size>
         <input_file_ref idref="fl-11"/>
      </object_component>
      <object_component id="oc-111">
         <name>EQep1RegsFile</name>
         <uninitialized>true</uninitialized>
         <run_address>0x5100</run_address>
         <size>0x22</size>
         <input_file_ref idref="fl-11"/>
      </object_component>
      <object_component id="oc-10f">
         <name>EQep2RegsFile</name>
         <uninitialized>true</uninitialized>
         <run_address>0x5140</run_address>
         <size>0x22</size>
         <input_file_ref idref="fl-11"/>
      </object_component>
      <object_component id="oc-10d">
         <name>EQep3RegsFile</name>
         <uninitialized>true</uninitialized>
         <run_address>0x5180</run_address>
         <size>0x22</size>
         <input_file_ref idref="fl-11"/>
      </object_component>
      <object_component id="oc-13b">
         <name>Flash0CtrlRegsFile</name>
         <uninitialized>true</uninitialized>
         <run_address>0x5f800</run_address>
         <size>0x182</size>
         <input_file_ref idref="fl-11"/>
      </object_component>
      <object_component id="oc-117">
         <name>Flash0EccRegsFile</name>
         <uninitialized>true</uninitialized>
         <run_address>0x5fb00</run_address>
         <size>0x28</size>
         <input_file_ref idref="fl-11"/>
      </object_component>
      <object_component id="oc-13a">
         <name>GpioCtrlRegsFile</name>
         <uninitialized>true</uninitialized>
         <run_address>0x7c00</run_address>
         <size>0x180</size>
         <input_file_ref idref="fl-11"/>
      </object_component>
      <object_component id="oc-119">
         <name>GpioDataRegsFile</name>
         <uninitialized>true</uninitialized>
         <run_address>0x7f00</run_address>
         <size>0x30</size>
         <input_file_ref idref="fl-11"/>
      </object_component>
      <object_component id="oc-11f">
         <name>OutputXbarRegsFile</name>
         <uninitialized>true</uninitialized>
         <run_address>0x7a80</run_address>
         <size>0x40</size>
         <input_file_ref idref="fl-11"/>
      </object_component>
      <object_component id="oc-110">
         <name>I2caRegsFile</name>
         <uninitialized>true</uninitialized>
         <run_address>0x7300</run_address>
         <size>0x22</size>
         <input_file_ref idref="fl-11"/>
      </object_component>
      <object_component id="oc-10e">
         <name>I2cbRegsFile</name>
         <uninitialized>true</uninitialized>
         <run_address>0x7340</run_address>
         <size>0x22</size>
         <input_file_ref idref="fl-11"/>
      </object_component>
      <object_component id="oc-fe">
         <name>InputXbarRegsFile</name>
         <uninitialized>true</uninitialized>
         <run_address>0x7900</run_address>
         <size>0x20</size>
         <input_file_ref idref="fl-11"/>
      </object_component>
      <object_component id="oc-112">
         <name>IpcRegsFile</name>
         <uninitialized>true</uninitialized>
         <run_address>0x50000</run_address>
         <size>0x24</size>
         <input_file_ref idref="fl-11"/>
      </object_component>
      <object_component id="oc-e0">
         <name>RomPrefetchRegsFile</name>
         <uninitialized>true</uninitialized>
         <run_address>0x5e608</run_address>
         <size>0x2</size>
         <input_file_ref idref="fl-11"/>
      </object_component>
      <object_component id="oc-129">
         <name>MemCfgRegsFile</name>
         <uninitialized>true</uninitialized>
         <run_address>0x5f400</run_address>
         <size>0x80</size>
         <input_file_ref idref="fl-11"/>
      </object_component>
      <object_component id="oc-fc">
         <name>Emif1ConfigRegsFile</name>
         <uninitialized>true</uninitialized>
         <run_address>0x5f480</run_address>
         <size>0x20</size>
         <input_file_ref idref="fl-11"/>
      </object_component>
      <object_component id="oc-fd">
         <name>Emif2ConfigRegsFile</name>
         <uninitialized>true</uninitialized>
         <run_address>0x5f4a0</run_address>
         <size>0x20</size>
         <input_file_ref idref="fl-11"/>
      </object_component>
      <object_component id="oc-11d">
         <name>AccessProtectionRegsFile</name>
         <uninitialized>true</uninitialized>
         <run_address>0x5f4c0</run_address>
         <size>0x40</size>
         <input_file_ref idref="fl-11"/>
      </object_component>
      <object_component id="oc-11c">
         <name>MemoryErrorRegsFile</name>
         <uninitialized>true</uninitialized>
         <run_address>0x5f500</run_address>
         <size>0x40</size>
         <input_file_ref idref="fl-11"/>
      </object_component>
      <object_component id="oc-df">
         <name>RomWaitStateRegsFile</name>
         <uninitialized>true</uninitialized>
         <run_address>0x5f540</run_address>
         <size>0x2</size>
         <input_file_ref idref="fl-11"/>
      </object_component>
      <object_component id="oc-113">
         <name>McbspaRegsFile</name>
         <uninitialized>true</uninitialized>
         <run_address>0x6000</run_address>
         <size>0x24</size>
         <input_file_ref idref="fl-11"/>
      </object_component>
      <object_component id="oc-115">
         <name>McbspbRegsFile</name>
         <uninitialized>true</uninitialized>
         <run_address>0x6040</run_address>
         <size>0x24</size>
         <input_file_ref idref="fl-11"/>
      </object_component>
      <object_component id="oc-120">
         <name>UppRegsFile</name>
         <uninitialized>true</uninitialized>
         <run_address>0x6200</run_address>
         <size>0x48</size>
         <input_file_ref idref="fl-11"/>
      </object_component>
      <object_component id="oc-e3">
         <name>NmiIntruptRegsFile</name>
         <uninitialized>true</uninitialized>
         <run_address>0x7060</run_address>
         <size>0x7</size>
         <input_file_ref idref="fl-11"/>
      </object_component>
      <object_component id="oc-f7">
         <name>PieCtrlRegsFile</name>
         <uninitialized>true</uninitialized>
         <run_address>0xce0</run_address>
         <size>0x1a</size>
         <input_file_ref idref="fl-11"/>
      </object_component>
      <object_component id="oc-f1">
         <name>SciaRegsFile</name>
         <uninitialized>true</uninitialized>
         <run_address>0x7200</run_address>
         <size>0x10</size>
         <input_file_ref idref="fl-11"/>
      </object_component>
      <object_component id="oc-f2">
         <name>ScibRegsFile</name>
         <uninitialized>true</uninitialized>
         <run_address>0x7210</run_address>
         <size>0x10</size>
         <input_file_ref idref="fl-11"/>
      </object_component>
      <object_component id="oc-f0">
         <name>ScicRegsFile</name>
         <uninitialized>true</uninitialized>
         <run_address>0x7220</run_address>
         <size>0x10</size>
         <input_file_ref idref="fl-11"/>
      </object_component>
      <object_component id="oc-ef">
         <name>ScidRegsFile</name>
         <uninitialized>true</uninitialized>
         <run_address>0x7230</run_address>
         <size>0x10</size>
         <input_file_ref idref="fl-11"/>
      </object_component>
      <object_component id="oc-128">
         <name>Sdfm1RegsFile</name>
         <uninitialized>true</uninitialized>
         <run_address>0x5e00</run_address>
         <size>0x80</size>
         <input_file_ref idref="fl-11"/>
      </object_component>
      <object_component id="oc-12a">
         <name>Sdfm2RegsFile</name>
         <uninitialized>true</uninitialized>
         <run_address>0x5e80</run_address>
         <size>0x80</size>
         <input_file_ref idref="fl-11"/>
      </object_component>
      <object_component id="oc-ec">
         <name>SpiaRegsFile</name>
         <uninitialized>true</uninitialized>
         <run_address>0x6100</run_address>
         <size>0x10</size>
         <input_file_ref idref="fl-11"/>
      </object_component>
      <object_component id="oc-ee">
         <name>SpibRegsFile</name>
         <uninitialized>true</uninitialized>
         <run_address>0x6110</run_address>
         <size>0x10</size>
         <input_file_ref idref="fl-11"/>
      </object_component>
      <object_component id="oc-ed">
         <name>SpicRegsFile</name>
         <uninitialized>true</uninitialized>
         <run_address>0x6120</run_address>
         <size>0x10</size>
         <input_file_ref idref="fl-11"/>
      </object_component>
      <object_component id="oc-139">
         <name>DevCfgRegsFile</name>
         <uninitialized>true</uninitialized>
         <run_address>0x5d000</run_address>
         <size>0x12e</size>
         <input_file_ref idref="fl-11"/>
      </object_component>
      <object_component id="oc-11a">
         <name>ClkCfgRegsFile</name>
         <uninitialized>true</uninitialized>
         <run_address>0x5d200</run_address>
         <size>0x32</size>
         <input_file_ref idref="fl-11"/>
      </object_component>
      <object_component id="oc-12b">
         <name>CpuSysRegsFile</name>
         <uninitialized>true</uninitialized>
         <run_address>0x5d300</run_address>
         <size>0x82</size>
         <input_file_ref idref="fl-11"/>
      </object_component>
      <object_component id="oc-118">
         <name>WdRegsFile</name>
         <uninitialized>true</uninitialized>
         <run_address>0x7000</run_address>
         <size>0x2b</size>
         <input_file_ref idref="fl-11"/>
      </object_component>
      <object_component id="oc-eb">
         <name>XintRegsFile</name>
         <uninitialized>true</uninitialized>
         <run_address>0x7070</run_address>
         <size>0xb</size>
         <input_file_ref idref="fl-11"/>
      </object_component>
      <object_component id="oc-88">
         <name>.debug_info</name>
         <load_address>0x0</load_address>
         <run_address>0x0</run_address>
         <size>0x140e</size>
         <input_file_ref idref="fl-2"/>
      </object_component>
      <object_component id="oc-90">
         <name>.debug_info</name>
         <load_address>0x140e</load_address>
         <run_address>0x140e</run_address>
         <size>0x5f80</size>
         <input_file_ref idref="fl-3"/>
      </object_component>
      <object_component id="oc-98">
         <name>.debug_info</name>
         <load_address>0x738e</load_address>
         <run_address>0x738e</run_address>
         <size>0x1cfa</size>
         <input_file_ref idref="fl-4"/>
      </object_component>
      <object_component id="oc-9e">
         <name>.debug_info</name>
         <load_address>0x9088</load_address>
         <run_address>0x9088</run_address>
         <size>0xaa39</size>
         <input_file_ref idref="fl-5"/>
      </object_component>
      <object_component id="oc-a6">
         <name>.debug_info</name>
         <load_address>0x13ac1</load_address>
         <run_address>0x13ac1</run_address>
         <size>0x187a7</size>
         <input_file_ref idref="fl-6"/>
      </object_component>
      <object_component id="oc-ac">
         <name>.debug_info</name>
         <load_address>0x2c268</load_address>
         <run_address>0x2c268</run_address>
         <size>0x14839</size>
         <input_file_ref idref="fl-7"/>
      </object_component>
      <object_component id="oc-b4">
         <name>.debug_info</name>
         <load_address>0x40aa1</load_address>
         <run_address>0x40aa1</run_address>
         <size>0x5cb5</size>
         <input_file_ref idref="fl-8"/>
      </object_component>
      <object_component id="oc-b9">
         <name>.debug_info</name>
         <load_address>0x46756</load_address>
         <run_address>0x46756</run_address>
         <size>0x2de8</size>
         <input_file_ref idref="fl-9"/>
      </object_component>
      <object_component id="oc-bf">
         <name>.debug_info</name>
         <load_address>0x4953e</load_address>
         <run_address>0x4953e</run_address>
         <size>0x49f</size>
         <input_file_ref idref="fl-a"/>
      </object_component>
      <object_component id="oc-c5">
         <name>.debug_info</name>
         <load_address>0x499dd</load_address>
         <run_address>0x499dd</run_address>
         <size>0xe4</size>
         <input_file_ref idref="fl-b"/>
      </object_component>
      <object_component id="oc-c8">
         <name>.debug_info</name>
         <load_address>0x49ac1</load_address>
         <run_address>0x49ac1</run_address>
         <size>0xc38a</size>
         <input_file_ref idref="fl-c"/>
      </object_component>
      <object_component id="oc-cc">
         <name>.debug_info</name>
         <load_address>0x55e4b</load_address>
         <run_address>0x55e4b</run_address>
         <size>0x35f</size>
         <input_file_ref idref="fl-d"/>
      </object_component>
      <object_component id="oc-ce">
         <name>.debug_info</name>
         <load_address>0x561aa</load_address>
         <run_address>0x561aa</run_address>
         <size>0x6656</size>
         <input_file_ref idref="fl-e"/>
      </object_component>
      <object_component id="oc-d3">
         <name>.debug_info</name>
         <load_address>0x5c800</load_address>
         <run_address>0x5c800</run_address>
         <size>0x3491</size>
         <input_file_ref idref="fl-f"/>
      </object_component>
      <object_component id="oc-d7">
         <name>.debug_info</name>
         <load_address>0x5fc91</load_address>
         <run_address>0x5fc91</run_address>
         <size>0x19752</size>
         <input_file_ref idref="fl-10"/>
      </object_component>
      <object_component id="oc-db">
         <name>.debug_info</name>
         <load_address>0x793e3</load_address>
         <run_address>0x793e3</run_address>
         <size>0x4c565</size>
         <input_file_ref idref="fl-11"/>
      </object_component>
      <object_component id="oc-13e">
         <name>.debug_info</name>
         <load_address>0xc5948</load_address>
         <run_address>0xc5948</run_address>
         <size>0xf63f</size>
         <input_file_ref idref="fl-12"/>
      </object_component>
      <object_component id="oc-142">
         <name>.debug_info</name>
         <load_address>0xd4f87</load_address>
         <run_address>0xd4f87</run_address>
         <size>0x34f5</size>
         <input_file_ref idref="fl-13"/>
      </object_component>
      <object_component id="oc-147">
         <name>.debug_info</name>
         <load_address>0xd847c</load_address>
         <run_address>0xd847c</run_address>
         <size>0x967</size>
         <input_file_ref idref="fl-14"/>
      </object_component>
      <object_component id="oc-14d">
         <name>.debug_info</name>
         <load_address>0xd8de3</load_address>
         <run_address>0xd8de3</run_address>
         <size>0x11e</size>
         <input_file_ref idref="fl-15"/>
      </object_component>
      <object_component id="oc-150">
         <name>.debug_info</name>
         <load_address>0xd8f01</load_address>
         <run_address>0xd8f01</run_address>
         <size>0x4634</size>
         <input_file_ref idref="fl-16"/>
      </object_component>
      <object_component id="oc-157">
         <name>.debug_info</name>
         <load_address>0xdd535</load_address>
         <run_address>0xdd535</run_address>
         <size>0xdd</size>
         <input_file_ref idref="fl-26"/>
      </object_component>
      <object_component id="oc-15a">
         <name>.debug_info</name>
         <load_address>0xdd612</load_address>
         <run_address>0xdd612</run_address>
         <size>0x489</size>
         <input_file_ref idref="fl-27"/>
      </object_component>
      <object_component id="oc-160">
         <name>.debug_info</name>
         <load_address>0xdda9b</load_address>
         <run_address>0xdda9b</run_address>
         <size>0x5fe</size>
         <input_file_ref idref="fl-28"/>
      </object_component>
      <object_component id="oc-165">
         <name>.debug_info</name>
         <load_address>0xde099</load_address>
         <run_address>0xde099</run_address>
         <size>0xbf</size>
         <input_file_ref idref="fl-29"/>
      </object_component>
      <object_component id="oc-168">
         <name>.debug_info</name>
         <load_address>0xde158</load_address>
         <run_address>0xde158</run_address>
         <size>0x1203</size>
         <input_file_ref idref="fl-2a"/>
      </object_component>
      <object_component id="oc-16e">
         <name>.debug_info</name>
         <load_address>0xdf35b</load_address>
         <run_address>0xdf35b</run_address>
         <size>0x457</size>
         <input_file_ref idref="fl-2b"/>
      </object_component>
      <object_component id="oc-172">
         <name>.debug_info</name>
         <load_address>0xdf7b2</load_address>
         <run_address>0xdf7b2</run_address>
         <size>0x43a</size>
         <input_file_ref idref="fl-2c"/>
      </object_component>
      <object_component id="oc-176">
         <name>.debug_info</name>
         <load_address>0xdfbec</load_address>
         <run_address>0xdfbec</run_address>
         <size>0xaaa</size>
         <input_file_ref idref="fl-2d"/>
      </object_component>
      <object_component id="oc-17d">
         <name>.debug_info</name>
         <load_address>0xe0696</load_address>
         <run_address>0xe0696</run_address>
         <size>0x44d</size>
         <input_file_ref idref="fl-2e"/>
      </object_component>
      <object_component id="oc-181">
         <name>.debug_info</name>
         <load_address>0xe0ae3</load_address>
         <run_address>0xe0ae3</run_address>
         <size>0x43e</size>
         <input_file_ref idref="fl-2f"/>
      </object_component>
      <object_component id="oc-185">
         <name>.debug_info</name>
         <load_address>0xe0f21</load_address>
         <run_address>0xe0f21</run_address>
         <size>0x430</size>
         <input_file_ref idref="fl-30"/>
      </object_component>
      <object_component id="oc-189">
         <name>.debug_info</name>
         <load_address>0xe1351</load_address>
         <run_address>0xe1351</run_address>
         <size>0x41a</size>
         <input_file_ref idref="fl-31"/>
      </object_component>
      <object_component id="oc-18d">
         <name>.debug_info</name>
         <load_address>0xe176b</load_address>
         <run_address>0xe176b</run_address>
         <size>0x442</size>
         <input_file_ref idref="fl-32"/>
      </object_component>
      <object_component id="oc-191">
         <name>.debug_info</name>
         <load_address>0xe1bad</load_address>
         <run_address>0xe1bad</run_address>
         <size>0xda7</size>
         <input_file_ref idref="fl-33"/>
      </object_component>
      <object_component id="oc-197">
         <name>.debug_info</name>
         <load_address>0xe2954</load_address>
         <run_address>0xe2954</run_address>
         <size>0xe8</size>
         <input_file_ref idref="fl-34"/>
      </object_component>
      <object_component id="oc-19a">
         <name>.debug_info</name>
         <load_address>0xe2a3c</load_address>
         <run_address>0xe2a3c</run_address>
         <size>0x4af</size>
         <input_file_ref idref="fl-35"/>
      </object_component>
      <object_component id="oc-1a0">
         <name>.debug_info</name>
         <load_address>0xe2eeb</load_address>
         <run_address>0xe2eeb</run_address>
         <size>0x568</size>
         <input_file_ref idref="fl-36"/>
      </object_component>
      <object_component id="oc-1a5">
         <name>.debug_info</name>
         <load_address>0xe3453</load_address>
         <run_address>0xe3453</run_address>
         <size>0x470</size>
         <input_file_ref idref="fl-37"/>
      </object_component>
      <object_component id="oc-1a9">
         <name>.debug_info</name>
         <load_address>0xe38c3</load_address>
         <run_address>0xe38c3</run_address>
         <size>0x45a</size>
         <input_file_ref idref="fl-38"/>
      </object_component>
      <object_component id="oc-1ad">
         <name>.debug_info</name>
         <load_address>0xe3d1d</load_address>
         <run_address>0xe3d1d</run_address>
         <size>0x3f9</size>
         <input_file_ref idref="fl-39"/>
      </object_component>
      <object_component id="oc-27d">
         <name>.debug_info</name>
         <load_address>0xe4116</load_address>
         <run_address>0xe4116</run_address>
         <size>0x70</size>
      </object_component>
      <object_component id="oc-8d">
         <name>.debug_frame</name>
         <load_address>0x0</load_address>
         <run_address>0x0</run_address>
         <size>0x2b5</size>
         <input_file_ref idref="fl-2"/>
      </object_component>
      <object_component id="oc-95">
         <name>.debug_frame</name>
         <load_address>0x2b5</load_address>
         <run_address>0x2b5</run_address>
         <size>0x74e</size>
         <input_file_ref idref="fl-3"/>
      </object_component>
      <object_component id="oc-9b">
         <name>.debug_frame</name>
         <load_address>0xa03</load_address>
         <run_address>0xa03</run_address>
         <size>0x258</size>
         <input_file_ref idref="fl-4"/>
      </object_component>
      <object_component id="oc-a3">
         <name>.debug_frame</name>
         <load_address>0xc5b</load_address>
         <run_address>0xc5b</run_address>
         <size>0x392</size>
         <input_file_ref idref="fl-5"/>
      </object_component>
      <object_component id="oc-a9">
         <name>.debug_frame</name>
         <load_address>0xfed</load_address>
         <run_address>0xfed</run_address>
         <size>0x2fd</size>
         <input_file_ref idref="fl-6"/>
      </object_component>
      <object_component id="oc-b1">
         <name>.debug_frame</name>
         <load_address>0x12ea</load_address>
         <run_address>0x12ea</run_address>
         <size>0x304</size>
         <input_file_ref idref="fl-7"/>
      </object_component>
      <object_component id="oc-b6">
         <name>.debug_frame</name>
         <load_address>0x15ee</load_address>
         <run_address>0x15ee</run_address>
         <size>0x18b</size>
         <input_file_ref idref="fl-8"/>
      </object_component>
      <object_component id="oc-bc">
         <name>.debug_frame</name>
         <load_address>0x1779</load_address>
         <run_address>0x1779</run_address>
         <size>0x48c</size>
         <input_file_ref idref="fl-9"/>
      </object_component>
      <object_component id="oc-c1">
         <name>.debug_frame</name>
         <load_address>0x1c05</load_address>
         <run_address>0x1c05</run_address>
         <size>0x8e</size>
         <input_file_ref idref="fl-a"/>
      </object_component>
      <object_component id="oc-c9">
         <name>.debug_frame</name>
         <load_address>0x1c93</load_address>
         <run_address>0x1c93</run_address>
         <size>0x283</size>
         <input_file_ref idref="fl-c"/>
      </object_component>
      <object_component id="oc-d0">
         <name>.debug_frame</name>
         <load_address>0x1f16</load_address>
         <run_address>0x1f16</run_address>
         <size>0xac</size>
         <input_file_ref idref="fl-e"/>
      </object_component>
      <object_component id="oc-d4">
         <name>.debug_frame</name>
         <load_address>0x1fc2</load_address>
         <run_address>0x1fc2</run_address>
         <size>0xbe</size>
         <input_file_ref idref="fl-f"/>
      </object_component>
      <object_component id="oc-d8">
         <name>.debug_frame</name>
         <load_address>0x2080</load_address>
         <run_address>0x2080</run_address>
         <size>0x228</size>
         <input_file_ref idref="fl-10"/>
      </object_component>
      <object_component id="oc-13f">
         <name>.debug_frame</name>
         <load_address>0x22a8</load_address>
         <run_address>0x22a8</run_address>
         <size>0x1c6</size>
         <input_file_ref idref="fl-12"/>
      </object_component>
      <object_component id="oc-144">
         <name>.debug_frame</name>
         <load_address>0x246e</load_address>
         <run_address>0x246e</run_address>
         <size>0x16a2</size>
         <input_file_ref idref="fl-13"/>
      </object_component>
      <object_component id="oc-149">
         <name>.debug_frame</name>
         <load_address>0x3b10</load_address>
         <run_address>0x3b10</run_address>
         <size>0xc5</size>
         <input_file_ref idref="fl-14"/>
      </object_component>
      <object_component id="oc-151">
         <name>.debug_frame</name>
         <load_address>0x3bd5</load_address>
         <run_address>0x3bd5</run_address>
         <size>0xcb</size>
         <input_file_ref idref="fl-16"/>
      </object_component>
      <object_component id="oc-15d">
         <name>.debug_frame</name>
         <load_address>0x3ca0</load_address>
         <run_address>0x3ca0</run_address>
         <size>0xc7</size>
         <input_file_ref idref="fl-27"/>
      </object_component>
      <object_component id="oc-161">
         <name>.debug_frame</name>
         <load_address>0x3d67</load_address>
         <run_address>0x3d67</run_address>
         <size>0xe8</size>
         <input_file_ref idref="fl-28"/>
      </object_component>
      <object_component id="oc-16b">
         <name>.debug_frame</name>
         <load_address>0x3e4f</load_address>
         <run_address>0x3e4f</run_address>
         <size>0x258</size>
         <input_file_ref idref="fl-2a"/>
      </object_component>
      <object_component id="oc-16f">
         <name>.debug_frame</name>
         <load_address>0x40a7</load_address>
         <run_address>0x40a7</run_address>
         <size>0xa6</size>
         <input_file_ref idref="fl-2b"/>
      </object_component>
      <object_component id="oc-173">
         <name>.debug_frame</name>
         <load_address>0x414d</load_address>
         <run_address>0x414d</run_address>
         <size>0xa6</size>
         <input_file_ref idref="fl-2c"/>
      </object_component>
      <object_component id="oc-17a">
         <name>.debug_frame</name>
         <load_address>0x41f3</load_address>
         <run_address>0x41f3</run_address>
         <size>0x1a8</size>
         <input_file_ref idref="fl-2d"/>
      </object_component>
      <object_component id="oc-17e">
         <name>.debug_frame</name>
         <load_address>0x439b</load_address>
         <run_address>0x439b</run_address>
         <size>0xa6</size>
         <input_file_ref idref="fl-2e"/>
      </object_component>
      <object_component id="oc-182">
         <name>.debug_frame</name>
         <load_address>0x4441</load_address>
         <run_address>0x4441</run_address>
         <size>0xa6</size>
         <input_file_ref idref="fl-2f"/>
      </object_component>
      <object_component id="oc-186">
         <name>.debug_frame</name>
         <load_address>0x44e7</load_address>
         <run_address>0x44e7</run_address>
         <size>0xa6</size>
         <input_file_ref idref="fl-30"/>
      </object_component>
      <object_component id="oc-18a">
         <name>.debug_frame</name>
         <load_address>0x458d</load_address>
         <run_address>0x458d</run_address>
         <size>0xa6</size>
         <input_file_ref idref="fl-31"/>
      </object_component>
      <object_component id="oc-18e">
         <name>.debug_frame</name>
         <load_address>0x4633</load_address>
         <run_address>0x4633</run_address>
         <size>0xa6</size>
         <input_file_ref idref="fl-32"/>
      </object_component>
      <object_component id="oc-193">
         <name>.debug_frame</name>
         <load_address>0x46d9</load_address>
         <run_address>0x46d9</run_address>
         <size>0x270</size>
         <input_file_ref idref="fl-33"/>
      </object_component>
      <object_component id="oc-19d">
         <name>.debug_frame</name>
         <load_address>0x4949</load_address>
         <run_address>0x4949</run_address>
         <size>0xd6</size>
         <input_file_ref idref="fl-35"/>
      </object_component>
      <object_component id="oc-1a2">
         <name>.debug_frame</name>
         <load_address>0x4a1f</load_address>
         <run_address>0x4a1f</run_address>
         <size>0xda</size>
         <input_file_ref idref="fl-36"/>
      </object_component>
      <object_component id="oc-1a6">
         <name>.debug_frame</name>
         <load_address>0x4af9</load_address>
         <run_address>0x4af9</run_address>
         <size>0xa6</size>
         <input_file_ref idref="fl-37"/>
      </object_component>
      <object_component id="oc-1ae">
         <name>.debug_frame</name>
         <load_address>0x4b9f</load_address>
         <run_address>0x4b9f</run_address>
         <size>0xa6</size>
         <input_file_ref idref="fl-39"/>
      </object_component>
      <object_component id="oc-8e">
         <name>.debug_line</name>
         <load_address>0x0</load_address>
         <run_address>0x0</run_address>
         <size>0x60f</size>
         <input_file_ref idref="fl-2"/>
      </object_component>
      <object_component id="oc-96">
         <name>.debug_line</name>
         <load_address>0x60f</load_address>
         <run_address>0x60f</run_address>
         <size>0x7f7</size>
         <input_file_ref idref="fl-3"/>
      </object_component>
      <object_component id="oc-9c">
         <name>.debug_line</name>
         <load_address>0xe06</load_address>
         <run_address>0xe06</run_address>
         <size>0x2e0</size>
         <input_file_ref idref="fl-4"/>
      </object_component>
      <object_component id="oc-a4">
         <name>.debug_line</name>
         <load_address>0x10e6</load_address>
         <run_address>0x10e6</run_address>
         <size>0x55a</size>
         <input_file_ref idref="fl-5"/>
      </object_component>
      <object_component id="oc-aa">
         <name>.debug_line</name>
         <load_address>0x1640</load_address>
         <run_address>0x1640</run_address>
         <size>0x582</size>
         <input_file_ref idref="fl-6"/>
      </object_component>
      <object_component id="oc-b2">
         <name>.debug_line</name>
         <load_address>0x1bc2</load_address>
         <run_address>0x1bc2</run_address>
         <size>0x65d</size>
         <input_file_ref idref="fl-7"/>
      </object_component>
      <object_component id="oc-b7">
         <name>.debug_line</name>
         <load_address>0x221f</load_address>
         <run_address>0x221f</run_address>
         <size>0x19e</size>
         <input_file_ref idref="fl-8"/>
      </object_component>
      <object_component id="oc-bd">
         <name>.debug_line</name>
         <load_address>0x23bd</load_address>
         <run_address>0x23bd</run_address>
         <size>0xbdf</size>
         <input_file_ref idref="fl-9"/>
      </object_component>
      <object_component id="oc-c2">
         <name>.debug_line</name>
         <load_address>0x2f9c</load_address>
         <run_address>0x2f9c</run_address>
         <size>0x2a</size>
         <input_file_ref idref="fl-a"/>
      </object_component>
      <object_component id="oc-c6">
         <name>.debug_line</name>
         <load_address>0x2fc6</load_address>
         <run_address>0x2fc6</run_address>
         <size>0x44</size>
         <input_file_ref idref="fl-b"/>
      </object_component>
      <object_component id="oc-ca">
         <name>.debug_line</name>
         <load_address>0x300a</load_address>
         <run_address>0x300a</run_address>
         <size>0x44a</size>
         <input_file_ref idref="fl-c"/>
      </object_component>
      <object_component id="oc-d1">
         <name>.debug_line</name>
         <load_address>0x3454</load_address>
         <run_address>0x3454</run_address>
         <size>0x66</size>
         <input_file_ref idref="fl-e"/>
      </object_component>
      <object_component id="oc-d5">
         <name>.debug_line</name>
         <load_address>0x34ba</load_address>
         <run_address>0x34ba</run_address>
         <size>0x82</size>
         <input_file_ref idref="fl-f"/>
      </object_component>
      <object_component id="oc-d9">
         <name>.debug_line</name>
         <load_address>0x353c</load_address>
         <run_address>0x353c</run_address>
         <size>0x261</size>
         <input_file_ref idref="fl-10"/>
      </object_component>
      <object_component id="oc-140">
         <name>.debug_line</name>
         <load_address>0x379d</load_address>
         <run_address>0x379d</run_address>
         <size>0x1b7</size>
         <input_file_ref idref="fl-12"/>
      </object_component>
      <object_component id="oc-145">
         <name>.debug_line</name>
         <load_address>0x3954</load_address>
         <run_address>0x3954</run_address>
         <size>0xcd8</size>
         <input_file_ref idref="fl-13"/>
      </object_component>
      <object_component id="oc-14a">
         <name>.debug_line</name>
         <load_address>0x462c</load_address>
         <run_address>0x462c</run_address>
         <size>0x84</size>
         <input_file_ref idref="fl-14"/>
      </object_component>
      <object_component id="oc-14e">
         <name>.debug_line</name>
         <load_address>0x46b0</load_address>
         <run_address>0x46b0</run_address>
         <size>0x5d</size>
         <input_file_ref idref="fl-15"/>
      </object_component>
      <object_component id="oc-152">
         <name>.debug_line</name>
         <load_address>0x470d</load_address>
         <run_address>0x470d</run_address>
         <size>0xe5</size>
         <input_file_ref idref="fl-16"/>
      </object_component>
      <object_component id="oc-158">
         <name>.debug_line</name>
         <load_address>0x47f2</load_address>
         <run_address>0x47f2</run_address>
         <size>0x71</size>
         <input_file_ref idref="fl-26"/>
      </object_component>
      <object_component id="oc-15e">
         <name>.debug_line</name>
         <load_address>0x4863</load_address>
         <run_address>0x4863</run_address>
         <size>0x62</size>
         <input_file_ref idref="fl-27"/>
      </object_component>
      <object_component id="oc-162">
         <name>.debug_line</name>
         <load_address>0x48c5</load_address>
         <run_address>0x48c5</run_address>
         <size>0xa5</size>
         <input_file_ref idref="fl-28"/>
      </object_component>
      <object_component id="oc-166">
         <name>.debug_line</name>
         <load_address>0x496a</load_address>
         <run_address>0x496a</run_address>
         <size>0xaa</size>
         <input_file_ref idref="fl-29"/>
      </object_component>
      <object_component id="oc-16c">
         <name>.debug_line</name>
         <load_address>0x4a14</load_address>
         <run_address>0x4a14</run_address>
         <size>0x2b4</size>
         <input_file_ref idref="fl-2a"/>
      </object_component>
      <object_component id="oc-170">
         <name>.debug_line</name>
         <load_address>0x4cc8</load_address>
         <run_address>0x4cc8</run_address>
         <size>0x5b</size>
         <input_file_ref idref="fl-2b"/>
      </object_component>
      <object_component id="oc-174">
         <name>.debug_line</name>
         <load_address>0x4d23</load_address>
         <run_address>0x4d23</run_address>
         <size>0x5c</size>
         <input_file_ref idref="fl-2c"/>
      </object_component>
      <object_component id="oc-17b">
[...]
         <object_component_ref idref="oc-143"/>
      </symbol>
      <symbol id="sm-944">
         <name>_CANA0_ISR</name>
         <value>0x8b0c</value>
         <object_component_ref idref="oc-143"/>
      </symbol>
      <symbol id="sm-945">
         <name>_CANB0_ISR</name>
         <value>0x8b20</value>
         <object_component_ref idref="oc-143"/>
      </symbol>
      <symbol id="sm-946">
         <name>_EMIF_ERROR_ISR</name>
         <value>0x8d14</value>
         <object_component_ref idref="oc-143"/>
      </symbol>
      <symbol id="sm-947">
         <name>_EPWM8_ISR</name>
         <value>0x89a4</value>
         <object_component_ref idref="oc-143"/>
      </symbol>
      <symbol id="sm-948">
         <name>_MCBSPB_RX_ISR</name>
         <value>0x8a44</value>
         <object_component_ref idref="oc-143"/>
      </symbol>
      <symbol id="sm-949">
         <name>_EPWM2_ISR</name>
         <value>0x8968</value>
         <object_component_ref idref="oc-143"/>
      </symbol>
      <symbol id="sm-94a">
         <name>_MCBSPB_TX_ISR</name>
         <value>0x8a4e</value>
         <object_component_ref idref="oc-143"/>
      </symbol>
      <symbol id="sm-94b">
         <name>_CLA1_5_ISR</name>
         <value>0x8bac</value>
         <object_component_ref idref="oc-143"/>
      </symbol>
      <symbol id="sm-94c">
         <name>_EPWM5_TZ_ISR</name>
         <value>0x8936</value>
         <object_component_ref idref="oc-143"/>
      </symbol>
      <symbol id="sm-94d">
         <name>_I2CB_FIFO_ISR</name>
         <value>0x8ab2</value>
         <object_component_ref idref="oc-143"/>
      </symbol>
      <symbol id="sm-94e">
         <name>_WAKE_ISR</name>
         <value>0x8904</value>
         <object_component_ref idref="oc-143"/>
      </symbol>
      <symbol id="sm-94f">
         <name>_XINT2_ISR</name>
         <value>0x88e6</value>
         <object_component_ref idref="oc-143"/>
      </symbol>
      <symbol id="sm-950">
         <name>_EPWM12_TZ_ISR</name>
         <value>0x8c56</value>
         <object_component_ref idref="oc-143"/>
      </symbol>
      <symbol id="sm-951">
         <name>_DMA_CH1_ISR</name>
         <value>0x8a58</value>
         <object_component_ref idref="oc-143"/>
      </symbol>
      <symbol id="sm-952">
         <name>_CANA1_ISR</name>
         <value>0x8b16</value>
         <object_component_ref idref="oc-143"/>
      </symbol>
      <symbol id="sm-953">
         <name>_CANB1_ISR</name>
         <value>0x8b2a</value>
         <object_component_ref idref="oc-143"/>
      </symbol>
      <symbol id="sm-954">
         <name>_ADCA_EVT_ISR</name>
         <value>0x8b34</value>
         <object_component_ref idref="oc-143"/>
      </symbol>
      <symbol id="sm-955">
         <name>_EPWM11_ISR</name>
         <value>0x8c74</value>
         <object_component_ref idref="oc-143"/>
      </symbol>
      <symbol id="sm-956">
         <name>_SCIC_RX_ISR</name>
         <value>0x8abc</value>
         <object_component_ref idref="oc-143"/>
      </symbol>
      <symbol id="sm-957">
         <name>_SCIC_TX_ISR</name>
         <value>0x8ac6</value>
         <object_component_ref idref="oc-143"/>
      </symbol>
      <symbol id="sm-958">
         <name>_EPWM9_ISR</name>
         <value>0x8c60</value>
         <object_component_ref idref="oc-143"/>
      </symbol>
      <symbol id="sm-959">
         <name>_SPIB_RX_ISR</name>
         <value>0x8a1c</value>
         <object_component_ref idref="oc-143"/>
      </symbol>
      <symbol id="sm-95a">
         <name>_SPIB_TX_ISR</name>
         <value>0x8a26</value>
         <object_component_ref idref="oc-143"/>
      </symbol>
      <symbol id="sm-95b">
         <name>_EPWM3_ISR</name>
         <value>0x8972</value>
         <object_component_ref idref="oc-143"/>
      </symbol>
      <symbol id="sm-95c">
         <name>_USER9_ISR</name>
         <value>0x8896</value>
         <object_component_ref idref="oc-143"/>
      </symbol>
      <symbol id="sm-95d">
         <name>_CLA1_6_ISR</name>
         <value>0x8bb6</value>
         <object_component_ref idref="oc-143"/>
      </symbol>
      <symbol id="sm-95e">
         <name>_USER3_ISR</name>
         <value>0x885a</value>
         <object_component_ref idref="oc-143"/>
      </symbol>
      <symbol id="sm-95f">
         <name>_NOTUSED_ISR</name>
         <value>0x8d7b</value>
         <object_component_ref idref="oc-143"/>
      </symbol>
      <symbol id="sm-960">
         <name>_RAM_ACCESS_VIOLATION_ISR</name>
         <value>0x8d32</value>
         <object_component_ref idref="oc-143"/>
      </symbol>
      <symbol id="sm-961">
         <name>_DMA_CH2_ISR</name>
         <value>0x8a62</value>
         <object_component_ref idref="oc-143"/>
      </symbol>
      <symbol id="sm-962">
         <name>_ECAP4_ISR</name>
         <value>0x89cc</value>
         <object_component_ref idref="oc-143"/>
      </symbol>
      <symbol id="sm-963">
         <name>_VCU_ISR</name>
         <value>0x8bf2</value>
         <object_component_ref idref="oc-143"/>
      </symbol>
      <symbol id="sm-964">
         <name>_EPWM10_ISR</name>
         <value>0x8c6a</value>
         <object_component_ref idref="oc-143"/>
      </symbol>
      <symbol id="sm-965">
         <name>_ADCA1_ISR</name>
         <value>0x88be</value>
         <object_component_ref idref="oc-143"/>
      </symbol>
      <symbol id="sm-966">
         <name>_FPU_UNDERFLOW_ISR</name>
         <value>0x8c06</value>
         <object_component_ref idref="oc-143"/>
      </symbol>
      <symbol id="sm-967">
         <name>_ADCB1_ISR</name>
         <value>0x88c8</value>
         <object_component_ref idref="oc-143"/>
      </symbol>
      <symbol id="sm-968">
         <name>_ADCC1_ISR</name>
         <value>0x88d2</value>
         <object_component_ref idref="oc-143"/>
      </symbol>
      <symbol id="sm-969">
         <name>_ADCD1_ISR</name>
         <value>0x88f0</value>
         <object_component_ref idref="oc-143"/>
      </symbol>
      <symbol id="sm-96a">
         <name>_USER8_ISR</name>
         <value>0x888c</value>
         <object_component_ref idref="oc-143"/>
      </symbol>
      <symbol id="sm-96b">
         <name>_ADCD_EVT_ISR</name>
         <value>0x8cec</value>
         <object_component_ref idref="oc-143"/>
      </symbol>
      <symbol id="sm-96c">
         <name>_CLA1_7_ISR</name>
         <value>0x8bc0</value>
         <object_component_ref idref="oc-143"/>
      </symbol>
      <symbol id="sm-96d">
         <name>_USER2_ISR</name>
         <value>0x8850</value>
         <object_component_ref idref="oc-143"/>
      </symbol>
      <symbol id="sm-96e">
         <name>_EPWM1_TZ_ISR</name>
         <value>0x890e</value>
         <object_component_ref idref="oc-143"/>
      </symbol>
      <symbol id="sm-96f">
         <name>_EPWM11_TZ_ISR</name>
         <value>0x8c4c</value>
         <object_component_ref idref="oc-143"/>
      </symbol>
      <symbol id="sm-970">
         <name>_DMA_CH3_ISR</name>
         <value>0x8a6c</value>
         <object_component_ref idref="oc-143"/>
      </symbol>
      <symbol id="sm-971">
         <name>_ECAP5_ISR</name>
         <value>0x89d6</value>
         <object_component_ref idref="oc-143"/>
      </symbol>
      <symbol id="sm-972">
         <name>_ADCA2_ISR</name>
         <value>0x8b3e</value>
         <object_component_ref idref="oc-143"/>
      </symbol>
      <symbol id="sm-973">
         <name>_ADCB2_ISR</name>
         <value>0x8b66</value>
         <object_component_ref idref="oc-143"/>
      </symbol>
      <symbol id="sm-974">
         <name>_ADCC2_ISR</name>
         <value>0x8cce</value>
         <object_component_ref idref="oc-143"/>
      </symbol>
      <symbol id="sm-975">
         <name>_SCIB_RX_ISR</name>
         <value>0x8af8</value>
         <object_component_ref idref="oc-143"/>
      </symbol>
      <symbol id="sm-976">
         <name>_ADCD2_ISR</name>
         <value>0x8cf6</value>
         <object_component_ref idref="oc-143"/>
      </symbol>
      <symbol id="sm-977">
         <name>_EMU_ISR</name>
         <value>0x8828</value>
         <object_component_ref idref="oc-143"/>
      </symbol>
      <symbol id="sm-978">
         <name>_SCIB_TX_ISR</name>
         <value>0x8b02</value>
         <object_component_ref idref="oc-143"/>
      </symbol>
      <symbol id="sm-979">
         <name>_SPIA_RX_ISR</name>
         <value>0x8a08</value>
         <object_component_ref idref="oc-143"/>
      </symbol>
      <symbol id="sm-97a">
         <name>_SPIA_TX_ISR</name>
         <value>0x8a12</value>
         <object_component_ref idref="oc-143"/>
      </symbol>
      <symbol id="sm-97b">
         <name>_XINT5_ISR</name>
         <value>0x8be8</value>
         <object_component_ref idref="oc-143"/>
      </symbol>
      <symbol id="sm-97c">
         <name>_UPPA_ISR</name>
         <value>0x8cb0</value>
         <object_component_ref idref="oc-143"/>
      </symbol>
      <symbol id="sm-97d">
         <name>_CLA_OVERFLOW_ISR</name>
         <value>0x8d50</value>
         <object_component_ref idref="oc-143"/>
      </symbol>
      <symbol id="sm-989">
         <name>_CpuTimer2</name>
         <value>0x12ea0</value>
         <object_component_ref idref="oc-148"/>
      </symbol>
      <symbol id="sm-98a">
         <name>_CpuTimer0</name>
         <value>0x12ea8</value>
         <object_component_ref idref="oc-148"/>
      </symbol>
      <symbol id="sm-98b">
         <name>_CpuTimer1</name>
         <value>0x12e98</value>
         <object_component_ref idref="oc-148"/>
      </symbol>
      <symbol id="sm-98c">
         <name>_InitCpuTimers</name>
         <value>0x8752</value>
         <object_component_ref idref="oc-1d1"/>
      </symbol>
      <symbol id="sm-98d">
         <name>_ConfigCpuTimer</name>
         <value>0x8793</value>
         <object_component_ref idref="oc-1d1"/>
      </symbol>
      <symbol id="sm-998">
         <name>code_start</name>
         <value>0x0</value>
         <object_component_ref idref="oc-87"/>
      </symbol>
      <symbol id="sm-9af">
         <name>_CalAdcINL</name>
         <value>0x15faf</value>
         <object_component_ref idref="oc-1d5"/>
      </symbol>
      <symbol id="sm-9b0">
         <name>_AdcSetMode</name>
         <value>0x15f0c</value>
         <object_component_ref idref="oc-1d5"/>
      </symbol>
      <symbol id="sm-9c4">
         <name>_c_int00</name>
         <value>0x3b6</value>
         <object_component_ref idref="oc-154"/>
      </symbol>
      <symbol id="sm-9c5">
         <name>__stack</name>
         <value>0xd000</value>
         <object_component_ref idref="oc-155"/>
      </symbol>
      <symbol id="sm-9d6">
         <name>C$$EXIT</name>
         <value>0x9f80</value>
         <object_component_ref idref="oc-1be"/>
      </symbol>
      <symbol id="sm-9d7">
         <name>_exit</name>
         <value>0x9f82</value>
         <object_component_ref idref="oc-1be"/>
      </symbol>
      <symbol id="sm-9d8">
         <name>___TI_cleanup_ptr</name>
         <value>0x12f7c</value>
         <object_component_ref idref="oc-15c"/>
      </symbol>
      <symbol id="sm-9d9">
         <name>_abort</name>
         <value>0x9f80</value>
         <object_component_ref idref="oc-1be"/>
      </symbol>
      <symbol id="sm-9da">
         <name>___TI_dtors_ptr</name>
         <value>0x12f7e</value>
         <object_component_ref idref="oc-15c"/>
      </symbol>
      <symbol id="sm-9ee">
         <name>___TI_doflush</name>
         <value>0x9775</value>
         <object_component_ref idref="oc-1b6"/>
      </symbol>
      <symbol id="sm-9ef">
         <name>_fflush</name>
         <value>0x97a4</value>
         <object_component_ref idref="oc-1b6"/>
      </symbol>
      <symbol id="sm-9fc">
         <name>FS$$DIV</name>
         <value>0xb725</value>
         <object_component_ref idref="oc-164"/>
      </symbol>
      <symbol id="sm-a31">
         <name>_add_device</name>
         <value>0x96f7</value>
         <object_component_ref idref="oc-1c3"/>
      </symbol>
      <symbol id="sm-a32">
         <name>_rename</name>
         <value>0x95db</value>
         <object_component_ref idref="oc-1c3"/>
      </symbol>
      <symbol id="sm-a33">
         <name>_read</name>
         <value>0x9621</value>
         <object_component_ref idref="oc-1c3"/>
      </symbol>
      <symbol id="sm-a34">
         <name>_unlink</name>
         <value>0x95c3</value>
         <object_component_ref idref="oc-1c3"/>
      </symbol>
      <symbol id="sm-a35">
         <name>_remove_device</name>
         <value>0x9607</value>
         <object_component_ref idref="oc-1c3"/>
      </symbol>
      <symbol id="sm-a36">
         <name>_open</name>
         <value>0x9639</value>
         <object_component_ref idref="oc-1c3"/>
      </symbol>
      <symbol id="sm-a37">
         <name>_lseek</name>
         <value>0x96ad</value>
         <object_component_ref idref="oc-1c3"/>
      </symbol>
      <symbol id="sm-a38">
         <name>_close</name>
         <value>0x96c5</value>
         <object_component_ref idref="oc-1c3"/>
      </symbol>
      <symbol id="sm-a39">
         <name>_write</name>
         <value>0x955c</value>
         <object_component_ref idref="oc-1c3"/>
      </symbol>
      <symbol id="sm-a46">
         <name>_memcmp</name>
         <value>0x97e8</value>
         <object_component_ref idref="oc-1d7"/>
      </symbol>
      <symbol id="sm-a55">
         <name>___memcpy_ff</name>
         <value>0x87cf</value>
         <object_component_ref idref="oc-1b4"/>
      </symbol>
      <symbol id="sm-a9a">
         <name>__sys_memory</name>
         <value>0xc000</value>
         <object_component_ref idref="oc-178"/>
      </symbol>
      <symbol id="sm-a9b">
         <name>_chkheap</name>
         <value>0x15ef2</value>
         <object_component_ref idref="oc-1d2"/>
      </symbol>
      <symbol id="sm-a9c">
         <name>_realloc</name>
         <value>0x15dfd</value>
         <object_component_ref idref="oc-1d2"/>
      </symbol>
      <symbol id="sm-a9d">
         <name>_free_memory</name>
         <value>0x15ed4</value>
         <object_component_ref idref="oc-1d2"/>
      </symbol>
      <symbol id="sm-a9e">
         <name>_max_free</name>
         <value>0x15eb2</value>
         <object_component_ref idref="oc-1d2"/>
      </symbol>
      <symbol id="sm-a9f">
         <name>_free</name>
         <value>0x15d35</value>
         <object_component_ref idref="oc-1d2"/>
      </symbol>
      <symbol id="sm-aa0">
         <name>_calloc</name>
         <value>0x15ef4</value>
         <object_component_ref idref="oc-1d2"/>
      </symbol>
      <symbol id="sm-aa1">
         <name>_malloc</name>
         <value>0x15d9e</value>
         <object_component_ref idref="oc-1d2"/>
      </symbol>
      <symbol id="sm-aa2">
         <name>_minit</name>
         <value>0x15d78</value>
         <object_component_ref idref="oc-1d2"/>
      </symbol>
      <symbol id="sm-aae">
         <name>_memset</name>
         <value>0x8fee</value>
         <object_component_ref idref="oc-1d8"/>
      </symbol>
      <symbol id="sm-abb">
         <name>_strchr</name>
         <value>0x9f99</value>
         <object_component_ref idref="oc-1cb"/>
      </symbol>
      <symbol id="sm-ac7">
         <name>_strcmp</name>
         <value>0x9fb0</value>
         <object_component_ref idref="oc-1ca"/>
      </symbol>
      <symbol id="sm-ad2">
         <name>_strcpy</name>
         <value>0xb7fa</value>
         <object_component_ref idref="oc-1b5"/>
      </symbol>
      <symbol id="sm-ae0">
         <name>_strncpy</name>
         <value>0x8fd0</value>
         <object_component_ref idref="oc-1cc"/>
      </symbol>
      <symbol id="sm-af1">
         <name>_HOSTopen</name>
         <value>0x9e5c</value>
         <object_component_ref idref="oc-1bf"/>
      </symbol>
      <symbol id="sm-af2">
         <name>_HOSTread</name>
         <value>0x9e1e</value>
         <object_component_ref idref="oc-1bf"/>
      </symbol>
      <symbol id="sm-af3">
         <name>_HOSTgetenv</name>
         <value>0x9ee8</value>
         <object_component_ref idref="oc-1bf"/>
      </symbol>
      <symbol id="sm-af4">
         <name>_HOSTtime</name>
         <value>0x9db5</value>
         <object_component_ref idref="oc-1bf"/>
      </symbol>
      <symbol id="sm-af5">
         <name>_HOSTrename</name>
         <value>0x9de0</value>
         <object_component_ref idref="oc-1bf"/>
      </symbol>
      <symbol id="sm-af6">
         <name>_HOSTclock</name>
         <value>0x9f3c</value>
         <object_component_ref idref="oc-1bf"/>
      </symbol>
      <symbol id="sm-af7">
         <name>_HOSTwrite</name>
         <value>0x9d56</value>
         <object_component_ref idref="oc-1bf"/>
      </symbol>
      <symbol id="sm-af8">
         <name>_HOSTlseek</name>
         <value>0x9e9b</value>
         <object_component_ref idref="oc-1bf"/>
      </symbol>
      <symbol id="sm-af9">
         <name>_HOSTunlink</name>
         <value>0x9d8d</value>
         <object_component_ref idref="oc-1bf"/>
      </symbol>
      <symbol id="sm-afa">
         <name>_HOSTclose</name>
         <value>0x9f12</value>
         <object_component_ref idref="oc-1bf"/>
      </symbol>
      <symbol id="sm-b02">
         <name>U$$MOD</name>
         <value>0x9faa</value>
         <object_component_ref idref="oc-196"/>
      </symbol>
      <symbol id="sm-b03">
         <name>U$$DIV</name>
         <value>0x9fa5</value>
         <object_component_ref idref="oc-196"/>
      </symbol>
      <symbol id="sm-b11">
         <name>__unlock</name>
         <value>0x12f78</value>
         <object_component_ref idref="oc-19c"/>
      </symbol>
      <symbol id="sm-b12">
         <name>__lock</name>
         <value>0x12f7a</value>
         <object_component_ref idref="oc-19c"/>
      </symbol>
      <symbol id="sm-b13">
         <name>__register_lock</name>
         <value>0x9fbe</value>
         <object_component_ref idref="oc-1c0"/>
      </symbol>
      <symbol id="sm-b14">
         <name>__nop</name>
         <value>0x9fc2</value>
         <object_component_ref idref="oc-1c0"/>
      </symbol>
      <symbol id="sm-b15">
         <name>__register_unlock</name>
         <value>0x9fba</value>
         <object_component_ref idref="oc-1c0"/>
      </symbol>
      <symbol id="sm-b2c">
         <name>___TI_readmsg</name>
         <value>0x37c</value>
         <object_component_ref idref="oc-1c8"/>
      </symbol>
      <symbol id="sm-b2d">
         <name>C$$IO$$</name>
         <value>0x378</value>
         <object_component_ref idref="oc-1c8"/>
      </symbol>
      <symbol id="sm-b2e">
         <name>__CIOBUF_</name>
         <value>0x400</value>
         <object_component_ref idref="oc-1a1"/>
      </symbol>
      <symbol id="sm-b2f">
         <name>___TI_writemsg</name>
         <value>0x328</value>
         <object_component_ref idref="oc-1c8"/>
      </symbol>
      <symbol id="sm-b3b">
         <name>__args_main</name>
         <value>0x9f67</value>
         <object_component_ref idref="oc-1bd"/>
      </symbol>
      <symbol id="sm-b3c">
         <name>__TI_args_main</name>
         <value>0x1</value>
      </symbol>
      <symbol id="sm-b46">
         <name>___TI_ft_end</name>
         <value>0x16180</value>
         <object_component_ref idref="oc-1ab"/>
      </symbol>
      <symbol id="sm-b47">
         <name>___TI_tmpnams</name>
         <value>0x16240</value>
         <object_component_ref idref="oc-1ab"/>
      </symbol>
      <symbol id="sm-b48">
         <name>__ftable</name>
         <value>0x161c0</value>
         <object_component_ref idref="oc-1ab"/>
      </symbol>
      <symbol id="sm-b53">
         <name>_strlen</name>
         <value>0x9fcb</value>
         <object_component_ref idref="oc-1c9"/>
      </symbol>
   </symbol_table>
   <title>Link successful</title>
</link_info>
