******************************************************************************
             TMS320C2000 Linker PC v6.2.11                     
******************************************************************************
>> Linked Tue Sep 27 11:28:40 2016

OUTPUT FILE NAME:   <test_kunan.out>
ENTRY POINT SYMBOL: "code_start"  address: 00000000


MEMORY CONFIGURATION

         name            origin    length      used     unused   attr    fill
----------------------  --------  ---------  --------  --------  ----  --------
PAGE 0:
  BEGIN                 00000000   00000002  00000002  00000000  RWIX
  RAMM0                 00000122   000002de  000002de  00000000  RWIX
  RAMLS0                00008000   00000800  000007ff  00000001  RWIX
  RAMLS1                00008800   00000800  000007ff  00000001  RWIX
  RAMLS2                00009000   00000800  00000800  00000000  RWIX
  RAMLS3                00009800   00000800  000007fe  00000002  RWIX
  RAMLS4                0000a000   00000800  00000685  0000017b  RWIX
  RAMD0                 0000b000   00000800  000007ff  00000001  RWIX
  RAMGS7                00012000   00001000  000009ba  00000646  RWIX
  RESET                 003fffc0   00000002  00000000  00000002  RWIX

PAGE 1:
  BOOT_RSVD             00000002   00000120  00000000  00000120  RWIX
  RAMM1                 00000400   00000400  00000400  00000000  RWIX
  ADCA_RESULT           00000b00   00000020  00000018  00000008  RWIX
  ADCB_RESULT           00000b20   00000020  00000018  00000008  RWIX
  ADCC_RESULT           00000b40   00000020  00000018  00000008  RWIX
  ADCD_RESULT           00000b60   00000020  00000018  00000008  RWIX
  CPU_TIMER0            00000c00   00000008  00000008  00000000  RWIX
  CPU_TIMER1            00000c08   00000008  00000008  00000000  RWIX
  CPU_TIMER2            00000c10   00000008  00000008  00000000  RWIX
  PIE_CTRL              00000ce0   00000020  0000001a  00000006  RWIX
  PIE_VECT              00000d00   00000200  000001c0  00000040  RWIX
  DMA                   00001000   00000200  000000e0  00000120  RWIX
  CLA1                  00001400   00000040  0000003c  00000004  RWIX
  EPWM1                 00004000   00000100  000000d6  0000002a  RWIX
  EPWM2                 00004100   00000100  000000d6  0000002a  RWIX
  EPWM3                 00004200   00000100  000000d6  0000002a  RWIX
  EPWM4                 00004300   00000100  000000d6  0000002a  RWIX
  EPWM5                 00004400   00000100  000000d6  0000002a  RWIX
  EPWM6                 00004500   00000100  000000d6  0000002a  RWIX
  EPWM7                 00004600   00000100  000000d6  0000002a  RWIX
  EPWM8                 00004700   00000100  000000d6  0000002a  RWIX
  EPWM9                 00004800   00000100  000000d6  0000002a  RWIX
  EPWM10                00004900   00000100  000000d6  0000002a  RWIX
  EPWM11                00004a00   00000100  000000d6  0000002a  RWIX
  EPWM12                00004b00   00000100  000000d6  0000002a  RWIX
  ECAP1                 00005000   00000020  0000001a  00000006  RWIX
  ECAP2                 00005020   00000020  0000001a  00000006  RWIX
  ECAP3                 00005040   00000020  0000001a  00000006  RWIX
  ECAP4                 00005060   00000020  0000001a  00000006  RWIX
  ECAP5                 00005080   00000020  0000001a  00000006  RWIX
  ECAP6                 000050a0   00000020  0000001a  00000006  RWIX
  EQEP1                 00005100   00000040  00000022  0000001e  RWIX
  EQEP2                 00005140   00000040  00000022  0000001e  RWIX
  EQEP3                 00005180   00000040  00000022  0000001e  RWIX
  DACA                  00005c00   00000010  00000007  00000009  RWIX
  DACB                  00005c10   00000010  00000007  00000009  RWIX
  DACC                  00005c20   00000010  00000007  00000009  RWIX
  CMPSS1                00005c80   00000020  0000001b  00000005  RWIX
  CMPSS2                00005ca0   00000020  0000001b  00000005  RWIX
  CMPSS3                00005cc0   00000020  0000001b  00000005  RWIX
  CMPSS4                00005ce0   00000020  0000001b  00000005  RWIX
  CMPSS5                00005d00   00000020  0000001b  00000005  RWIX
  CMPSS6                00005d20   00000020  0000001b  00000005  RWIX
  CMPSS7                00005d40   00000020  0000001b  00000005  RWIX
  CMPSS8                00005d60   00000020  0000001b  00000005  RWIX
  SDFM1                 00005e00   00000080  00000048  00000038  RWIX
  SDFM2                 00005e80   00000080  00000048  00000038  RWIX
  MCBSPA                00006000   00000040  00000024  0000001c  RWIX
  MCBSPB                00006040   00000040  00000024  0000001c  RWIX
  SPIA                  00006100   00000010  00000010  00000000  RWIX
  SPIB                  00006110   00000010  00000010  00000000  RWIX
  SPIC                  00006120   00000010  00000010  00000000  RWIX
  SPID                  00006130   00000010  00000000  00000010  RWIX
  UPP                   00006200   00000100  00000048  000000b8  RWIX
  WD                    00007000   00000040  0000002b  00000015  RWIX
  NMIINTRUPT            00007060   00000010  00000007  00000009  RWIX
  XINT                  00007070   00000010  0000000b  00000005  RWIX
  SCIA                  00007200   00000010  00000010  00000000  RWIX
  SCIB                  00007210   00000010  00000010  00000000  RWIX
  SCIC                  00007220   00000010  00000010  00000000  RWIX
  SCID                  00007230   00000010  00000010  00000000  RWIX
  I2CA                  00007300   00000040  00000022  0000001e  RWIX
  I2CB                  00007340   00000040  00000022  0000001e  RWIX
  ADCA                  00007400   00000080  0000007c  00000004  RWIX
  ADCB                  00007480   00000080  0000007c  00000004  RWIX
  ADCC                  00007500   00000080  0000007c  00000004  RWIX
  ADCD                  00007580   00000080  0000007c  00000004  RWIX
  INPUT_XBAR            00007900   00000040  0000002e  00000012  RWIX
  TRIG                  00007940   00000010  00000006  0000000a  RWIX
  DMACLASRCSEL          00007980   00000040  0000001a  00000026  RWIX
  EPWM_XBAR             00007a00   00000040  00000040  00000000  RWIX
  CLB_XBAR              00007a40   00000040  00000000  00000040  RWIX
  OUTPUT_XBAR           00007a80   00000040  00000040  00000000  RWIX
  GPIOCTRL              00007c00   00000180  00000180  00000000  RWIX
  GPIODAT               00007f00   00000030  00000030  00000000  RWIX
  RAMLS5                0000a800   00000800  000007fb  00000005  RWIX
  RAMD1                 0000b800   00000800  00000000  00000800  RWIX
  RAMGS0                0000c000   00001000  00000000  00001000  RWIX
  RAMGS1                0000d000   00001000  00000000  00001000  RWIX
  RAMGS2                0000e000   00001000  00000000  00001000  RWIX
  RAMGS3                0000f000   00001000  00000000  00001000  RWIX
  RAMGS4                00010000   00001000  00000000  00001000  RWIX
  RAMGS5                00011000   00001000  00000000  00001000  RWIX
  RAMGS6                00012000   00001000  00000000  00001000  RWIX
  RAMGS7                00013000   00001000  00000000  00001000  RWIX
  RAMGS8                00014000   00001000  00000520  00000ae0  RWIX
  RAMGS9                00015000   00001000  00000000  00001000  RWIX
  RAMGS10               00016000   00001000  00000000  00001000  RWIX
  RAMGS11               00017000   00001000  00000000  00001000  RWIX
  RAMGS12               00018000   00001000  00000000  00001000  RWIX
  RAMGS13               00019000   00001000  00000000  00001000  RWIX
  RAMGS14               0001a000   00001000  00000000  00001000  RWIX
  RAMGS15               0001b000   00001000  00000000  00001000  RWIX
  CPU2TOCPU1RAM         0003f800   00000400  00000000  00000400  RWIX
  CPU1TOCPU2RAM         0003fc00   00000400  00000000  00000400  RWIX
  EMIF1                 00047000   00000800  00000028  000007d8  RWIX
  EMIF2                 00047800   00000800  00000028  000007d8  RWIX
  CANA                  00048000   00001000  00000000  00001000  RWIX
  CANB                  0004a000   00001000  00000000  00001000  RWIX
  IPC                   00050000   00001000  00000026  00000fda  RWIX
  DEV_CFG               0005d000   00000180  00000126  0000005a  RWIX
  ANALOG_SUBSYS         0005d180   00000080  0000003e  00000042  RWIX
  CLK_CFG               0005d200   00000100  00000032  000000ce  RWIX
  CPU_SYS               0005d300   00000100  00000082  0000007e  RWIX
  HWBIST                0005e000   00000100  000000a2  0000005e  RWIX
  PBIST                 0005e200   00000200  000001e6  0000001a  RWIX
  ROMPREFETCH           0005e608   00000002  00000002  00000000  RWIX
  DCSM_Z1               0005f000   00000030  00000022  0000000e  RWIX
  DCSM_Z2               0005f040   00000030  00000022  0000000e  RWIX
  DCSM_COMMON           0005f070   00000010  00000006  0000000a  RWIX
  MEMCFG                0005f400   00000080  00000076  0000000a  RWIX
  EMIF1CONFIG           0005f480   00000020  0000000a  00000016  RWIX
  EMIF2CONFIG           0005f4a0   00000020  0000000a  00000016  RWIX
  ACCESSPROTECTION      0005f4c0   00000040  0000002e  00000012  RWIX
  MEMORYERROR           0005f500   00000040  0000003a  00000006  RWIX
  ROMWAITSTATE          0005f540   00000002  00000002  00000000  RWIX
  FLASH0_CTRL           0005f800   00000300  00000182  0000017e  RWIX
  FLASH0_ECC            0005fb00   00000040  00000028  00000018  RWIX
  DCSM_Z1_OTP           00078000   00000020  0000001a  00000006  RWIX
  DCSM_Z2_OTP           00078200   00000020  0000001a  00000006  RWIX


SECTION ALLOCATION MAP

 output                                  attributes/
section   page    origin      length       input sections
--------  ----  ----------  ----------   ----------------
.pinit     0    00000122    00000000     UNINITIALIZED

codestart 
*          0    00000000    00000002     
                  00000000    00000002     F2837xD_CodeStartBranch.obj (codestart)

.cinit     0    00000122    00000236     
                  00000122    0000019a     kpj485_mod_ku .obj (.cinit)
                  000002bc    00000031     rts2800_fpu32.lib : lowlev.obj (.cinit)
                  000002ed    0000002a                       : defs.obj (.cinit)
                  00000317    00000017     robotis.obj (.cinit)
                  0000032e    0000000a     rts2800_fpu32.lib : _lock.obj (.cinit)
                  00000338    0000000a                       : exit.obj (.cinit)
                  00000342    00000004     pwmsetup.obj (.cinit)
                  00000346    00000004     rts2800_fpu32.lib : errno.obj (.cinit)
                  0000034a    00000004                       : fopen.obj (.cinit)
                  0000034e    00000004                       : memory.obj (.cinit)
                  00000352    00000004     serial.obj (.cinit)
                  00000356    00000002     --HOLE-- [fill = 0]

ramfuncs   0    00000358    00000004     
                  00000358    00000004     F2837xD_usDelay.obj (ramfuncs)

.text.1    0    0000035c    000000a4     
                  0000035c    0000009c     rts2800_fpu32.lib : fd_add.obj (.text)
                  000003f8    00000008     F2837xD_CodeStartBranch.obj (.text)

Cla1SoftIntRegsFile 
*          1    00000ce0    00000004     DSECT
                  00000ce0    00000004     F2837xD_GlobalVariableDefs.obj (Cla1SoftIntRegsFile)

.text.2    0    00008000    000007ff     
                  00008000    0000040a     robotis.obj (.text)
                  0000840a    000003af     kpj485_mod_ku .obj (.text)
                  000087b9    00000046     rts2800_fpu32.lib : boot.obj (.text)

.text.3    0    00008800    000007ff     
                  00008800    0000029d     F2837xD_SysCtrl.obj (.text)
                  00008a9d    00000291     kpj485_mod_ku .obj (.text:retain)
                  00008d2e    0000024b     F2837xD_Gpio.obj (.text)
                  00008f79    00000083     rts2800_fpu32.lib : fd_mpy.obj (.text)
                  00008ffc    00000003                       : remove.obj (.text)

.text.4    0    00009000    00000800     
                  00009000    00000219     rts2800_fpu32.lib : lowlev.obj (.text)
                  00009219    00000211                       : trgdrv.obj (.text)
                  0000942a    000001d7                       : memory.obj (.text)
                  00009601    00000133     pwmsetup.obj (.text:retain)
                  00009734    000000c2     rts2800_fpu32.lib : fputs.obj (.text)
                  000097f6    0000000a                       : strcmp.obj (.text)

.text.5    0    00009800    000007fe     
                  00009800    00000122     pwmsetup.obj (.text)
                  00009922    00000107     rts2800_fpu32.lib : ll_div.obj (.text)
                  00009a29    00000100                       : fopen.obj (.text)
                  00009b29    000000fd     F2837xD_EPwm.obj (.text)
                  00009c26    000000dd     F2837xD_Adc.obj (.text)
                  00009d03    000000dc     serial.obj (.text)
                  00009ddf    00000001     --HOLE-- [fill = 0]
                  00009de0    0000008e     rts2800_fpu32.lib : ankmsg.obj (.text)
                  00009e6e    0000008d                       : setvbuf.obj (.text)
                  00009efb    0000008b                       : fd_div.obj (.text)
                  00009f86    00000073                       : fflush.obj (.text)
                  00009ff9    00000005                       : strcpy.obj (.text)

.text.6    0    0000a000    00000685     
                  0000a000    00000088     rts2800_fpu32.lib : fs_div.obj (.text)
                  0000a088    0000007c     F2837xD_CpuTimers.obj (.text)
                  0000a104    00000068     rts2800_fpu32.lib : exp.obj (.text)
                  0000a16c    00000065                       : _io_perm.obj (.text)
                  0000a1d1    0000005f                       : fclose.obj (.text)
                  0000a230    0000005a                       : pow.obj (.text)
                  0000a28a    00000054                       : fputc.obj (.text)
                  0000a2de    00000050                       : _log.obj (.text)
                  0000a32e    0000003d                       : fseek.obj (.text)
                  0000a36b    00000032                       : printf.obj (.text)
                  0000a39d    00000031                       : atoi.obj (.text)
                  0000a3ce    00000031                       : ldexp.obj (.text)
                  0000a3ff    0000002c                       : ltoa.obj (.text)
                  0000a42b    0000002a                       : fd_cmp.obj (.text)
                  0000a455    0000002a                       : l_div.obj (.text)
                  0000a47f    00000028     F2837xD_PieCtrl.obj (.text)
                  0000a4a7    00000025     F2837xD_PieVect.obj (.text)
                  0000a4cc    00000022     rts2800_fpu32.lib : i_div.obj (.text)
                  0000a4ee    00000021                       : fd_toi.obj (.text)
                  0000a50f    00000021                       : memcpy_ff.obj (.text)
                  0000a530    0000001f                       : fd_tol.obj (.text)
                  0000a54f    0000001e                       : ll_cmp.obj (.text)
                  0000a56d    0000001e                       : strncpy.obj (.text)
                  0000a58b    0000001c                       : fs_tofd.obj (.text)
                  0000a5a7    0000001c                       : l_tofd.obj (.text)
                  0000a5c3    00000019                       : args_main.obj (.text)
                  0000a5dc    00000019                       : exit.obj (.text)
                  0000a5f5    00000018                       : ll_aox.obj (.text)
                  0000a60d    00000016                       : frexp.obj (.text)
                  0000a623    00000014                       : memchr.obj (.text)
                  0000a637    0000000e                       : fd_sub.obj (.text)
                  0000a645    0000000d                       : memccpy.obj (.text)
                  0000a652    0000000d                       : memset.obj (.text)
                  0000a65f    0000000c                       : strchr.obj (.text)
                  0000a66b    00000009                       : _lock.obj (.text)
                  0000a674    00000009                       : fd_neg.obj (.text)
                  0000a67d    00000008                       : strlen.obj (.text)

.text.7    0    0000b000    000007ff     
                  0000b000    0000058f     F2837xD_DefaultISR.obj (.text:retain)
                  0000b58f    0000025c     serial.obj (.text:retain)
                  0000b7eb    00000014     rts2800_fpu32.lib : ll_mpy.obj (.text)

.text.8    0    00012000    000009ba     
                  00012000    000009ba     rts2800_fpu32.lib : _printfi.obj (.text)

GETBUFFER 
*          0    0003f800    00000000     DSECT

GETWRITEIDX 
*          0    0003f800    00000000     DSECT

PUTREADIDX 
*          0    0003f800    00000000     DSECT

.reset     0    003fffc0    00000002     DSECT
                  003fffc0    00000002     rts2800_fpu32.lib : boot.obj (.reset)

.stack     1    00000400    00000400     UNINITIALIZED
                  00000400    00000400     --HOLE--

AdcaResultFile 
*          1    00000b00    00000018     UNINITIALIZED
                  00000b00    00000018     F2837xD_GlobalVariableDefs.obj (AdcaResultFile)

AdcbResultFile 
*          1    00000b20    00000018     UNINITIALIZED
                  00000b20    00000018     F2837xD_GlobalVariableDefs.obj (AdcbResultFile)

AdccResultFile 
*          1    00000b40    00000018     UNINITIALIZED
                  00000b40    00000018     F2837xD_GlobalVariableDefs.obj (AdccResultFile)

AdcdResultFile 
*          1    00000b60    00000018     UNINITIALIZED
                  00000b60    00000018     F2837xD_GlobalVariableDefs.obj (AdcdResultFile)

CpuTimer0RegsFile 
*          1    00000c00    00000008     UNINITIALIZED
                  00000c00    00000008     F2837xD_GlobalVariableDefs.obj (CpuTimer0RegsFile)

CpuTimer1RegsFile 
*          1    00000c08    00000008     UNINITIALIZED
                  00000c08    00000008     F2837xD_GlobalVariableDefs.obj (CpuTimer1RegsFile)

CpuTimer2RegsFile 
*          1    00000c10    00000008     UNINITIALIZED
                  00000c10    00000008     F2837xD_GlobalVariableDefs.obj (CpuTimer2RegsFile)

PieCtrlRegsFile 
*          1    00000ce0    0000001a     UNINITIALIZED
                  00000ce0    0000001a     F2837xD_GlobalVariableDefs.obj (PieCtrlRegsFile)

EmuKeyVar 
*          1    00000d00    00000001     UNINITIALIZED
                  00000d00    00000001     F2837xD_GlobalVariableDefs.obj (EmuKeyVar)

PieVectTableFile 
*          1    00000d00    000001c0     UNINITIALIZED
                  00000d00    000001c0     F2837xD_GlobalVariableDefs.obj (PieVectTableFile)

EmuBModeVar 
*          1    00000d01    00000001     UNINITIALIZED
                  00000d01    00000001     F2837xD_GlobalVariableDefs.obj (EmuBModeVar)

FlashCallbackVar 
*          1    00000d02    00000000     UNINITIALIZED

FlashScalingVar 
*          1    00000d02    00000000     UNINITIALIZED

DmaRegsFile 
*          1    00001000    000000e0     UNINITIALIZED
                  00001000    000000e0     F2837xD_GlobalVariableDefs.obj (DmaRegsFile)

Cla1RegsFile 
*          1    00001400    0000003c     UNINITIALIZED
                  00001400    0000003c     F2837xD_GlobalVariableDefs.obj (Cla1RegsFile)

EPwm1RegsFile 
*          1    00004000    000000d6     UNINITIALIZED
                  00004000    000000d6     F2837xD_GlobalVariableDefs.obj (EPwm1RegsFile)

EPwm2RegsFile 
*          1    00004100    000000d6     UNINITIALIZED
                  00004100    000000d6     F2837xD_GlobalVariableDefs.obj (EPwm2RegsFile)

EPwm3RegsFile 
*          1    00004200    000000d6     UNINITIALIZED
                  00004200    000000d6     F2837xD_GlobalVariableDefs.obj (EPwm3RegsFile)

EPwm4RegsFile 
*          1    00004300    000000d6     UNINITIALIZED
                  00004300    000000d6     F2837xD_GlobalVariableDefs.obj (EPwm4RegsFile)

EPwm5RegsFile 
*          1    00004400    000000d6     UNINITIALIZED
                  00004400    000000d6     F2837xD_GlobalVariableDefs.obj (EPwm5RegsFile)

EPwm6RegsFile 
*          1    00004500    000000d6     UNINITIALIZED
                  00004500    000000d6     F2837xD_GlobalVariableDefs.obj (EPwm6RegsFile)

EPwm7RegsFile 
*          1    00004600    000000d6     UNINITIALIZED
                  00004600    000000d6     F2837xD_GlobalVariableDefs.obj (EPwm7RegsFile)

EPwm8RegsFile 
*          1    00004700    000000d6     UNINITIALIZED
                  00004700    000000d6     F2837xD_GlobalVariableDefs.obj (EPwm8RegsFile)

EPwm9RegsFile 
*          1    00004800    000000d6     UNINITIALIZED
                  00004800    000000d6     F2837xD_GlobalVariableDefs.obj (EPwm9RegsFile)

EPwm10RegsFile 
*          1    00004900    000000d6     UNINITIALIZED
                  00004900    000000d6     F2837xD_GlobalVariableDefs.obj (EPwm10RegsFile)

EPwm11RegsFile 
*          1    00004a00    000000d6     UNINITIALIZED
                  00004a00    000000d6     F2837xD_GlobalVariableDefs.obj (EPwm11RegsFile)

EPwm12RegsFile 
*          1    00004b00    000000d6     UNINITIALIZED
                  00004b00    000000d6     F2837xD_GlobalVariableDefs.obj (EPwm12RegsFile)

ECap1RegsFile 
*          1    00005000    0000001a     UNINITIALIZED
                  00005000    0000001a     F2837xD_GlobalVariableDefs.obj (ECap1RegsFile)

ECap2RegsFile 
*          1    00005020    0000001a     UNINITIALIZED
                  00005020    0000001a     F2837xD_GlobalVariableDefs.obj (ECap2RegsFile)

ECap3RegsFile 
*          1    00005040    0000001a     UNINITIALIZED
                  00005040    0000001a     F2837xD_GlobalVariableDefs.obj (ECap3RegsFile)

ECap4RegsFile 
*          1    00005060    0000001a     UNINITIALIZED
                  00005060    0000001a     F2837xD_GlobalVariableDefs.obj (ECap4RegsFile)

ECap5RegsFile 
*          1    00005080    0000001a     UNINITIALIZED
                  00005080    0000001a     F2837xD_GlobalVariableDefs.obj (ECap5RegsFile)

ECap6RegsFile 
*          1    000050a0    0000001a     UNINITIALIZED
                  000050a0    0000001a     F2837xD_GlobalVariableDefs.obj (ECap6RegsFile)

EQep1RegsFile 
*          1    00005100    00000022     UNINITIALIZED
                  00005100    00000022     F2837xD_GlobalVariableDefs.obj (EQep1RegsFile)

EQep2RegsFile 
*          1    00005140    00000022     UNINITIALIZED
                  00005140    00000022     F2837xD_GlobalVariableDefs.obj (EQep2RegsFile)

EQep3RegsFile 
*          1    00005180    00000022     UNINITIALIZED
                  00005180    00000022     F2837xD_GlobalVariableDefs.obj (EQep3RegsFile)

DacaRegsFile 
*          1    00005c00    00000007     UNINITIALIZED
                  00005c00    00000007     F2837xD_GlobalVariableDefs.obj (DacaRegsFile)

DacbRegsFile 
*          1    00005c10    00000007     UNINITIALIZED
                  00005c10    00000007     F2837xD_GlobalVariableDefs.obj (DacbRegsFile)

DaccRegsFile 
*          1    00005c20    00000007     UNINITIALIZED
                  00005c20    00000007     F2837xD_GlobalVariableDefs.obj (DaccRegsFile)

Cmpss1RegsFile 
*          1    00005c80    0000001b     UNINITIALIZED
                  00005c80    0000001b     F2837xD_GlobalVariableDefs.obj (Cmpss1RegsFile)

Cmpss2RegsFile 
*          1    00005ca0    0000001b     UNINITIALIZED
                  00005ca0    0000001b     F2837xD_GlobalVariableDefs.obj (Cmpss2RegsFile)

Cmpss3RegsFile 
*          1    00005cc0    0000001b     UNINITIALIZED
                  00005cc0    0000001b     F2837xD_GlobalVariableDefs.obj (Cmpss3RegsFile)

Cmpss4RegsFile 
*          1    00005ce0    0000001b     UNINITIALIZED
                  00005ce0    0000001b     F2837xD_GlobalVariableDefs.obj (Cmpss4RegsFile)

Cmpss5RegsFile 
*          1    00005d00    0000001b     UNINITIALIZED
                  00005d00    0000001b     F2837xD_GlobalVariableDefs.obj (Cmpss5RegsFile)

Cmpss6RegsFile 
*          1    00005d20    0000001b     UNINITIALIZED
                  00005d20    0000001b     F2837xD_GlobalVariableDefs.obj (Cmpss6RegsFile)

Cmpss7RegsFile 
*          1    00005d40    0000001b     UNINITIALIZED
                  00005d40    0000001b     F2837xD_GlobalVariableDefs.obj (Cmpss7RegsFile)

Cmpss8RegsFile 
*          1    00005d60    0000001b     UNINITIALIZED
                  00005d60    0000001b     F2837xD_GlobalVariableDefs.obj (Cmpss8RegsFile)

Sdfm1RegsFile 
*          1    00005e00    00000048     UNINITIALIZED
                  00005e00    00000048     F2837xD_GlobalVariableDefs.obj (Sdfm1RegsFile)

Sdfm2RegsFile 
*          1    00005e80    00000048     UNINITIALIZED
                  00005e80    00000048     F2837xD_GlobalVariableDefs.obj (Sdfm2RegsFile)

McbspaRegsFile 
*          1    00006000    00000024     UNINITIALIZED
                  00006000    00000024     F2837xD_GlobalVariableDefs.obj (McbspaRegsFile)

McbspbRegsFile 
*          1    00006040    00000024     UNINITIALIZED
                  00006040    00000024     F2837xD_GlobalVariableDefs.obj (McbspbRegsFile)

SpiaRegsFile 
*          1    00006100    00000010     UNINITIALIZED
                  00006100    00000010     F2837xD_GlobalVariableDefs.obj (SpiaRegsFile)

SpibRegsFile 
*          1    00006110    00000010     UNINITIALIZED
                  00006110    00000010     F2837xD_GlobalVariableDefs.obj (SpibRegsFile)

SpicRegsFile 
*          1    00006120    00000010     UNINITIALIZED
                  00006120    00000010     F2837xD_GlobalVariableDefs.obj (SpicRegsFile)

UppRegsFile 
*          1    00006200    00000048     UNINITIALIZED
                  00006200    00000048     F2837xD_GlobalVariableDefs.obj (UppRegsFile)

WdRegsFile 
*          1    00007000    0000002b     UNINITIALIZED
                  00007000    0000002b     F2837xD_GlobalVariableDefs.obj (WdRegsFile)

NmiIntruptRegsFile 
*          1    00007060    00000007     UNINITIALIZED
                  00007060    00000007     F2837xD_GlobalVariableDefs.obj (NmiIntruptRegsFile)

XintRegsFile 
*          1    00007070    0000000b     UNINITIALIZED
                  00007070    0000000b     F2837xD_GlobalVariableDefs.obj (XintRegsFile)

SciaRegsFile 
*          1    00007200    00000010     UNINITIALIZED
                  00007200    00000010     F2837xD_GlobalVariableDefs.obj (SciaRegsFile)

ScibRegsFile 
*          1    00007210    00000010     UNINITIALIZED
                  00007210    00000010     F2837xD_GlobalVariableDefs.obj (ScibRegsFile)

ScicRegsFile 
*          1    00007220    00000010     UNINITIALIZED
                  00007220    00000010     F2837xD_GlobalVariableDefs.obj (ScicRegsFile)

ScidRegsFile 
*          1    00007230    00000010     UNINITIALIZED
                  00007230    00000010     F2837xD_GlobalVariableDefs.obj (ScidRegsFile)

I2caRegsFile 
*          1    00007300    00000022     UNINITIALIZED
                  00007300    00000022     F2837xD_GlobalVariableDefs.obj (I2caRegsFile)

I2cbRegsFile 
*          1    00007340    00000022     UNINITIALIZED
                  00007340    00000022     F2837xD_GlobalVariableDefs.obj (I2cbRegsFile)

AdcaRegsFile 
*          1    00007400    0000007c     UNINITIALIZED
                  00007400    0000007c     F2837xD_GlobalVariableDefs.obj (AdcaRegsFile)

AdcbRegsFile 
*          1    00007480    0000007c     UNINITIALIZED
                  00007480    0000007c     F2837xD_GlobalVariableDefs.obj (AdcbRegsFile)

AdccRegsFile 
*          1    00007500    0000007c     UNINITIALIZED
                  00007500    0000007c     F2837xD_GlobalVariableDefs.obj (AdccRegsFile)

AdcdRegsFile 
*          1    00007580    0000007c     UNINITIALIZED
                  00007580    0000007c     F2837xD_GlobalVariableDefs.obj (AdcdRegsFile)

InputXbarRegsFile 
*          1    00007900    0000002e     UNINITIALIZED
                  00007900    0000002e     F2837xD_GlobalVariableDefs.obj (InputXbarRegsFile)

TrigRegsFile 
*          1    00007940    00000006     UNINITIALIZED
                  00007940    00000006     F2837xD_GlobalVariableDefs.obj (TrigRegsFile)

DmaClaSrcSelRegsFile 
*          1    00007980    0000001a     UNINITIALIZED
                  00007980    0000001a     F2837xD_GlobalVariableDefs.obj (DmaClaSrcSelRegsFile)

EPwmXbarRegsFile 
*          1    00007a00    00000040     UNINITIALIZED
                  00007a00    00000040     F2837xD_GlobalVariableDefs.obj (EPwmXbarRegsFile)

OutputXbarRegsFile 
*          1    00007a80    00000040     UNINITIALIZED
                  00007a80    00000040     F2837xD_GlobalVariableDefs.obj (OutputXbarRegsFile)

GpioCtrlRegsFile 
*          1    00007c00    00000180     UNINITIALIZED
                  00007c00    00000180     F2837xD_GlobalVariableDefs.obj (GpioCtrlRegsFile)

GpioDataRegsFile 
*          1    00007f00    00000030     UNINITIALIZED
                  00007f00    00000030     F2837xD_GlobalVariableDefs.obj (GpioDataRegsFile)

.ebss      1    0000a800    00000455     UNINITIALIZED
                  0000a800    000001e6     kpj485_mod_ku .obj (.ebss)
                  0000a9e6    00000018     F2837xD_CpuTimers.obj (.ebss)
                  0000a9fe    00000001     ndsocket.obj (.ebss)
                  0000a9ff    00000001     rts2800_fpu32.lib : errno.obj (.ebss)
                  0000aa00    00000160                       : defs.obj (.ebss)
                  0000ab60    00000012     robotis.obj (.ebss)
                  0000ab72    0000000a     pwmsetup.obj (.ebss)
                  0000ab7c    00000004     rts2800_fpu32.lib : _lock.obj (.ebss)
                  0000ab80    00000088                       : lowlev.obj (.ebss)
                  0000ac08    00000038     serial.obj (.ebss)
                  0000ac40    00000008     rts2800_fpu32.lib : memory.obj (.ebss)
                  0000ac48    00000008                       : trgdrv.obj (.ebss)
                  0000ac50    00000004                       : exit.obj (.ebss)
                  0000ac54    00000001                       : fopen.obj (.ebss)

.econst    1    0000ac56    000003a6     
                  0000ac56    000001c0     F2837xD_PieVect.obj (.econst)
                  0000ae16    00000101     rts2800_fpu32.lib : ctype.obj (.econst:.string:__ctypes_)
                  0000af17    00000001     --HOLE-- [fill = 0]
                  0000af18    0000007c     ndsocket.obj (.econst:.string)
                  0000af94    00000024     rts2800_fpu32.lib : _printfi.obj (.econst:.string)
                  0000afb8    00000018                       : _printfi.obj (.econst)
                  0000afd0    0000000e     kpj485_mod_ku .obj (.econst:.string)
                  0000afde    00000008     robotis.obj (.econst:_$P$T2$3)
                  0000afe6    00000006     serial.obj (.econst:.string)
                  0000afec    00000002     kpj485_mod_ku .obj (.econst:.string:_$P$T0$1)
                  0000afee    00000002     robotis.obj (.econst:.string:_$P$T0$1)
                  0000aff0    00000002     kpj485_mod_ku .obj (.econst:.string:_$P$T1$2)
                  0000aff2    00000002     robotis.obj (.econst:.string:_$P$T1$2)
                  0000aff4    00000002     kpj485_mod_ku .obj (.econst:.string:_$P$T2$3)
                  0000aff6    00000002     kpj485_mod_ku .obj (.econst:.string:_$P$T3$4)
                  0000aff8    00000002     rts2800_fpu32.lib : fputs.obj (.econst:.string)
                  0000affa    00000002     pwmsetup.obj (.econst)

.sysmem    1    00014000    00000400     UNINITIALIZED
                  00014000    00000001     rts2800_fpu32.lib : memory.obj (.sysmem)
                  00014001    000003ff     --HOLE--

.cio       1    00014400    00000120     UNINITIALIZED
                  00014400    00000120     rts2800_fpu32.lib : ankmsg.obj (.cio)

Emif1RegsFile 
*          1    00047000    00000028     UNINITIALIZED
                  00047000    00000028     F2837xD_GlobalVariableDefs.obj (Emif1RegsFile)

Emif2RegsFile 
*          1    00047800    00000028     UNINITIALIZED
                  00047800    00000028     F2837xD_GlobalVariableDefs.obj (Emif2RegsFile)

IpcRegsFile 
*          1    00050000    00000026     UNINITIALIZED
                  00050000    00000026     F2837xD_GlobalVariableDefs.obj (IpcRegsFile)

DevCfgRegsFile 
*          1    0005d000    00000126     UNINITIALIZED
                  0005d000    00000126     F2837xD_GlobalVariableDefs.obj (DevCfgRegsFile)

AnalogSubsysRegsFile 
*          1    0005d180    0000003e     UNINITIALIZED
                  0005d180    0000003e     F2837xD_GlobalVariableDefs.obj (AnalogSubsysRegsFile)

ClkCfgRegsFile 
*          1    0005d200    00000032     UNINITIALIZED
                  0005d200    00000032     F2837xD_GlobalVariableDefs.obj (ClkCfgRegsFile)

CpuSysRegsFile 
*          1    0005d300    00000082     UNINITIALIZED
                  0005d300    00000082     F2837xD_GlobalVariableDefs.obj (CpuSysRegsFile)

HwbistRegsFile 
*          1    0005e000    000000a2     UNINITIALIZED
                  0005e000    000000a2     F2837xD_GlobalVariableDefs.obj (HwbistRegsFile)

PbistRegsFile 
*          1    0005e200    000001e6     UNINITIALIZED
                  0005e200    000001e6     F2837xD_GlobalVariableDefs.obj (PbistRegsFile)

RomPrefetchRegsFile 
*          1    0005e608    00000002     UNINITIALIZED
                  0005e608    00000002     F2837xD_GlobalVariableDefs.obj (RomPrefetchRegsFile)

DcsmZ1RegsFile 
*          1    0005f000    00000022     UNINITIALIZED
                  0005f000    00000022     F2837xD_GlobalVariableDefs.obj (DcsmZ1RegsFile)

DcsmZ2RegsFile 
*          1    0005f040    00000022     UNINITIALIZED
                  0005f040    00000022     F2837xD_GlobalVariableDefs.obj (DcsmZ2RegsFile)

DcsmCommonRegsFile 
*          1    0005f070    00000006     UNINITIALIZED
                  0005f070    00000006     F2837xD_GlobalVariableDefs.obj (DcsmCommonRegsFile)

MemCfgRegsFile 
*          1    0005f400    00000076     UNINITIALIZED
                  0005f400    00000076     F2837xD_GlobalVariableDefs.obj (MemCfgRegsFile)

Emif1ConfigRegsFile 
*          1    0005f480    0000000a     UNINITIALIZED
                  0005f480    0000000a     F2837xD_GlobalVariableDefs.obj (Emif1ConfigRegsFile)

Emif2ConfigRegsFile 
*          1    0005f4a0    0000000a     UNINITIALIZED
                  0005f4a0    0000000a     F2837xD_GlobalVariableDefs.obj (Emif2ConfigRegsFile)

AccessProtectionRegsFile 
*          1    0005f4c0    0000002e     UNINITIALIZED
                  0005f4c0    0000002e     F2837xD_GlobalVariableDefs.obj (AccessProtectionRegsFile)

MemoryErrorRegsFile 
*          1    0005f500    0000003a     UNINITIALIZED
                  0005f500    0000003a     F2837xD_GlobalVariableDefs.obj (MemoryErrorRegsFile)

RomWaitStateRegsFile 
*          1    0005f540    00000002     UNINITIALIZED
                  0005f540    00000002     F2837xD_GlobalVariableDefs.obj (RomWaitStateRegsFile)

Flash0CtrlRegsFile 
*          1    0005f800    00000182     UNINITIALIZED
                  0005f800    00000182     F2837xD_GlobalVariableDefs.obj (Flash0CtrlRegsFile)

Flash0EccRegsFile 
*          1    0005fb00    00000028     UNINITIALIZED
                  0005fb00    00000028     F2837xD_GlobalVariableDefs.obj (Flash0EccRegsFile)

DcsmZ1OtpFile 
*          1    00078000    0000001a     NOLOAD SECTION
                  00078000    0000001a     F2837xD_GlobalVariableDefs.obj (DcsmZ1OtpFile)

DcsmZ2OtpFile 
*          1    00078200    0000001a     NOLOAD SECTION
                  00078200    0000001a     F2837xD_GlobalVariableDefs.obj (DcsmZ2OtpFile)


GLOBAL DATA SYMBOLS: SORTED BY DATA PAGE

address     data page           name
--------    ----------------    ----
00000400      10 (00000400)     __stack

00000b00      2c (00000b00)     _AdcaResultRegs
00000b20      2c (00000b00)     _AdcbResultRegs

00000b40      2d (00000b40)     _AdccResultRegs
00000b60      2d (00000b40)     _AdcdResultRegs

00000c00      30 (00000c00)     _CpuTimer0Regs
00000c08      30 (00000c00)     _CpuTimer1Regs
00000c10      30 (00000c00)     _CpuTimer2Regs

00000ce0      33 (00000cc0)     _Cla1SoftIntRegs
00000ce0      33 (00000cc0)     _PieCtrlRegs

00000d00      34 (00000d00)     _EmuKey
00000d00      34 (00000d00)     _PieVectTable
00000d01      34 (00000d00)     _EmuBMode

00001000      40 (00001000)     _DmaRegs

00001400      50 (00001400)     _Cla1Regs

00004000     100 (00004000)     _EPwm1Regs

00004100     104 (00004100)     _EPwm2Regs

00004200     108 (00004200)     _EPwm3Regs

00004300     10c (00004300)     _EPwm4Regs

00004400     110 (00004400)     _EPwm5Regs

00004500     114 (00004500)     _EPwm6Regs

00004600     118 (00004600)     _EPwm7Regs

00004700     11c (00004700)     _EPwm8Regs

00004800     120 (00004800)     _EPwm9Regs

00004900     124 (00004900)     _EPwm10Regs

00004a00     128 (00004a00)     _EPwm11Regs

00004b00     12c (00004b00)     _EPwm12Regs

00005000     140 (00005000)     _ECap1Regs
00005020     140 (00005000)     _ECap2Regs

00005040     141 (00005040)     _ECap3Regs
00005060     141 (00005040)     _ECap4Regs

00005080     142 (00005080)     _ECap5Regs
000050a0     142 (00005080)     _ECap6Regs

00005100     144 (00005100)     _EQep1Regs

00005140     145 (00005140)     _EQep2Regs

00005180     146 (00005180)     _EQep3Regs

00005c00     170 (00005c00)     _DacaRegs
00005c10     170 (00005c00)     _DacbRegs
00005c20     170 (00005c00)     _DaccRegs

00005c80     172 (00005c80)     _Cmpss1Regs
00005ca0     172 (00005c80)     _Cmpss2Regs

00005cc0     173 (00005cc0)     _Cmpss3Regs
00005ce0     173 (00005cc0)     _Cmpss4Regs

00005d00     174 (00005d00)     _Cmpss5Regs
00005d20     174 (00005d00)     _Cmpss6Regs

00005d40     175 (00005d40)     _Cmpss7Regs
00005d60     175 (00005d40)     _Cmpss8Regs

00005e00     178 (00005e00)     _Sdfm1Regs

00005e80     17a (00005e80)     _Sdfm2Regs

00006000     180 (00006000)     _McbspaRegs

00006040     181 (00006040)     _McbspbRegs

00006100     184 (00006100)     _SpiaRegs
00006110     184 (00006100)     _SpibRegs
00006120     184 (00006100)     _SpicRegs

00006200     188 (00006200)     _UppRegs

00007000     1c0 (00007000)     _WdRegs

00007060     1c1 (00007040)     _NmiIntruptRegs
00007070     1c1 (00007040)     _XintRegs

00007200     1c8 (00007200)     _SciaRegs
00007210     1c8 (00007200)     _ScibRegs
00007220     1c8 (00007200)     _ScicRegs
00007230     1c8 (00007200)     _ScidRegs

00007300     1cc (00007300)     _I2caRegs

00007340     1cd (00007340)     _I2cbRegs

00007400     1d0 (00007400)     _AdcaRegs

00007480     1d2 (00007480)     _AdcbRegs

00007500     1d4 (00007500)     _AdccRegs

00007580     1d6 (00007580)     _AdcdRegs

00007900     1e4 (00007900)     _InputXbarRegs

00007940     1e5 (00007940)     _TrigRegs

00007980     1e6 (00007980)     _DmaClaSrcSelRegs

00007a00     1e8 (00007a00)     _EPwmXbarRegs

00007a80     1ea (00007a80)     _OutputXbarRegs

00007c00     1f0 (00007c00)     _GpioCtrlRegs

00007f00     1fc (00007f00)     _GpioDataRegs

0000a800     2a0 (0000a800)     _toen
0000a801     2a0 (0000a800)     _err
0000a802     2a0 (0000a800)     _ledonoff
0000a803     2a0 (0000a800)     _rcvflag
0000a804     2a0 (0000a800)     _uid
0000a805     2a0 (0000a800)     _cmd
0000a806     2a0 (0000a800)     _k
0000a807     2a0 (0000a800)     _j
0000a808     2a0 (0000a800)     _find
0000a809     2a0 (0000a800)     _sleng
0000a80a     2a0 (0000a800)     _mt
0000a80b     2a0 (0000a800)     _rcvsuc
0000a80c     2a0 (0000a800)     _test
0000a80d     2a0 (0000a800)     _atpntflag
0000a80e     2a0 (0000a800)     _rcvstart
0000a80f     2a0 (0000a800)     _rcvnum
0000a810     2a0 (0000a800)     _testcnt
0000a811     2a0 (0000a800)     _done
0000a812     2a0 (0000a800)     _rcvid
0000a813     2a0 (0000a800)     _bufferFull
0000a814     2a0 (0000a800)     _resultsIndex
0000a816     2a0 (0000a800)     _endtime
0000a818     2a0 (0000a800)     _pi
0000a81a     2a0 (0000a800)     _t
0000a81c     2a0 (0000a800)     _degtogo
0000a81e     2a0 (0000a800)     _intovel
0000a820     2a0 (0000a800)     _degknee
0000a822     2a0 (0000a800)     _intogo
0000a824     2a0 (0000a800)     _degpel
0000a826     2a0 (0000a800)     _p
0000a82b     2a0 (0000a800)     _dir
0000a833     2a0 (0000a800)     _oset2

0000a840     2a1 (0000a840)     _p2
0000a848     2a1 (0000a840)     _oset
0000a850     2a1 (0000a840)     _posint
0000a858     2a1 (0000a840)     _traj
0000a860     2a1 (0000a840)     _goalpos
0000a868     2a1 (0000a840)     _goalpos2
0000a870     2a1 (0000a840)     _initpos

0000a880     2a2 (0000a880)     _obs
0000a88a     2a2 (0000a880)     _epwm4_info
0000a894     2a2 (0000a880)     _epwm1_info
0000a89e     2a2 (0000a880)     _epwm2_info
0000a8a8     2a2 (0000a880)     _pos

0000a8c0     2a3 (0000a8c0)     _posavg
0000a8d0     2a3 (0000a8c0)     _AdcaResults

0000a900     2a4 (0000a900)     _posp

0000a980     2a6 (0000a980)     _posk

0000a9e6     2a7 (0000a9c0)     _CpuTimer1
0000a9ee     2a7 (0000a9c0)     _CpuTimer2
0000a9f6     2a7 (0000a9c0)     _CpuTimer0
0000a9fe     2a7 (0000a9c0)     _ATmode
0000a9ff     2a7 (0000a9c0)     _errno

0000aa00     2a8 (0000aa00)     ___TI_ft_end

0000aa40     2a9 (0000aa40)     __ftable

0000aac0     2ab (0000aac0)     ___TI_tmpnams

0000ab60     2ad (0000ab40)     _releng
0000ab62     2ad (0000ab40)     _gearrt
0000ab72     2ad (0000ab40)     _ena
0000ab73     2ad (0000ab40)     _period
0000ab74     2ad (0000ab40)     _enal
0000ab75     2ad (0000ab40)     _enar
0000ab76     2ad (0000ab40)     _dir2
0000ab77     2ad (0000ab40)     _cmd2
0000ab78     2ad (0000ab40)     _dir1
0000ab79     2ad (0000ab40)     _duty16
0000ab7a     2ad (0000ab40)     _duty
0000ab7c     2ad (0000ab40)     __unlock
0000ab7e     2ad (0000ab40)     __lock

0000ac08     2b0 (0000ac00)     _graphdata
0000ac09     2b0 (0000ac00)     _rdata
0000ac0a     2b0 (0000ac00)     _rdata_pointA
0000ac0b     2b0 (0000ac00)     _ATcnt
0000ac0c     2b0 (0000ac00)     _wfrdata
0000ac0d     2b0 (0000ac00)     _wfing
0000ac0e     2b0 (0000ac00)     _ecing
0000ac0f     2b0 (0000ac00)     _wfrcvnum
0000ac10     2b0 (0000ac00)     _ATrxmsg
0000ac12     2b0 (0000ac00)     _rdataA
0000ac22     2b0 (0000ac00)     _sdataA

0000ac50     2b1 (0000ac40)     ___TI_cleanup_ptr
0000ac52     2b1 (0000ac40)     ___TI_dtors_ptr
0000ac56     2b1 (0000ac40)     _PieVectTableInit

0000ae16     2b8 (0000ae00)     __ctypes_

0000affa     2bf (0000afc0)     _desv

00014000     500 (00014000)     __sys_memory

00014400     510 (00014400)     __CIOBUF_

00047000    11c0 (00047000)     _Emif1Regs

00047800    11e0 (00047800)     _Emif2Regs

00050000    1400 (00050000)     _IpcRegs

0005d000    1740 (0005d000)     _DevCfgRegs

0005d180    1746 (0005d180)     _AnalogSubsysRegs

0005d200    1748 (0005d200)     _ClkCfgRegs

0005d300    174c (0005d300)     _CpuSysRegs

0005e000    1780 (0005e000)     _HwbistRegs

0005e200    1788 (0005e200)     _PbistRegs

0005e608    1798 (0005e600)     _RomPrefetchRegs

0005f000    17c0 (0005f000)     _DcsmZ1Regs

0005f040    17c1 (0005f040)     _DcsmZ2Regs
0005f070    17c1 (0005f040)     _DcsmCommonRegs

0005f400    17d0 (0005f400)     _MemCfgRegs

0005f480    17d2 (0005f480)     _Emif1ConfigRegs
0005f4a0    17d2 (0005f480)     _Emif2ConfigRegs

0005f4c0    17d3 (0005f4c0)     _AccessProtectionRegs

0005f500    17d4 (0005f500)     _MemoryErrorRegs

0005f540    17d5 (0005f540)     _RomWaitStateRegs

0005f800    17e0 (0005f800)     _Flash0CtrlRegs

0005fb00    17ec (0005fb00)     _Flash0EccRegs

00078000    1e00 (00078000)     _DcsmZ1Otp

00078200    1e08 (00078200)     _DcsmZ2Otp


GLOBAL SYMBOLS: SORTED ALPHABETICALLY BY Name 

address    name
--------   ----
ffffffff   .text
0000a5dc   C$$EXIT
00009e30   C$$IO$$
0000035c   FD$$ADD
0000a42b   FD$$CMP
00009efb   FD$$DIV
00008f79   FD$$MPY
0000a674   FD$$NEG
0000a637   FD$$SUB
0000a4ee   FD$$TOI
0000a530   FD$$TOL
0000a000   FS$$DIV
0000a58b   FS$$TOFD
0000a4cc   I$$DIV
0000a4dd   I$$MOD
0000a455   L$$DIV
0000a464   L$$MOD
0000a5a7   L$$TOFD
0000a5f5   LL$$AND
0000a54f   LL$$CMP
00009922   LL$$DIV
0000995e   LL$$MOD
0000b7eb   LL$$MPY
0000a5fd   LL$$OR
0000a605   LL$$XOR
0000a472   UL$$DIV
0000a479   UL$$MOD
0000a561   ULL$$CMP
00009998   ULL$$DIV
000099c7   ULL$$MOD
0000b0be   _ADCA1_ISR
0000b33e   _ADCA2_ISR
0000b348   _ADCA3_ISR
0000b352   _ADCA4_ISR
0000b334   _ADCA_EVT_ISR
0000b0c8   _ADCB1_ISR
0000b366   _ADCB2_ISR
0000b370   _ADCB3_ISR
0000b37a   _ADCB4_ISR
0000b35c   _ADCB_EVT_ISR
0000b0d2   _ADCC1_ISR
0000b4d8   _ADCC2_ISR
0000b4e2   _ADCC3_ISR
0000b4ec   _ADCC4_ISR
0000b4ce   _ADCC_EVT_ISR
0000b0f0   _ADCD1_ISR
0000b500   _ADCD2_ISR
0000b50a   _ADCD3_ISR
0000b514   _ADCD4_ISR
0000b4f6   _ADCD_EVT_ISR
0000ac0b   _ATcnt
0000a9fe   _ATmode
000087a6   _ATpnt
0000ac10   _ATrxmsg
0000b550   _AUX_PLL_SLIP_ISR
0005f4c0   _AccessProtectionRegs
00009c26   _AdcSetMode
00007400   _AdcaRegs
00000b00   _AdcaResultRegs
0000a8d0   _AdcaResults
00007480   _AdcbRegs
00000b20   _AdcbResultRegs
00007500   _AdccRegs
00000b40   _AdccResultRegs
00007580   _AdcdRegs
00000b60   _AdcdResultRegs
0005d180   _AnalogSubsysRegs
00008a49   _AuxAuxClkSel
00008a33   _AuxIntOsc2Sel
00008a3d   _AuxXtalOscSel
0000b384   _CLA1_1_ISR
0000b38e   _CLA1_2_ISR
0000b398   _CLA1_3_ISR
0000b3a2   _CLA1_4_ISR
0000b3ac   _CLA1_5_ISR
0000b3b6   _CLA1_6_ISR
0000b3c0   _CLA1_7_ISR
0000b3ca   _CLA1_8_ISR
0000b55a   _CLA_OVERFLOW_ISR
0000b564   _CLA_UNDERFLOW_ISR
00009cc9   _CalAdcINL
00001400   _Cla1Regs
00000ce0   _Cla1SoftIntRegs
0005d200   _ClkCfgRegs
00005c80   _Cmpss1Regs
00005ca0   _Cmpss2Regs
00005cc0   _Cmpss3Regs
00005ce0   _Cmpss4Regs
00005d00   _Cmpss5Regs
00005d20   _Cmpss6Regs
00005d40   _Cmpss7Regs
00005d60   _Cmpss8Regs
0000a0c9   _ConfigCpuTimer
00008527   _ConfigureADC
000085e6   _ConfigureGPIO
0005d300   _CpuSysRegs
0000a9f6   _CpuTimer0
00000c00   _CpuTimer0Regs
0000a9e6   _CpuTimer1
00000c08   _CpuTimer1Regs
0000a9ee   _CpuTimer2
00000c10   _CpuTimer2Regs
000089f2   _CsmUnlock
0000b014   _DATALOG_ISR
0000b30c   _DCANA_1_ISR
0000b316   _DCANA_2_ISR
0000b320   _DCANB_1_ISR
0000b32a   _DCANB_2_ISR
0000b258   _DMA_CH1_ISR
0000b262   _DMA_CH2_ISR
0000b26c   _DMA_CH3_ISR
0000b276   _DMA_CH4_ISR
0000b280   _DMA_CH5_ISR
0000b28a   _DMA_CH6_ISR
00005c00   _DacaRegs
00005c10   _DacbRegs
00005c20   _DaccRegs
0005f070   _DcsmCommonRegs
00078000   _DcsmZ1Otp
0005f000   _DcsmZ1Regs
00078200   _DcsmZ2Otp
0005f040   _DcsmZ2Regs
0005d000   _DevCfgRegs
000088db   _DisableDog
000088b5   _DisablePeripheralClocks
00007980   _DmaClaSrcSelRegs
00001000   _DmaRegs
0000b1ae   _ECAP1_ISR
0000b1b8   _ECAP2_ISR
0000b1c2   _ECAP3_ISR
0000b1cc   _ECAP4_ISR
0000b1d6   _ECAP5_ISR
0000b1e0   _ECAP6_ISR
00005000   _ECap1Regs
00005020   _ECap2Regs
00005040   _ECap3Regs
00005060   _ECap4Regs
00005080   _ECap5Regs
000050a0   _ECap6Regs
0000b51e   _EMIF_ERROR_ISR
0000b578   _EMPTY_ISR
0000b028   _EMU_ISR
0000b474   _EPWM10_ISR
0000b44c   _EPWM10_TZ_ISR
0000b47e   _EPWM11_ISR
0000b456   _EPWM11_TZ_ISR
0000b488   _EPWM12_ISR
0000b460   _EPWM12_TZ_ISR
0000b15e   _EPWM1_ISR
0000b10e   _EPWM1_TZ_ISR
0000b168   _EPWM2_ISR
0000b118   _EPWM2_TZ_ISR
0000b172   _EPWM3_ISR
0000b122   _EPWM3_TZ_ISR
0000b17c   _EPWM4_ISR
0000b12c   _EPWM4_TZ_ISR
0000b186   _EPWM5_ISR
0000b136   _EPWM5_TZ_ISR
0000b190   _EPWM6_ISR
0000b140   _EPWM6_TZ_ISR
0000b19a   _EPWM7_ISR
0000b14a   _EPWM7_TZ_ISR
0000b1a4   _EPWM8_ISR
0000b154   _EPWM8_TZ_ISR
0000b46a   _EPWM9_ISR
0000b442   _EPWM9_TZ_ISR
00004900   _EPwm10Regs
00004a00   _EPwm11Regs
00004b00   _EPwm12Regs
00004000   _EPwm1Regs
00004100   _EPwm2Regs
00004200   _EPwm3Regs
00004300   _EPwm4Regs
00004400   _EPwm5Regs
00004500   _EPwm6Regs
00004600   _EPwm7Regs
00004700   _EPwm8Regs
00004800   _EPwm9Regs
00007a00   _EPwmXbarRegs
0000b1ea   _EQEP1_ISR
0000b1f4   _EQEP2_ISR
0000b1fe   _EQEP3_ISR
00005100   _EQep1Regs
00005140   _EQep2Regs
00005180   _EQep3Regs
0005f480   _Emif1ConfigRegs
00047000   _Emif1Regs
0005f4a0   _Emif2ConfigRegs
00047800   _Emif2Regs
00000d01   _EmuBMode
00000d00   _EmuKey
0000a49e   _EnableInterrupts
00000358   _F28x_usDelay
0000b532   _FLASH_CORRECTABLE_ERROR_ISR
0000b406   _FPU_OVERFLOW_ISR
0000b410   _FPU_UNDERFLOW_ISR
0005f800   _Flash0CtrlRegs
0005fb00   _Flash0EccRegs
00008f2d   _GPIO_EnableUnbondedIOPullups
00008f08   _GPIO_EnableUnbondedIOPullupsFor100Pin
00008eef   _GPIO_EnableUnbondedIOPullupsFor176Pin
00008f43   _GPIO_ReadPin
00008e95   _GPIO_SetupLock
00008d6e   _GPIO_SetupPinMux
00008dff   _GPIO_SetupPinOptions
00008ebd   _GPIO_SetupXINT1Gpio
00008ec7   _GPIO_SetupXINT2Gpio
00008ed1   _GPIO_SetupXINT3Gpio
00008edb   _GPIO_SetupXINT4Gpio
00008ee5   _GPIO_SetupXINT5Gpio
00008f5a   _GPIO_WritePin
00007c00   _GpioCtrlRegs
00007f00   _GpioDataRegs
00008a67   _HALT
00008a80   _HIB
000093ff   _HOSTclock
000093d5   _HOSTclose
000093ab   _HOSTgetenv
0000935e   _HOSTlseek
0000931f   _HOSTopen
000092e1   _HOSTread
000092a3   _HOSTrename
00009278   _HOSTtime
00009250   _HOSTunlink
00009219   _HOSTwrite
0005e000   _HwbistRegs
0000b29e   _I2CA_FIFO_ISR
0000b294   _I2CA_ISR
0000b2b2   _I2CB_FIFO_ISR
0000b2a8   _I2CB_ISR
00007300   _I2caRegs
00007340   _I2cbRegs
00008a53   _IDLE
0000b03c   _ILLEGAL_ISR
0000b41a   _IPC0_ISR
0000b424   _IPC1_ISR
0000b42e   _IPC2_ISR
0000b438   _IPC3_ISR
0000896d   _InitAuxPll
0000a088   _InitCpuTimers
00009bec   _InitEPwm10Gpio
00009bff   _InitEPwm11Gpio
00009c13   _InitEPwm12Gpio
00009800   _InitEPwm1Example
00009b42   _InitEPwm1Gpio
0000985a   _InitEPwm2Example
00009b54   _InitEPwm2Gpio
00009b66   _InitEPwm3Gpio
000098b4   _InitEPwm4Example
00009b7a   _InitEPwm4Gpio
00009b8e   _InitEPwm5Gpio
00009ba0   _InitEPwm6Gpio
00009bb2   _InitEPwm7Gpio
00009bc6   _InitEPwm8Gpio
00009bda   _InitEPwm9Gpio
00009b29   _InitEPwmGpio
00009911   _InitEPwmvariable
00008d2e   _InitGpio
00008831   _InitPeripheralClocks
0000a47f   _InitPieCtrl
0000a4a7   _InitPieVectTable
00008800   _InitSysCtrl
000088e9   _InitSysPll
00007900   _InputXbarRegs
00050000   _IpcRegs
0000b230   _MCBSPA_RX_ISR
0000b23a   _MCBSPA_TX_ISR
0000b244   _MCBSPB_RX_ISR
0000b24e   _MCBSPB_TX_ISR
00006000   _McbspaRegs
00006040   _McbspbRegs
0005f400   _MemCfgRegs
0005f500   _MemoryErrorRegs
0000b032   _NMI_ISR
0000b585   _NOTUSED_ISR
00007060   _NmiIntruptRegs
00007a80   _OutputXbarRegs
0000b3f2   _PBIST_ISR
0000b56e   _PIE_RESERVED_ISR
0005e200   _PbistRegs
00000ce0   _PieCtrlRegs
00000d00   _PieVectTable
0000ac56   _PieVectTableInit
0000b53c   _RAM_ACCESS_VIOLATION_ISR
0000b528   _RAM_CORRECTABLE_ERROR_ISR
0000b01e   _RTOS_ISR
0005e608   _RomPrefetchRegs
0005f540   _RomWaitStateRegs
0000b2e4   _SCIA_RX_ISR
0000b2ee   _SCIA_TX_ISR
0000b2f8   _SCIB_RX_ISR
0000b302   _SCIB_TX_ISR
0000b2bc   _SCIC_RX_ISR
0000b2c6   _SCIC_TX_ISR
0000b2d0   _SCID_RX_ISR
0000b2da   _SCID_TX_ISR
0000b492   _SD1_ISR
0000b49c   _SD2_ISR
0000b208   _SPIA_RX_ISR
0000b212   _SPIA_TX_ISR
0000b21c   _SPIB_RX_ISR
0000b226   _SPIB_TX_ISR
0000b4a6   _SPIC_RX_ISR
0000b4b0   _SPIC_TX_ISR
00008a5c   _STANDBY
0000b546   _SYS_PLL_SLIP_ISR
00007200   _SciaRegs
00007210   _ScibRegs
00007220   _ScicRegs
00007230   _ScidRegs
00005e00   _Sdfm1Regs
00005e80   _Sdfm2Regs
000088cd   _ServiceDog
00008542   _SetupADCEpwm
00006100   _SpiaRegs
00006110   _SpibRegs
00006120   _SpicRegs
00008a13   _SysIntOsc1Sel
00008a1d   _SysIntOsc2Sel
00008a27   _SysXtalOscSel
0000b0fa   _TIMER0_ISR
0000b000   _TIMER1_ISR
0000b00a   _TIMER2_ISR
00007940   _TrigRegs
0000b4ba   _UPPA_ISR
0000b4c4   _USBA_ISR
0000b0a0   _USER10_ISR
0000b0aa   _USER11_ISR
0000b0b4   _USER12_ISR
0000b046   _USER1_ISR
0000b050   _USER2_ISR
0000b05a   _USER3_ISR
0000b064   _USER4_ISR
0000b06e   _USER5_ISR
0000b078   _USER6_ISR
0000b082   _USER7_ISR
0000b08c   _USER8_ISR
0000b096   _USER9_ISR
00006200   _UppRegs
0000b3fc   _VCU_ISR
0000b104   _WAKE_ISR
00007000   _WdRegs
0000b0dc   _XINT1_ISR
0000b0e6   _XINT2_ISR
0000b3d4   _XINT3_ISR
0000b3de   _XINT4_ISR
0000b3e8   _XINT5_ISR
00007070   _XintRegs
00014400   __CIOBUF_
00000800   __STACK_END
00000400   __STACK_SIZE
00000400   __SYSMEM_SIZE
00000001   __TI_args_main
00009aa1   ___TI_cleanup
0000ac50   ___TI_cleanup_ptr
0000a1d1   ___TI_closefile
00009f86   ___TI_doflush
0000ac52   ___TI_dtors_ptr
0000aa00   ___TI_ft_end
000128c5   ___TI_printfi
0000a1a6   ___TI_rd_ok
00009e34   ___TI_readmsg
0000aac0   ___TI_tmpnams
00009de0   ___TI_writemsg
0000a16c   ___TI_wrt_ok
ffffffff   ___binit__
ffffffff   ___c_args__
00000122   ___cinit__
ffffffff   ___etext__
0000a50f   ___memcpy_ff
ffffffff   ___pinit__
ffffffff   ___text__
0000a5c3   __args_main
0000ae16   __ctypes_
0000aa40   __ftable
0000ab7e   __lock
0000a2de   __log
0000a673   __nop
0000a66f   __register_lock
0000a66b   __register_unlock
00000400   __stack
00014000   __sys_memory
0000ab7c   __unlock
0000a5dc   _abort
00008cdb   _adca1_isr
0000919b   _add_device
0000a39d   _atoi
0000a80d   _atpntflag
0000a813   _bufferFull
000080bf   _bulkreaddx
000087b9   _c_int00
000095e9   _calloc
000095e7   _chkheap
00009169   _close
0000a805   _cmd
0000ab77   _cmd2
00008a9d   _cpu_timer0_isr
00008d1c   _cpu_timer1_isr
0000a820   _degknee
0000a824   _degpel
0000a81c   _degtogo
0000affa   _desv
0000a82b   _dir
0000ab78   _dir1
0000ab76   _dir2
0000a811   _done
0000ab7a   _duty
0000ab79   _duty16
0000ac0e   _ecing
0000ab72   _ena
0000ab74   _enal
0000ab75   _enar
0000a816   _endtime
0000a894   _epwm1_info
00009601   _epwm1_isr
0000a89e   _epwm2_info
00009690   _epwm2_isr
0000a88a   _epwm4_info
0000971f   _epwm4_isr
0000a801   _err
0000a9ff   _errno
00008000   _error
0000a5de   _exit
0000a104   _exp
0000a215   _fclose
00009fb5   _fflush
0000a808   _find
00009b0f   _fopen
0000a28a   _fputc
00009734   _fputs
0000942a   _free
000095c9   _free_memory
00009abe   _freopen
0000a60d   _frexp
0000a32e   _fseek
0000ab62   _gearrt
0000a860   _goalpos
0000a868   _goalpos2
0000ac08   _graphdata
0000a870   _initpos
0000a822   _intogo
0000a81e   _intovel
0000a807   _j
0000a806   _k
0000a3ce   _ldexp
0000813b   _led
0000a802   _ledonoff
00009151   _lseek
0000a3ff   _ltoa
0000840a   _main
00009493   _malloc
000095a7   _max_free
0000a645   _memccpy
0000a623   _memchr
0000a652   _memset
0000946d   _minit
0000856e   _motorstop
0000a80a   _mt
000081dd   _mv_p
0000821d   _mv_s
00008167   _mvf
0000a880   _obs
000090dd   _open
0000a848   _oset
0000a833   _oset2
0000a826   _p
0000a840   _p2
0000ab73   _period
0000a818   _pi
0000807f   _ping
0000a8a8   _pos
0000a8c0   _posavg
0000868d   _posinit
0000a850   _posint
0000a980   _posk
0000a900   _posp
0000a230   _pow
0000a371   _printf
0000a28a   _putc
0000a2d9   _putchar
000097e3   _puts
0000a803   _rcvflag
0000a812   _rcvid
0000a80f   _rcvnum
0000a80e   _rcvstart
0000a80b   _rcvsuc
0000ac09   _rdata
0000ac12   _rdataA
0000ac0a   _rdata_pointA
000090c5   _read
00008002   _readdx
000094f2   _realloc
0000ab60   _releng
00008ffc   _remove
000090ab   _remove_device
0000907f   _rename
0000809f   _reset
0000a814   _resultsIndex
00008151   _retfowr
0000b5ce   _sciaRxFifoIsr
0000b58f   _sciaTxFifoIsr
00009d03   _scia_fifo_init
00009dc1   _scia_msg
00009dde   _scia_rcv
00009db4   _scia_xmit
0000b69e   _scibRxFifoIsr
0000b5a4   _scibTxFifoIsr
00009d2a   _scib_fifo_init
0000b6bf   _scicRxFifoIsr
0000b5b9   _scicTxFifoIsr
00009d51   _scic_fifo_init
00009d85   _scic_msg
00009da2   _scic_rcv
00009d78   _scic_xmit
0000ac22   _sdataA
00008033   _senddx
000082db   _setccwlimit
000082b6   _setcwlimit
00008291   _setoffset
00009e6e   _setvbuf
0000a809   _sleng
0000a65f   _strchr
000097f6   _strcmp
00009ff9   _strcpy
0000a67d   _strlen
0000a56d   _strncpy
00008300   _syncmv
0000a81a   _t
0000a80c   _test
0000a810   _testcnt
0000865f   _testprint
0000a800   _toen
0000a858   _traj
00008574   _trajcal
0000a804   _uid
00009067   _unlink
0000ac0d   _wfing
0000ac0f   _wfrcvnum
0000ac0c   _wfrdata
00009000   _write
ffffffff   binit
00000122   cinit
00000000   code_start
ffffffff   etext
ffffffff   pinit


GLOBAL SYMBOLS: SORTED BY Symbol Address 

address    name
--------   ----
00000000   code_start
00000001   __TI_args_main
00000122   ___cinit__
00000122   cinit
00000358   _F28x_usDelay
0000035c   FD$$ADD
00000400   __STACK_SIZE
00000400   __SYSMEM_SIZE
00000400   __stack
00000800   __STACK_END
00000b00   _AdcaResultRegs
00000b20   _AdcbResultRegs
00000b40   _AdccResultRegs
00000b60   _AdcdResultRegs
00000c00   _CpuTimer0Regs
00000c08   _CpuTimer1Regs
00000c10   _CpuTimer2Regs
00000ce0   _Cla1SoftIntRegs
00000ce0   _PieCtrlRegs
00000d00   _EmuKey
00000d00   _PieVectTable
00000d01   _EmuBMode
00001000   _DmaRegs
00001400   _Cla1Regs
00004000   _EPwm1Regs
00004100   _EPwm2Regs
00004200   _EPwm3Regs
00004300   _EPwm4Regs
00004400   _EPwm5Regs
00004500   _EPwm6Regs
00004600   _EPwm7Regs
00004700   _EPwm8Regs
00004800   _EPwm9Regs
00004900   _EPwm10Regs
00004a00   _EPwm11Regs
00004b00   _EPwm12Regs
00005000   _ECap1Regs
00005020   _ECap2Regs
00005040   _ECap3Regs
00005060   _ECap4Regs
00005080   _ECap5Regs
000050a0   _ECap6Regs
00005100   _EQep1Regs
00005140   _EQep2Regs
00005180   _EQep3Regs
00005c00   _DacaRegs
00005c10   _DacbRegs
00005c20   _DaccRegs
00005c80   _Cmpss1Regs
00005ca0   _Cmpss2Regs
00005cc0   _Cmpss3Regs
00005ce0   _Cmpss4Regs
00005d00   _Cmpss5Regs
00005d20   _Cmpss6Regs
00005d40   _Cmpss7Regs
00005d60   _Cmpss8Regs
00005e00   _Sdfm1Regs
00005e80   _Sdfm2Regs
00006000   _McbspaRegs
00006040   _McbspbRegs
00006100   _SpiaRegs
00006110   _SpibRegs
00006120   _SpicRegs
00006200   _UppRegs
00007000   _WdRegs
00007060   _NmiIntruptRegs
00007070   _XintRegs
00007200   _SciaRegs
00007210   _ScibRegs
00007220   _ScicRegs
00007230   _ScidRegs
00007300   _I2caRegs
00007340   _I2cbRegs
00007400   _AdcaRegs
00007480   _AdcbRegs
00007500   _AdccRegs
00007580   _AdcdRegs
00007900   _InputXbarRegs
00007940   _TrigRegs
00007980   _DmaClaSrcSelRegs
00007a00   _EPwmXbarRegs
00007a80   _OutputXbarRegs
00007c00   _GpioCtrlRegs
00007f00   _GpioDataRegs
00008000   _error
00008002   _readdx
00008033   _senddx
0000807f   _ping
0000809f   _reset
000080bf   _bulkreaddx
0000813b   _led
00008151   _retfowr
00008167   _mvf
000081dd   _mv_p
0000821d   _mv_s
00008291   _setoffset
000082b6   _setcwlimit
000082db   _setccwlimit
00008300   _syncmv
0000840a   _main
00008527   _ConfigureADC
00008542   _SetupADCEpwm
0000856e   _motorstop
00008574   _trajcal
000085e6   _ConfigureGPIO
0000865f   _testprint
0000868d   _posinit
000087a6   _ATpnt
000087b9   _c_int00
00008800   _InitSysCtrl
00008831   _InitPeripheralClocks
000088b5   _DisablePeripheralClocks
000088cd   _ServiceDog
000088db   _DisableDog
000088e9   _InitSysPll
0000896d   _InitAuxPll
000089f2   _CsmUnlock
00008a13   _SysIntOsc1Sel
00008a1d   _SysIntOsc2Sel
00008a27   _SysXtalOscSel
00008a33   _AuxIntOsc2Sel
00008a3d   _AuxXtalOscSel
00008a49   _AuxAuxClkSel
00008a53   _IDLE
00008a5c   _STANDBY
00008a67   _HALT
00008a80   _HIB
00008a9d   _cpu_timer0_isr
00008cdb   _adca1_isr
00008d1c   _cpu_timer1_isr
00008d2e   _InitGpio
00008d6e   _GPIO_SetupPinMux
00008dff   _GPIO_SetupPinOptions
00008e95   _GPIO_SetupLock
00008ebd   _GPIO_SetupXINT1Gpio
00008ec7   _GPIO_SetupXINT2Gpio
00008ed1   _GPIO_SetupXINT3Gpio
00008edb   _GPIO_SetupXINT4Gpio
00008ee5   _GPIO_SetupXINT5Gpio
00008eef   _GPIO_EnableUnbondedIOPullupsFor176Pin
00008f08   _GPIO_EnableUnbondedIOPullupsFor100Pin
00008f2d   _GPIO_EnableUnbondedIOPullups
00008f43   _GPIO_ReadPin
00008f5a   _GPIO_WritePin
00008f79   FD$$MPY
00008ffc   _remove
00009000   _write
00009067   _unlink
0000907f   _rename
000090ab   _remove_device
000090c5   _read
000090dd   _open
00009151   _lseek
00009169   _close
0000919b   _add_device
00009219   _HOSTwrite
00009250   _HOSTunlink
00009278   _HOSTtime
000092a3   _HOSTrename
000092e1   _HOSTread
0000931f   _HOSTopen
0000935e   _HOSTlseek
000093ab   _HOSTgetenv
000093d5   _HOSTclose
000093ff   _HOSTclock
0000942a   _free
0000946d   _minit
00009493   _malloc
000094f2   _realloc
000095a7   _max_free
000095c9   _free_memory
000095e7   _chkheap
000095e9   _calloc
00009601   _epwm1_isr
00009690   _epwm2_isr
0000971f   _epwm4_isr
00009734   _fputs
000097e3   _puts
000097f6   _strcmp
00009800   _InitEPwm1Example
0000985a   _InitEPwm2Example
000098b4   _InitEPwm4Example
00009911   _InitEPwmvariable
00009922   LL$$DIV
0000995e   LL$$MOD
00009998   ULL$$DIV
000099c7   ULL$$MOD
00009aa1   ___TI_cleanup
00009abe   _freopen
00009b0f   _fopen
00009b29   _InitEPwmGpio
00009b42   _InitEPwm1Gpio
00009b54   _InitEPwm2Gpio
00009b66   _InitEPwm3Gpio
00009b7a   _InitEPwm4Gpio
00009b8e   _InitEPwm5Gpio
00009ba0   _InitEPwm6Gpio
00009bb2   _InitEPwm7Gpio
00009bc6   _InitEPwm8Gpio
00009bda   _InitEPwm9Gpio
00009bec   _InitEPwm10Gpio
00009bff   _InitEPwm11Gpio
00009c13   _InitEPwm12Gpio
00009c26   _AdcSetMode
00009cc9   _CalAdcINL
00009d03   _scia_fifo_init
00009d2a   _scib_fifo_init
00009d51   _scic_fifo_init
00009d78   _scic_xmit
00009d85   _scic_msg
00009da2   _scic_rcv
00009db4   _scia_xmit
00009dc1   _scia_msg
00009dde   _scia_rcv
00009de0   ___TI_writemsg
00009e30   C$$IO$$
00009e34   ___TI_readmsg
00009e6e   _setvbuf
00009efb   FD$$DIV
00009f86   ___TI_doflush
00009fb5   _fflush
00009ff9   _strcpy
0000a000   FS$$DIV
0000a088   _InitCpuTimers
0000a0c9   _ConfigCpuTimer
0000a104   _exp
0000a16c   ___TI_wrt_ok
0000a1a6   ___TI_rd_ok
0000a1d1   ___TI_closefile
0000a215   _fclose
0000a230   _pow
0000a28a   _fputc
0000a28a   _putc
0000a2d9   _putchar
0000a2de   __log
0000a32e   _fseek
0000a371   _printf
0000a39d   _atoi
0000a3ce   _ldexp
0000a3ff   _ltoa
0000a42b   FD$$CMP
0000a455   L$$DIV
0000a464   L$$MOD
0000a472   UL$$DIV
0000a479   UL$$MOD
0000a47f   _InitPieCtrl
0000a49e   _EnableInterrupts
0000a4a7   _InitPieVectTable
0000a4cc   I$$DIV
0000a4dd   I$$MOD
0000a4ee   FD$$TOI
0000a50f   ___memcpy_ff
0000a530   FD$$TOL
0000a54f   LL$$CMP
0000a561   ULL$$CMP
0000a56d   _strncpy
0000a58b   FS$$TOFD
0000a5a7   L$$TOFD
0000a5c3   __args_main
0000a5dc   C$$EXIT
0000a5dc   _abort
0000a5de   _exit
0000a5f5   LL$$AND
0000a5fd   LL$$OR
0000a605   LL$$XOR
0000a60d   _frexp
0000a623   _memchr
0000a637   FD$$SUB
0000a645   _memccpy
0000a652   _memset
0000a65f   _strchr
0000a66b   __register_unlock
0000a66f   __register_lock
0000a673   __nop
0000a674   FD$$NEG
0000a67d   _strlen
0000a800   _toen
0000a801   _err
0000a802   _ledonoff
0000a803   _rcvflag
0000a804   _uid
0000a805   _cmd
0000a806   _k
0000a807   _j
0000a808   _find
0000a809   _sleng
0000a80a   _mt
0000a80b   _rcvsuc
0000a80c   _test
0000a80d   _atpntflag
0000a80e   _rcvstart
0000a80f   _rcvnum
0000a810   _testcnt
0000a811   _done
0000a812   _rcvid
0000a813   _bufferFull
0000a814   _resultsIndex
0000a816   _endtime
0000a818   _pi
0000a81a   _t
0000a81c   _degtogo
0000a81e   _intovel
0000a820   _degknee
0000a822   _intogo
0000a824   _degpel
0000a826   _p
0000a82b   _dir
0000a833   _oset2
0000a840   _p2
0000a848   _oset
0000a850   _posint
0000a858   _traj
0000a860   _goalpos
0000a868   _goalpos2
0000a870   _initpos
0000a880   _obs
0000a88a   _epwm4_info
0000a894   _epwm1_info
0000a89e   _epwm2_info
0000a8a8   _pos
0000a8c0   _posavg
0000a8d0   _AdcaResults
0000a900   _posp
0000a980   _posk
0000a9e6   _CpuTimer1
0000a9ee   _CpuTimer2
0000a9f6   _CpuTimer0
0000a9fe   _ATmode
0000a9ff   _errno
0000aa00   ___TI_ft_end
0000aa40   __ftable
0000aac0   ___TI_tmpnams
0000ab60   _releng
0000ab62   _gearrt
0000ab72   _ena
0000ab73   _period
0000ab74   _enal
0000ab75   _enar
0000ab76   _dir2
0000ab77   _cmd2
0000ab78   _dir1
0000ab79   _duty16
0000ab7a   _duty
0000ab7c   __unlock
0000ab7e   __lock
0000ac08   _graphdata
0000ac09   _rdata
0000ac0a   _rdata_pointA
0000ac0b   _ATcnt
0000ac0c   _wfrdata
0000ac0d   _wfing
0000ac0e   _ecing
0000ac0f   _wfrcvnum
0000ac10   _ATrxmsg
0000ac12   _rdataA
0000ac22   _sdataA
0000ac50   ___TI_cleanup_ptr
0000ac52   ___TI_dtors_ptr
0000ac56   _PieVectTableInit
0000ae16   __ctypes_
0000affa   _desv
0000b000   _TIMER1_ISR
0000b00a   _TIMER2_ISR
0000b014   _DATALOG_ISR
0000b01e   _RTOS_ISR
0000b028   _EMU_ISR
0000b032   _NMI_ISR
0000b03c   _ILLEGAL_ISR
0000b046   _USER1_ISR
0000b050   _USER2_ISR
0000b05a   _USER3_ISR
0000b064   _USER4_ISR
0000b06e   _USER5_ISR
0000b078   _USER6_ISR
0000b082   _USER7_ISR
0000b08c   _USER8_ISR
0000b096   _USER9_ISR
0000b0a0   _USER10_ISR
0000b0aa   _USER11_ISR
0000b0b4   _USER12_ISR
0000b0be   _ADCA1_ISR
0000b0c8   _ADCB1_ISR
0000b0d2   _ADCC1_ISR
0000b0dc   _XINT1_ISR
0000b0e6   _XINT2_ISR
0000b0f0   _ADCD1_ISR
0000b0fa   _TIMER0_ISR
0000b104   _WAKE_ISR
0000b10e   _EPWM1_TZ_ISR
0000b118   _EPWM2_TZ_ISR
0000b122   _EPWM3_TZ_ISR
0000b12c   _EPWM4_TZ_ISR
0000b136   _EPWM5_TZ_ISR
0000b140   _EPWM6_TZ_ISR
0000b14a   _EPWM7_TZ_ISR
0000b154   _EPWM8_TZ_ISR
0000b15e   _EPWM1_ISR
0000b168   _EPWM2_ISR
0000b172   _EPWM3_ISR
0000b17c   _EPWM4_ISR
0000b186   _EPWM5_ISR
0000b190   _EPWM6_ISR
0000b19a   _EPWM7_ISR
0000b1a4   _EPWM8_ISR
0000b1ae   _ECAP1_ISR
0000b1b8   _ECAP2_ISR
0000b1c2   _ECAP3_ISR
0000b1cc   _ECAP4_ISR
0000b1d6   _ECAP5_ISR
0000b1e0   _ECAP6_ISR
0000b1ea   _EQEP1_ISR
0000b1f4   _EQEP2_ISR
0000b1fe   _EQEP3_ISR
0000b208   _SPIA_RX_ISR
0000b212   _SPIA_TX_ISR
0000b21c   _SPIB_RX_ISR
0000b226   _SPIB_TX_ISR
0000b230   _MCBSPA_RX_ISR
0000b23a   _MCBSPA_TX_ISR
0000b244   _MCBSPB_RX_ISR
0000b24e   _MCBSPB_TX_ISR
0000b258   _DMA_CH1_ISR
0000b262   _DMA_CH2_ISR
0000b26c   _DMA_CH3_ISR
0000b276   _DMA_CH4_ISR
0000b280   _DMA_CH5_ISR
0000b28a   _DMA_CH6_ISR
0000b294   _I2CA_ISR
0000b29e   _I2CA_FIFO_ISR
0000b2a8   _I2CB_ISR
0000b2b2   _I2CB_FIFO_ISR
0000b2bc   _SCIC_RX_ISR
0000b2c6   _SCIC_TX_ISR
0000b2d0   _SCID_RX_ISR
0000b2da   _SCID_TX_ISR
0000b2e4   _SCIA_RX_ISR
0000b2ee   _SCIA_TX_ISR
0000b2f8   _SCIB_RX_ISR
0000b302   _SCIB_TX_ISR
0000b30c   _DCANA_1_ISR
0000b316   _DCANA_2_ISR
0000b320   _DCANB_1_ISR
0000b32a   _DCANB_2_ISR
0000b334   _ADCA_EVT_ISR
0000b33e   _ADCA2_ISR
0000b348   _ADCA3_ISR
0000b352   _ADCA4_ISR
0000b35c   _ADCB_EVT_ISR
0000b366   _ADCB2_ISR
0000b370   _ADCB3_ISR
0000b37a   _ADCB4_ISR
0000b384   _CLA1_1_ISR
0000b38e   _CLA1_2_ISR
0000b398   _CLA1_3_ISR
0000b3a2   _CLA1_4_ISR
0000b3ac   _CLA1_5_ISR
0000b3b6   _CLA1_6_ISR
0000b3c0   _CLA1_7_ISR
0000b3ca   _CLA1_8_ISR
0000b3d4   _XINT3_ISR
0000b3de   _XINT4_ISR
0000b3e8   _XINT5_ISR
0000b3f2   _PBIST_ISR
0000b3fc   _VCU_ISR
0000b406   _FPU_OVERFLOW_ISR
0000b410   _FPU_UNDERFLOW_ISR
0000b41a   _IPC0_ISR
0000b424   _IPC1_ISR
0000b42e   _IPC2_ISR
0000b438   _IPC3_ISR
0000b442   _EPWM9_TZ_ISR
0000b44c   _EPWM10_TZ_ISR
0000b456   _EPWM11_TZ_ISR
0000b460   _EPWM12_TZ_ISR
0000b46a   _EPWM9_ISR
0000b474   _EPWM10_ISR
0000b47e   _EPWM11_ISR
0000b488   _EPWM12_ISR
0000b492   _SD1_ISR
0000b49c   _SD2_ISR
0000b4a6   _SPIC_RX_ISR
0000b4b0   _SPIC_TX_ISR
0000b4ba   _UPPA_ISR
0000b4c4   _USBA_ISR
0000b4ce   _ADCC_EVT_ISR
0000b4d8   _ADCC2_ISR
0000b4e2   _ADCC3_ISR
0000b4ec   _ADCC4_ISR
0000b4f6   _ADCD_EVT_ISR
0000b500   _ADCD2_ISR
0000b50a   _ADCD3_ISR
0000b514   _ADCD4_ISR
0000b51e   _EMIF_ERROR_ISR
0000b528   _RAM_CORRECTABLE_ERROR_ISR
0000b532   _FLASH_CORRECTABLE_ERROR_ISR
0000b53c   _RAM_ACCESS_VIOLATION_ISR
0000b546   _SYS_PLL_SLIP_ISR
0000b550   _AUX_PLL_SLIP_ISR
0000b55a   _CLA_OVERFLOW_ISR
0000b564   _CLA_UNDERFLOW_ISR
0000b56e   _PIE_RESERVED_ISR
0000b578   _EMPTY_ISR
0000b585   _NOTUSED_ISR
0000b58f   _sciaTxFifoIsr
0000b5a4   _scibTxFifoIsr
0000b5b9   _scicTxFifoIsr
0000b5ce   _sciaRxFifoIsr
0000b69e   _scibRxFifoIsr
0000b6bf   _scicRxFifoIsr
0000b7eb   LL$$MPY
000128c5   ___TI_printfi
00014000   __sys_memory
00014400   __CIOBUF_
00047000   _Emif1Regs
00047800   _Emif2Regs
00050000   _IpcRegs
0005d000   _DevCfgRegs
0005d180   _AnalogSubsysRegs
0005d200   _ClkCfgRegs
0005d300   _CpuSysRegs
0005e000   _HwbistRegs
0005e200   _PbistRegs
0005e608   _RomPrefetchRegs
0005f000   _DcsmZ1Regs
0005f040   _DcsmZ2Regs
0005f070   _DcsmCommonRegs
0005f400   _MemCfgRegs
0005f480   _Emif1ConfigRegs
0005f4a0   _Emif2ConfigRegs
0005f4c0   _AccessProtectionRegs
0005f500   _MemoryErrorRegs
0005f540   _RomWaitStateRegs
0005f800   _Flash0CtrlRegs
0005fb00   _Flash0EccRegs
00078000   _DcsmZ1Otp
00078200   _DcsmZ2Otp
ffffffff   .text
ffffffff   ___binit__
ffffffff   ___c_args__
ffffffff   ___etext__
ffffffff   ___pinit__
ffffffff   ___text__
ffffffff   binit
ffffffff   etext
ffffffff   pinit

[545 symbols]
