******************************************************************************
             TMS320C2000 Linker PC v6.2.11                     
******************************************************************************
>> Linked Wed Jul 05 11:27:16 2017

OUTPUT FILE NAME:   <ps_1215.out>
ENTRY POINT SYMBOL: "code_start"  address: 00080000


MEMORY CONFIGURATION

         name            origin    length      used     unused   attr    fill
----------------------  --------  ---------  --------  --------  ----  --------
PAGE 0:
  RAMM0                 00000122   000002de  00000000  000002de  RWIX
  RAMLS0                00008000   00000800  00000000  00000800  RWIX
  RAMLS1                00008800   00000800  00000000  00000800  RWIX
  RAMLS2                00009000   00000800  00000000  00000800  RWIX
  RAMLS3                00009800   00000800  00000000  00000800  RWIX
  RAMLS4                0000a000   00000800  00000000  00000800  RWIX
  RAMD0                 0000b000   00000800  00000000  00000800  RWIX
  RAMGS14               0001a000   00001000  00000812  000007ee  RWIX
  RAMGS15               0001b000   00001000  00000000  00001000  RWIX
  BEGIN                 00080000   00000002  00000002  00000000  RWIX
  FLASHA                00080002   00001ffe  00000000  00001ffe  RWIX
  FLASHB                00082000   00002000  00001ff9  00000007  RWIX
  FLASHC                00084000   00002000  00001ffe  00000002  RWIX
  FLASHD                00086000   00002000  000011e1  00000e1f  RWIX
  FLASHE                00088000   00008000  00000000  00008000  RWIX
  FLASHF                00090000   00008000  000003a0  00007c60  RWIX
  FLASHG                00098000   00008000  00000000  00008000  RWIX
  FLASHH                000a0000   00008000  00000000  00008000  RWIX
  FLASHI                000a8000   00008000  00000000  00008000  RWIX
  FLASHJ                000b0000   00008000  00000000  00008000  RWIX
  FLASHK                000b8000   00002000  00000000  00002000  RWIX
  FLASHL                000ba000   00002000  00000000  00002000  RWIX
  FLASHM                000bc000   00002000  00000000  00002000  RWIX
  FLASHN                000be000   00002000  00000000  00002000  RWIX
  RESET                 003fffc0   00000002  00000000  00000002  RWIX

PAGE 1:
  BOOT_RSVD             00000002   00000120  00000028  000000f8  RWIX
  RAMM1                 00000400   00000400  00000220  000001e0  RWIX
  ADCA_RESULT           00000b00   00000020  00000018  00000008  RWIX
  ADCB_RESULT           00000b20   00000020  00000018  00000008  RWIX
  ADCC_RESULT           00000b40   00000020  00000018  00000008  RWIX
  ADCD_RESULT           00000b60   00000020  00000018  00000008  RWIX
  CPU_TIMER0            00000c00   00000008  00000008  00000000  RWIX
  CPU_TIMER1            00000c08   00000008  00000008  00000000  RWIX
  CPU_TIMER2            00000c10   00000008  00000008  00000000  RWIX
  PIE_CTRL              00000ce0   00000020  0000001a  00000006  RWIX
  PIE_VECT              00000d00   00000200  000001c0  00000040  RWIX
  DMA                   00001000   00000200  000000e0  00000120  RWIX
  CLA1                  00001400   00000040  0000003e  00000002  RWIX
  EPWM1                 00004000   00000100  00000100  00000000  RWIX
  EPWM2                 00004100   00000100  00000100  00000000  RWIX
  EPWM3                 00004200   00000100  00000100  00000000  RWIX
  EPWM4                 00004300   00000100  00000100  00000000  RWIX
  EPWM5                 00004400   00000100  00000100  00000000  RWIX
  EPWM6                 00004500   00000100  00000100  00000000  RWIX
  EPWM7                 00004600   00000100  00000100  00000000  RWIX
  EPWM8                 00004700   00000100  00000100  00000000  RWIX
  EPWM9                 00004800   00000100  00000100  00000000  RWIX
  EPWM10                00004900   00000100  00000100  00000000  RWIX
  EPWM11                00004a00   00000100  00000100  00000000  RWIX
  EPWM12                00004b00   00000100  00000100  00000000  RWIX
  ECAP1                 00005000   00000020  00000020  00000000  RWIX
  ECAP2                 00005020   00000020  00000020  00000000  RWIX
  ECAP3                 00005040   00000020  00000020  00000000  RWIX
  ECAP4                 00005060   00000020  00000020  00000000  RWIX
  ECAP5                 00005080   00000020  00000020  00000000  RWIX
  ECAP6                 000050a0   00000020  00000020  00000000  RWIX
  EQEP1                 00005100   00000040  00000022  0000001e  RWIX
  EQEP2                 00005140   00000040  00000022  0000001e  RWIX
  EQEP3                 00005180   00000040  00000022  0000001e  RWIX
  DACA                  00005c00   00000010  00000008  00000008  RWIX
  DACB                  00005c10   00000010  00000008  00000008  RWIX
  DACC                  00005c20   00000010  00000008  00000008  RWIX
  CMPSS1                00005c80   00000020  00000020  00000000  RWIX
  CMPSS2                00005ca0   00000020  00000020  00000000  RWIX
  CMPSS3                00005cc0   00000020  00000020  00000000  RWIX
  CMPSS4                00005ce0   00000020  00000020  00000000  RWIX
  CMPSS5                00005d00   00000020  00000020  00000000  RWIX
  CMPSS6                00005d20   00000020  00000020  00000000  RWIX
  CMPSS7                00005d40   00000020  00000020  00000000  RWIX
  CMPSS8                00005d60   00000020  00000020  00000000  RWIX
  SDFM1                 00005e00   00000080  00000080  00000000  RWIX
  SDFM2                 00005e80   00000080  00000080  00000000  RWIX
  MCBSPA                00006000   00000040  00000024  0000001c  RWIX
  MCBSPB                00006040   00000040  00000024  0000001c  RWIX
  SPIA                  00006100   00000010  00000010  00000000  RWIX
  SPIB                  00006110   00000010  00000010  00000000  RWIX
  SPIC                  00006120   00000010  00000010  00000000  RWIX
  SPID                  00006130   00000010  00000000  00000010  RWIX
  UPP                   00006200   00000100  00000048  000000b8  RWIX
  WD                    00007000   00000040  0000002b  00000015  RWIX
  NMIINTRUPT            00007060   00000010  00000007  00000009  RWIX
  XINT                  00007070   00000010  0000000b  00000005  RWIX
  SCIA                  00007200   00000010  00000010  00000000  RWIX
  SCIB                  00007210   00000010  00000010  00000000  RWIX
  SCIC                  00007220   00000010  00000010  00000000  RWIX
  SCID                  00007230   00000010  00000010  00000000  RWIX
  I2CA                  00007300   00000040  00000022  0000001e  RWIX
  I2CB                  00007340   00000040  00000022  0000001e  RWIX
  ADCA                  00007400   00000080  00000080  00000000  RWIX
  ADCB                  00007480   00000080  00000080  00000000  RWIX
  ADCC                  00007500   00000080  00000080  00000000  RWIX
  ADCD                  00007580   00000080  00000080  00000000  RWIX
  INPUT_XBAR            00007900   00000040  00000020  00000020  RWIX
  TRIG                  00007940   00000010  00000000  00000010  RWIX
  DMACLASRCSEL          00007980   00000040  0000001a  00000026  RWIX
  EPWM_XBAR             00007a00   00000040  00000040  00000000  RWIX
  CLB_XBAR              00007a40   00000040  00000000  00000040  RWIX
  OUTPUT_XBAR           00007a80   00000040  00000040  00000000  RWIX
  GPIOCTRL              00007c00   00000180  00000180  00000000  RWIX
  GPIODAT               00007f00   00000030  00000030  00000000  RWIX
  RAMLS5                0000a800   00000800  000007e8  00000018  RWIX
  RAMD1                 0000b800   00000800  00000400  00000400  RWIX
  RAMGS0                0000c000   00001000  00000a68  00000598  RWIX
  RAMGS1                0000d000   00001000  00000000  00001000  RWIX
  RAMGS2                0000e000   00001000  00000000  00001000  RWIX
  RAMGS3                0000f000   00001000  00000000  00001000  RWIX
  RAMGS4                00010000   00001000  00000000  00001000  RWIX
  RAMGS5                00011000   00001000  00000000  00001000  RWIX
  RAMGS6                00012000   00001000  00000000  00001000  RWIX
  RAMGS7                00013000   00001000  00000000  00001000  RWIX
  RAMGS8                00014000   00001000  00000000  00001000  RWIX
  RAMGS9                00015000   00001000  00000000  00001000  RWIX
  RAMGS10               00016000   00001000  00000000  00001000  RWIX
  RAMGS11               00017000   00001000  00000000  00001000  RWIX
  RAMGS12               00018000   00001000  00000000  00001000  RWIX
  RAMGS13               00019000   00001000  00000000  00001000  RWIX
  CPU2TOCPU1RAM         0003f800   00000400  00000000  00000400  RWIX
  CPU1TOCPU2RAM         0003fc00   00000400  00000000  00000400  RWIX
  EMIF1                 00047000   00000800  00000070  00000790  RWIX
  EMIF2                 00047800   00000800  00000070  00000790  RWIX
  CANA                  00048000   00001000  00000000  00001000  RWIX
  CANB                  0004a000   00001000  00000000  00001000  RWIX
  IPC                   00050000   00001000  00000024  00000fdc  RWIX
  DEV_CFG               0005d000   00000180  0000012e  00000052  RWIX
  ANALOG_SUBSYS         0005d180   00000080  00000048  00000038  RWIX
  CLK_CFG               0005d200   00000100  00000032  000000ce  RWIX
  CPU_SYS               0005d300   00000100  00000082  0000007e  RWIX
  HWBIST                0005e000   00000100  00000000  00000100  RWIX
  PBIST                 0005e200   00000200  00000000  00000200  RWIX
  ROMPREFETCH           0005e608   00000002  00000002  00000000  RWIX
  DCSM_Z1               0005f000   00000030  00000024  0000000c  RWIX
  DCSM_Z2               0005f040   00000030  00000024  0000000c  RWIX
  DCSM_COMMON           0005f070   00000010  00000008  00000008  RWIX
  MEMCFG                0005f400   00000080  00000080  00000000  RWIX
  EMIF1CONFIG           0005f480   00000020  00000020  00000000  RWIX
  EMIF2CONFIG           0005f4a0   00000020  00000020  00000000  RWIX
  ACCESSPROTECTION      0005f4c0   00000040  00000040  00000000  RWIX
  MEMORYERROR           0005f500   00000040  00000040  00000000  RWIX
  ROMWAITSTATE          0005f540   00000002  00000002  00000000  RWIX
  FLASH0_CTRL           0005f800   00000300  00000182  0000017e  RWIX
  FLASH0_ECC            0005fb00   00000040  00000028  00000018  RWIX
  DCSM_Z1_OTP           00078000   00000020  00000020  00000000  RWIX
  DCSM_Z2_OTP           00078200   00000020  00000020  00000000  RWIX


SECTION ALLOCATION MAP

 output                                  attributes/
section   page    origin      length       input sections
--------  ----  ----------  ----------   ----------------
.pinit     0    00082000    00000000     UNINITIALIZED

Cla1SoftIntRegsFile 
*          1    00000ce0    00000004     DSECT
                  00000ce0    00000004     F2837xD_GlobalVariableDefs.obj (Cla1SoftIntRegsFile)

GETBUFFER 
*          0    0003f800    00000000     DSECT

GETWRITEIDX 
*          0    0003f800    00000000     DSECT

PUTREADIDX 
*          0    0003f800    00000000     DSECT

codestart 
*          0    00080000    00000002     
                  00080000    00000002     F2837xD_CodeStartBranch.obj (codestart)

.cinit     0    00082000    00000205     
                  00082000    000000e4     kpj485_mod_ps .obj (.cinit)
                  000820e4    0000005c     serial.obj (.cinit)
                  00082140    00000031     rts2800_ml.lib : lowlev.obj (.cinit)
                  00082171    0000002d     pwmsetup.obj (.cinit)
                  0008219e    0000002a     rts2800_ml.lib : defs.obj (.cinit)
                  000821c8    00000017     robotis.obj (.cinit)
                  000821df    0000000a     rts2800_ml.lib : _lock.obj (.cinit)
                  000821e9    0000000a                    : exit.obj (.cinit)
                  000821f3    00000008     mmc-F2837x.obj (.cinit)
                  000821fb    00000004     rts2800_ml.lib : memory.obj (.cinit)
                  000821ff    00000004     ustdlib.obj (.cinit)
                  00082203    00000002     --HOLE-- [fill = 0]

.text.1    0    00082208    00001df4     
                  00082208    00000f64     ff.obj (.text)
                  0008316c    0000063c     ustdlib.obj (.text)
                  000837a8    0000059e     kpj485_mod_ps .obj (.text)
                  00083d46    0000024b     F2837xD_Gpio.obj (.text)
                  00083f91    0000006b     rts2800_ml.lib : fflush.obj (.text)

.text.2    0    00084000    00001ffe     
                  00084000    000004a1     serial.obj (.text)
                  000844a1    00000426     mmc-F2837x.obj (.text)
                  000848c7    000003f0     robotis.obj (.text)
                  00084cb7    00000346     F2837xD_SysCtrl.obj (.text)
                  00084ffd    0000032f     pwmsetup.obj (.text)
                  0008532c    000002c1     F2837xD_DefaultISR.obj (.text:retain)
                  000855ed    0000020f     kpj485_mod_ps .obj (.text:retain)
                  000857fc    00000201     rts2800_ml.lib : lowlev.obj (.text)
                  000859fd    00000200     pwmsetup.obj (.text:retain)
                  00085bfd    000001f2     rts2800_ml.lib : trgdrv.obj (.text)
                  00085def    000001d3                    : memory.obj (.text)
                  00085fc2    00000029                    : fs_tol.obj (.text)
                  00085feb    00000013                    : ul_tofs.obj (.text)

ramfuncs   0    00086000    00000812     RUN ADDR = 0001a000
                  00086000    000004dd     pwmsetup.obj (ramfuncs:retain)
                  000864dd    00000132     kpj485_mod_ps .obj (ramfuncs:retain)
                  0008660f    000000da     pwmsetup.obj (ramfuncs)
                  000866e9    000000b7     serial.obj (ramfuncs)
                  000867a0    00000037     F2837xD_SysCtrl.obj (ramfuncs)
                  000867d7    00000037     serial.obj (ramfuncs:retain)
                  0008680e    00000004     F2837xD_usDelay.obj (ramfuncs)

.text.3    0    00086814    000009cf     
                  00086814    000001c6     interrupt.obj (.text)
                  000869da    000001c4     serial.obj (.text:retain)
                  00086b9e    000000fd     F2837xD_EPwm.obj (.text)
                  00086c9b    000000dd     F2837xD_Adc.obj (.text)
                  00086d78    0000008e     rts2800_ml.lib : ankmsg.obj (.text)
                  00086e06    00000083                    : fs_div.obj (.text)
                  00086e89    00000078                    : fs_add.obj (.text)
                  00086f01    00000076     F2837xD_CpuTimers.obj (.text)
                  00086f77    0000005a     rts2800_ml.lib : fs_mpy.obj (.text)
                  00086fd1    00000044                    : boot.obj (.text)
                  00087015    00000028     F2837xD_PieCtrl.obj (.text)
                  0008703d    00000025     F2837xD_PieVect.obj (.text)
                  00087062    00000025     rts2800_ml.lib : fs_toi.obj (.text)
                  00087087    00000021                    : fs_toul.obj (.text)
                  000870a8    00000021                    : memcpy_ff.obj (.text)
                  000870c9    0000001e                    : strncpy.obj (.text)
                  000870e7    0000001d                    : fs_tou.obj (.text)
                  00087104    0000001a                    : i_tofs.obj (.text)
                  0008711e    00000019                    : args_main.obj (.text)
                  00087137    00000019                    : exit.obj (.text)
                  00087150    00000017                    : fs_cmp.obj (.text)
                  00087167    00000016                    : memcmp.obj (.text)
                  0008717d    00000010                    : u_tofs.obj (.text)
                  0008718d    0000000d                    : memset.obj (.text)
                  0008719a    0000000b                    : strchr.obj (.text)
                  000871a5    0000000b                    : u_div.obj (.text)
                  000871b0    0000000a                    : strcmp.obj (.text)
                  000871ba    00000009                    : _lock.obj (.text)
                  000871c3    00000008     F2837xD_CodeStartBranch.obj (.text)
                  000871cb    00000008     rts2800_ml.lib : strlen.obj (.text)
                  000871d3    00000006     interrupt.obj (.text:retain)
                  000871d9    00000005     rts2800_ml.lib : fs_neg.obj (.text)
                  000871de    00000005                    : strcpy.obj (.text)

.econst    0    00090000    000003a0     
                  00090000    000001c0     F2837xD_PieVect.obj (.econst)
                  000901c0    00000109     kpj485_mod_ps .obj (.econst:.string)
                  000902c9    00000001     --HOLE-- [fill = 0]
                  000902ca    00000075     pwmsetup.obj (.econst:.string)
                  0009033f    00000001     --HOLE-- [fill = 0]
                  00090340    00000018     ustdlib.obj (.econst:.string)
                  00090358    00000018     ustdlib.obj (.econst:_g_psDaysToMonth)
                  00090370    0000000c     ustdlib.obj (.econst:_g_pfExponents)
                  0009037c    0000000a     ff.obj (.econst:.string)
                  00090386    00000008     robotis.obj (.econst:_$P$T2$3)
                  0009038e    00000004     serial.obj (.econst:.string)
                  00090392    00000002     kpj485_mod_ps .obj (.econst:.string:_$P$T0$1)
                  00090394    00000002     robotis.obj (.econst:.string:_$P$T0$1)
                  00090396    00000002     kpj485_mod_ps .obj (.econst:.string:_$P$T1$2)
                  00090398    00000002     robotis.obj (.econst:.string:_$P$T1$2)
                  0009039a    00000002     kpj485_mod_ps .obj (.econst:.string:_$P$T2$3)
                  0009039c    00000002     kpj485_mod_ps .obj (.econst:.string:_$P$T3$4)
                  0009039e    00000002     ustdlib.obj (.econst)

.reset     0    003fffc0    00000002     DSECT
                  003fffc0    00000002     rts2800_ml.lib : boot.obj (.reset)

XbarRegsFile 
*          1    00000002    00000020     UNINITIALIZED
                  00000002    00000020     F2837xD_GlobalVariableDefs.obj (XbarRegsFile)

SyncSocRegsFile 
*          1    00000022    00000006     UNINITIALIZED
                  00000022    00000006     F2837xD_GlobalVariableDefs.obj (SyncSocRegsFile)

FlashPumpSemaphoreRegsFile 
*          1    00000028    00000002     UNINITIALIZED
                  00000028    00000002     F2837xD_GlobalVariableDefs.obj (FlashPumpSemaphoreRegsFile)

.stack     1    00000400    00000100     UNINITIALIZED
                  00000400    00000100     --HOLE--

.cio       1    00000500    00000120     UNINITIALIZED
                  00000500    00000120     rts2800_ml.lib : ankmsg.obj (.cio)

AdcaResultFile 
*          1    00000b00    00000018     UNINITIALIZED
                  00000b00    00000018     F2837xD_GlobalVariableDefs.obj (AdcaResultFile)

AdcbResultFile 
*          1    00000b20    00000018     UNINITIALIZED
                  00000b20    00000018     F2837xD_GlobalVariableDefs.obj (AdcbResultFile)

AdccResultFile 
*          1    00000b40    00000018     UNINITIALIZED
                  00000b40    00000018     F2837xD_GlobalVariableDefs.obj (AdccResultFile)

AdcdResultFile 
*          1    00000b60    00000018     UNINITIALIZED
                  00000b60    00000018     F2837xD_GlobalVariableDefs.obj (AdcdResultFile)

CpuTimer0RegsFile 
*          1    00000c00    00000008     UNINITIALIZED
                  00000c00    00000008     F2837xD_GlobalVariableDefs.obj (CpuTimer0RegsFile)

CpuTimer1RegsFile 
*          1    00000c08    00000008     UNINITIALIZED
                  00000c08    00000008     F2837xD_GlobalVariableDefs.obj (CpuTimer1RegsFile)

CpuTimer2RegsFile 
*          1    00000c10    00000008     UNINITIALIZED
                  00000c10    00000008     F2837xD_GlobalVariableDefs.obj (CpuTimer2RegsFile)

PieCtrlRegsFile 
*          1    00000ce0    0000001a     UNINITIALIZED
                  00000ce0    0000001a     F2837xD_GlobalVariableDefs.obj (PieCtrlRegsFile)

EmuKeyVar 
*          1    00000d00    00000001     UNINITIALIZED
                  00000d00    00000001     F2837xD_GlobalVariableDefs.obj (EmuKeyVar)

PieVectTableFile 
*          1    00000d00    000001c0     UNINITIALIZED
                  00000d00    000001c0     F2837xD_GlobalVariableDefs.obj (PieVectTableFile)

EmuBModeVar 
*          1    00000d01    00000001     UNINITIALIZED
                  00000d01    00000001     F2837xD_GlobalVariableDefs.obj (EmuBModeVar)

FlashCallbackVar 
*          1    00000d02    00000000     UNINITIALIZED

FlashScalingVar 
*          1    00000d02    00000000     UNINITIALIZED

DmaRegsFile 
*          1    00001000    000000e0     UNINITIALIZED
                  00001000    000000e0     F2837xD_GlobalVariableDefs.obj (DmaRegsFile)

Cla1RegsFile 
*          1    00001400    0000003e     UNINITIALIZED
                  00001400    0000003e     F2837xD_GlobalVariableDefs.obj (Cla1RegsFile)

EPwm1RegsFile 
*          1    00004000    00000100     UNINITIALIZED
                  00004000    00000100     F2837xD_GlobalVariableDefs.obj (EPwm1RegsFile)

EPwm2RegsFile 
*          1    00004100    00000100     UNINITIALIZED
                  00004100    00000100     F2837xD_GlobalVariableDefs.obj (EPwm2RegsFile)

EPwm3RegsFile 
*          1    00004200    00000100     UNINITIALIZED
                  00004200    00000100     F2837xD_GlobalVariableDefs.obj (EPwm3RegsFile)

EPwm4RegsFile 
*          1    00004300    00000100     UNINITIALIZED
                  00004300    00000100     F2837xD_GlobalVariableDefs.obj (EPwm4RegsFile)

EPwm5RegsFile 
*          1    00004400    00000100     UNINITIALIZED
                  00004400    00000100     F2837xD_GlobalVariableDefs.obj (EPwm5RegsFile)

EPwm6RegsFile 
*          1    00004500    00000100     UNINITIALIZED
                  00004500    00000100     F2837xD_GlobalVariableDefs.obj (EPwm6RegsFile)

EPwm7RegsFile 
*          1    00004600    00000100     UNINITIALIZED
                  00004600    00000100     F2837xD_GlobalVariableDefs.obj (EPwm7RegsFile)

EPwm8RegsFile 
*          1    00004700    00000100     UNINITIALIZED
                  00004700    00000100     F2837xD_GlobalVariableDefs.obj (EPwm8RegsFile)

EPwm9RegsFile 
*          1    00004800    00000100     UNINITIALIZED
                  00004800    00000100     F2837xD_GlobalVariableDefs.obj (EPwm9RegsFile)

EPwm10RegsFile 
*          1    00004900    00000100     UNINITIALIZED
                  00004900    00000100     F2837xD_GlobalVariableDefs.obj (EPwm10RegsFile)

EPwm11RegsFile 
*          1    00004a00    00000100     UNINITIALIZED
                  00004a00    00000100     F2837xD_GlobalVariableDefs.obj (EPwm11RegsFile)

EPwm12RegsFile 
*          1    00004b00    00000100     UNINITIALIZED
                  00004b00    00000100     F2837xD_GlobalVariableDefs.obj (EPwm12RegsFile)

ECap1RegsFile 
*          1    00005000    00000020     UNINITIALIZED
                  00005000    00000020     F2837xD_GlobalVariableDefs.obj (ECap1RegsFile)

ECap2RegsFile 
*          1    00005020    00000020     UNINITIALIZED
                  00005020    00000020     F2837xD_GlobalVariableDefs.obj (ECap2RegsFile)

ECap3RegsFile 
*          1    00005040    00000020     UNINITIALIZED
                  00005040    00000020     F2837xD_GlobalVariableDefs.obj (ECap3RegsFile)

ECap4RegsFile 
*          1    00005060    00000020     UNINITIALIZED
                  00005060    00000020     F2837xD_GlobalVariableDefs.obj (ECap4RegsFile)

ECap5RegsFile 
*          1    00005080    00000020     UNINITIALIZED
                  00005080    00000020     F2837xD_GlobalVariableDefs.obj (ECap5RegsFile)

ECap6RegsFile 
*          1    000050a0    00000020     UNINITIALIZED
                  000050a0    00000020     F2837xD_GlobalVariableDefs.obj (ECap6RegsFile)

EQep1RegsFile 
*          1    00005100    00000022     UNINITIALIZED
                  00005100    00000022     F2837xD_GlobalVariableDefs.obj (EQep1RegsFile)

EQep2RegsFile 
*          1    00005140    00000022     UNINITIALIZED
                  00005140    00000022     F2837xD_GlobalVariableDefs.obj (EQep2RegsFile)

EQep3RegsFile 
*          1    00005180    00000022     UNINITIALIZED
                  00005180    00000022     F2837xD_GlobalVariableDefs.obj (EQep3RegsFile)

DacaRegsFile 
*          1    00005c00    00000008     UNINITIALIZED
                  00005c00    00000008     F2837xD_GlobalVariableDefs.obj (DacaRegsFile)

DacbRegsFile 
*          1    00005c10    00000008     UNINITIALIZED
                  00005c10    00000008     F2837xD_GlobalVariableDefs.obj (DacbRegsFile)

DaccRegsFile 
*          1    00005c20    00000008     UNINITIALIZED
                  00005c20    00000008     F2837xD_GlobalVariableDefs.obj (DaccRegsFile)

Cmpss1RegsFile 
*          1    00005c80    00000020     UNINITIALIZED
                  00005c80    00000020     F2837xD_GlobalVariableDefs.obj (Cmpss1RegsFile)

Cmpss2RegsFile 
*          1    00005ca0    00000020     UNINITIALIZED
                  00005ca0    00000020     F2837xD_GlobalVariableDefs.obj (Cmpss2RegsFile)

Cmpss3RegsFile 
*          1    00005cc0    00000020     UNINITIALIZED
                  00005cc0    00000020     F2837xD_GlobalVariableDefs.obj (Cmpss3RegsFile)

Cmpss4RegsFile 
*          1    00005ce0    00000020     UNINITIALIZED
                  00005ce0    00000020     F2837xD_GlobalVariableDefs.obj (Cmpss4RegsFile)

Cmpss5RegsFile 
*          1    00005d00    00000020     UNINITIALIZED
                  00005d00    00000020     F2837xD_GlobalVariableDefs.obj (Cmpss5RegsFile)

Cmpss6RegsFile 
*          1    00005d20    00000020     UNINITIALIZED
                  00005d20    00000020     F2837xD_GlobalVariableDefs.obj (Cmpss6RegsFile)

Cmpss7RegsFile 
*          1    00005d40    00000020     UNINITIALIZED
                  00005d40    00000020     F2837xD_GlobalVariableDefs.obj (Cmpss7RegsFile)

Cmpss8RegsFile 
*          1    00005d60    00000020     UNINITIALIZED
                  00005d60    00000020     F2837xD_GlobalVariableDefs.obj (Cmpss8RegsFile)

Sdfm1RegsFile 
*          1    00005e00    00000080     UNINITIALIZED
                  00005e00    00000080     F2837xD_GlobalVariableDefs.obj (Sdfm1RegsFile)

Sdfm2RegsFile 
*          1    00005e80    00000080     UNINITIALIZED
                  00005e80    00000080     F2837xD_GlobalVariableDefs.obj (Sdfm2RegsFile)

McbspaRegsFile 
*          1    00006000    00000024     UNINITIALIZED
                  00006000    00000024     F2837xD_GlobalVariableDefs.obj (McbspaRegsFile)

McbspbRegsFile 
*          1    00006040    00000024     UNINITIALIZED
                  00006040    00000024     F2837xD_GlobalVariableDefs.obj (McbspbRegsFile)

SpiaRegsFile 
*          1    00006100    00000010     UNINITIALIZED
                  00006100    00000010     F2837xD_GlobalVariableDefs.obj (SpiaRegsFile)

SpibRegsFile 
*          1    00006110    00000010     UNINITIALIZED
                  00006110    00000010     F2837xD_GlobalVariableDefs.obj (SpibRegsFile)

SpicRegsFile 
*          1    00006120    00000010     UNINITIALIZED
                  00006120    00000010     F2837xD_GlobalVariableDefs.obj (SpicRegsFile)

UppRegsFile 
*          1    00006200    00000048     UNINITIALIZED
                  00006200    00000048     F2837xD_GlobalVariableDefs.obj (UppRegsFile)

WdRegsFile 
*          1    00007000    0000002b     UNINITIALIZED
                  00007000    0000002b     F2837xD_GlobalVariableDefs.obj (WdRegsFile)

NmiIntruptRegsFile 
*          1    00007060    00000007     UNINITIALIZED
                  00007060    00000007     F2837xD_GlobalVariableDefs.obj (NmiIntruptRegsFile)

XintRegsFile 
*          1    00007070    0000000b     UNINITIALIZED
                  00007070    0000000b     F2837xD_GlobalVariableDefs.obj (XintRegsFile)

SciaRegsFile 
*          1    00007200    00000010     UNINITIALIZED
                  00007200    00000010     F2837xD_GlobalVariableDefs.obj (SciaRegsFile)

ScibRegsFile 
*          1    00007210    00000010     UNINITIALIZED
                  00007210    00000010     F2837xD_GlobalVariableDefs.obj (ScibRegsFile)

ScicRegsFile 
*          1    00007220    00000010     UNINITIALIZED
                  00007220    00000010     F2837xD_GlobalVariableDefs.obj (ScicRegsFile)

ScidRegsFile 
*          1    00007230    00000010     UNINITIALIZED
                  00007230    00000010     F2837xD_GlobalVariableDefs.obj (ScidRegsFile)

I2caRegsFile 
*          1    00007300    00000022     UNINITIALIZED
                  00007300    00000022     F2837xD_GlobalVariableDefs.obj (I2caRegsFile)

I2cbRegsFile 
*          1    00007340    00000022     UNINITIALIZED
                  00007340    00000022     F2837xD_GlobalVariableDefs.obj (I2cbRegsFile)

AdcaRegsFile 
*          1    00007400    00000080     UNINITIALIZED
                  00007400    00000080     F2837xD_GlobalVariableDefs.obj (AdcaRegsFile)

AdcbRegsFile 
*          1    00007480    00000080     UNINITIALIZED
                  00007480    00000080     F2837xD_GlobalVariableDefs.obj (AdcbRegsFile)

AdccRegsFile 
*          1    00007500    00000080     UNINITIALIZED
                  00007500    00000080     F2837xD_GlobalVariableDefs.obj (AdccRegsFile)

AdcdRegsFile 
*          1    00007580    00000080     UNINITIALIZED
                  00007580    00000080     F2837xD_GlobalVariableDefs.obj (AdcdRegsFile)

InputXbarRegsFile 
*          1    00007900    00000020     UNINITIALIZED
                  00007900    00000020     F2837xD_GlobalVariableDefs.obj (InputXbarRegsFile)

DmaClaSrcSelRegsFile 
*          1    00007980    0000001a     UNINITIALIZED
                  00007980    0000001a     F2837xD_GlobalVariableDefs.obj (DmaClaSrcSelRegsFile)

EPwmXbarRegsFile 
*          1    00007a00    00000040     UNINITIALIZED
                  00007a00    00000040     F2837xD_GlobalVariableDefs.obj (EPwmXbarRegsFile)

OutputXbarRegsFile 
*          1    00007a80    00000040     UNINITIALIZED
                  00007a80    00000040     F2837xD_GlobalVariableDefs.obj (OutputXbarRegsFile)

GpioCtrlRegsFile 
*          1    00007c00    00000180     UNINITIALIZED
                  00007c00    00000180     F2837xD_GlobalVariableDefs.obj (GpioCtrlRegsFile)

GpioDataRegsFile 
*          1    00007f00    00000030     UNINITIALIZED
                  00007f00    00000030     F2837xD_GlobalVariableDefs.obj (GpioDataRegsFile)

.ebss.1    1    0000a800    000007e8     UNINITIALIZED
                  0000a800    00000618     kpj485_mod_ps .obj (.ebss)
                  0000ae18    00000018     F2837xD_CpuTimers.obj (.ebss)
                  0000ae30    00000008     rts2800_ml.lib : memory.obj (.ebss)
                  0000ae38    00000008                    : trgdrv.obj (.ebss)
                  0000ae40    0000016f     pwmsetup.obj (.ebss)
                  0000afaf    00000001     ustdlib.obj (.ebss)
                  0000afb0    00000006     ff.obj (.ebss)
                  0000afb6    00000005     mmc-F2837x.obj (.ebss)
                  0000afbb    00000001     --HOLE--
                  0000afbc    00000004     rts2800_ml.lib : _lock.obj (.ebss)
                  0000afc0    00000012     cmdline.obj (.ebss)
                  0000afd2    00000012     robotis.obj (.ebss)
                  0000afe4    00000004     rts2800_ml.lib : exit.obj (.ebss)

.sysmem    1    0000b800    00000400     UNINITIALIZED
                  0000b800    00000001     rts2800_ml.lib : memory.obj (.sysmem)
                  0000b801    000003ff     --HOLE--

.ebss.2    1    0000c000    000009e0     UNINITIALIZED
                  0000c000    00000880     serial.obj (.ebss)
                  0000c880    00000160     rts2800_ml.lib : defs.obj (.ebss)

.ebss.3    1    0000ca00    00000088     UNINITIALIZED
                  0000ca00    00000088     rts2800_ml.lib : lowlev.obj (.ebss)

Emif1RegsFile 
*          1    00047000    00000070     UNINITIALIZED
                  00047000    00000070     F2837xD_GlobalVariableDefs.obj (Emif1RegsFile)

Emif2RegsFile 
*          1    00047800    00000070     UNINITIALIZED
                  00047800    00000070     F2837xD_GlobalVariableDefs.obj (Emif2RegsFile)

IpcRegsFile 
*          1    00050000    00000024     UNINITIALIZED
                  00050000    00000024     F2837xD_GlobalVariableDefs.obj (IpcRegsFile)

DevCfgRegsFile 
*          1    0005d000    0000012e     UNINITIALIZED
                  0005d000    0000012e     F2837xD_GlobalVariableDefs.obj (DevCfgRegsFile)

AnalogSubsysRegsFile 
*          1    0005d180    00000048     UNINITIALIZED
                  0005d180    00000048     F2837xD_GlobalVariableDefs.obj (AnalogSubsysRegsFile)

ClkCfgRegsFile 
*          1    0005d200    00000032     UNINITIALIZED
                  0005d200    00000032     F2837xD_GlobalVariableDefs.obj (ClkCfgRegsFile)

CpuSysRegsFile 
*          1    0005d300    00000082     UNINITIALIZED
                  0005d300    00000082     F2837xD_GlobalVariableDefs.obj (CpuSysRegsFile)

RomPrefetchRegsFile 
*          1    0005e608    00000002     UNINITIALIZED
                  0005e608    00000002     F2837xD_GlobalVariableDefs.obj (RomPrefetchRegsFile)

DcsmZ1RegsFile 
*          1    0005f000    00000024     UNINITIALIZED
                  0005f000    00000024     F2837xD_GlobalVariableDefs.obj (DcsmZ1RegsFile)

DcsmZ2RegsFile 
*          1    0005f040    00000024     UNINITIALIZED
                  0005f040    00000024     F2837xD_GlobalVariableDefs.obj (DcsmZ2RegsFile)

DcsmCommonRegsFile 
*          1    0005f070    00000008     UNINITIALIZED
                  0005f070    00000008     F2837xD_GlobalVariableDefs.obj (DcsmCommonRegsFile)

MemCfgRegsFile 
*          1    0005f400    00000080     UNINITIALIZED
                  0005f400    00000080     F2837xD_GlobalVariableDefs.obj (MemCfgRegsFile)

Emif1ConfigRegsFile 
*          1    0005f480    00000020     UNINITIALIZED
                  0005f480    00000020     F2837xD_GlobalVariableDefs.obj (Emif1ConfigRegsFile)

Emif2ConfigRegsFile 
*          1    0005f4a0    00000020     UNINITIALIZED
                  0005f4a0    00000020     F2837xD_GlobalVariableDefs.obj (Emif2ConfigRegsFile)

AccessProtectionRegsFile 
*          1    0005f4c0    00000040     UNINITIALIZED
                  0005f4c0    00000040     F2837xD_GlobalVariableDefs.obj (AccessProtectionRegsFile)

MemoryErrorRegsFile 
*          1    0005f500    00000040     UNINITIALIZED
                  0005f500    00000040     F2837xD_GlobalVariableDefs.obj (MemoryErrorRegsFile)

RomWaitStateRegsFile 
*          1    0005f540    00000002     UNINITIALIZED
                  0005f540    00000002     F2837xD_GlobalVariableDefs.obj (RomWaitStateRegsFile)

Flash0CtrlRegsFile 
*          1    0005f800    00000182     UNINITIALIZED
                  0005f800    00000182     F2837xD_GlobalVariableDefs.obj (Flash0CtrlRegsFile)

Flash0EccRegsFile 
*          1    0005fb00    00000028     UNINITIALIZED
                  0005fb00    00000028     F2837xD_GlobalVariableDefs.obj (Flash0EccRegsFile)

DcsmZ1OtpFile 
*          1    00078000    00000020     NOLOAD SECTION
                  00078000    00000020     F2837xD_GlobalVariableDefs.obj (DcsmZ1OtpFile)

DcsmZ2OtpFile 
*          1    00078200    00000020     NOLOAD SECTION
                  00078200    00000020     F2837xD_GlobalVariableDefs.obj (DcsmZ2OtpFile)


GLOBAL DATA SYMBOLS: SORTED BY DATA PAGE

address     data page           name
--------    ----------------    ----
00000002       0 (00000000)     _XbarRegs
00000022       0 (00000000)     _SyncSocRegs
00000028       0 (00000000)     _FlashPumpSemaphoreRegs

00000400      10 (00000400)     __stack

00000500      14 (00000500)     __CIOBUF_

00000b00      2c (00000b00)     _AdcaResultRegs
00000b20      2c (00000b00)     _AdcbResultRegs

00000b40      2d (00000b40)     _AdccResultRegs
00000b60      2d (00000b40)     _AdcdResultRegs

00000c00      30 (00000c00)     _CpuTimer0Regs
00000c08      30 (00000c00)     _CpuTimer1Regs
00000c10      30 (00000c00)     _CpuTimer2Regs

00000ce0      33 (00000cc0)     _Cla1SoftIntRegs
00000ce0      33 (00000cc0)     _PieCtrlRegs

00000d00      34 (00000d00)     _EmuKey
00000d00      34 (00000d00)     _PieVectTable
00000d01      34 (00000d00)     _EmuBMode

00001000      40 (00001000)     _DmaRegs

00001400      50 (00001400)     _Cla1Regs

00004000     100 (00004000)     _EPwm1Regs

00004100     104 (00004100)     _EPwm2Regs

00004200     108 (00004200)     _EPwm3Regs

00004300     10c (00004300)     _EPwm4Regs

00004400     110 (00004400)     _EPwm5Regs

00004500     114 (00004500)     _EPwm6Regs

00004600     118 (00004600)     _EPwm7Regs

00004700     11c (00004700)     _EPwm8Regs

00004800     120 (00004800)     _EPwm9Regs

00004900     124 (00004900)     _EPwm10Regs

00004a00     128 (00004a00)     _EPwm11Regs

00004b00     12c (00004b00)     _EPwm12Regs

00005000     140 (00005000)     _ECap1Regs
00005020     140 (00005000)     _ECap2Regs

00005040     141 (00005040)     _ECap3Regs
00005060     141 (00005040)     _ECap4Regs

00005080     142 (00005080)     _ECap5Regs
000050a0     142 (00005080)     _ECap6Regs

00005100     144 (00005100)     _EQep1Regs

00005140     145 (00005140)     _EQep2Regs

00005180     146 (00005180)     _EQep3Regs

00005c00     170 (00005c00)     _DacaRegs
00005c10     170 (00005c00)     _DacbRegs
00005c20     170 (00005c00)     _DaccRegs

00005c80     172 (00005c80)     _Cmpss1Regs
00005ca0     172 (00005c80)     _Cmpss2Regs

00005cc0     173 (00005cc0)     _Cmpss3Regs
00005ce0     173 (00005cc0)     _Cmpss4Regs

00005d00     174 (00005d00)     _Cmpss5Regs
00005d20     174 (00005d00)     _Cmpss6Regs

00005d40     175 (00005d40)     _Cmpss7Regs
00005d60     175 (00005d40)     _Cmpss8Regs

00005e00     178 (00005e00)     _Sdfm1Regs

00005e80     17a (00005e80)     _Sdfm2Regs

00006000     180 (00006000)     _McbspaRegs

00006040     181 (00006040)     _McbspbRegs

00006100     184 (00006100)     _SpiaRegs
00006110     184 (00006100)     _SpibRegs
00006120     184 (00006100)     _SpicRegs

00006200     188 (00006200)     _UppRegs

00007000     1c0 (00007000)     _WdRegs

00007060     1c1 (00007040)     _NmiIntruptRegs
00007070     1c1 (00007040)     _XintRegs

00007200     1c8 (00007200)     _SciaRegs
00007210     1c8 (00007200)     _ScibRegs
00007220     1c8 (00007200)     _ScicRegs
00007230     1c8 (00007200)     _ScidRegs

00007300     1cc (00007300)     _I2caRegs

00007340     1cd (00007340)     _I2cbRegs

00007400     1d0 (00007400)     _AdcaRegs

00007480     1d2 (00007480)     _AdcbRegs

00007500     1d4 (00007500)     _AdccRegs

00007580     1d6 (00007580)     _AdcdRegs

00007900     1e4 (00007900)     _InputXbarRegs

00007980     1e6 (00007980)     _DmaClaSrcSelRegs

00007a00     1e8 (00007a00)     _EPwmXbarRegs

00007a80     1ea (00007a80)     _OutputXbarRegs

00007c00     1f0 (00007c00)     _GpioCtrlRegs

00007f00     1fc (00007f00)     _GpioDataRegs

0000a800     2a0 (0000a800)     _fresult
0000a801     2a0 (0000a800)     _uid
0000a802     2a0 (0000a800)     _sleng
0000a803     2a0 (0000a800)     _err
0000a804     2a0 (0000a800)     _toen
0000a805     2a0 (0000a800)     _find
0000a806     2a0 (0000a800)     _mt
0000a807     2a0 (0000a800)     _cmd
0000a808     2a0 (0000a800)     _atpntflag
0000a809     2a0 (0000a800)     _sdnum
0000a80a     2a0 (0000a800)     _sdinitflag
0000a80b     2a0 (0000a800)     _testcnt
0000a80c     2a0 (0000a800)     _ATmode
0000a80d     2a0 (0000a800)     _resultsIndex
0000a80e     2a0 (0000a800)     _bufferFull
0000a80f     2a0 (0000a800)     _numoutsd
0000a810     2a0 (0000a800)     _k
0000a811     2a0 (0000a800)     _j
0000a812     2a0 (0000a800)     _writeflag
0000a813     2a0 (0000a800)     _autoloop
0000a814     2a0 (0000a800)     _spfout
0000a815     2a0 (0000a800)     _rcvnum
0000a816     2a0 (0000a800)     _test
0000a817     2a0 (0000a800)     _rcvsuc
0000a818     2a0 (0000a800)     _aben_t
0000a819     2a0 (0000a800)     _aben_p
0000a81a     2a0 (0000a800)     _rcvflag
0000a81b     2a0 (0000a800)     _ledonoff
0000a81c     2a0 (0000a800)     _done
0000a81d     2a0 (0000a800)     _rcvid
0000a81e     2a0 (0000a800)     _rcvstart
0000a820     2a0 (0000a800)     _temp
0000a822     2a0 (0000a800)     _pi
0000a824     2a0 (0000a800)     _t
0000a826     2a0 (0000a800)     _intovel
0000a828     2a0 (0000a800)     _degtogo
0000a82a     2a0 (0000a800)     _intogo
0000a82c     2a0 (0000a800)     _ltra
0000a82e     2a0 (0000a800)     _ttrar
0000a830     2a0 (0000a800)     _ttra
0000a832     2a0 (0000a800)     _endtime
0000a834     2a0 (0000a800)     _rtra
0000a836     2a0 (0000a800)     _excutetime
0000a838     2a0 (0000a800)     _prevtime
0000a83a     2a0 (0000a800)     _curtime
0000a83c     2a0 (0000a800)     _dtxbuf
0000a83e     2a0 (0000a800)     _temp2

0000a840     2a1 (0000a840)     _filsize
0000a842     2a1 (0000a840)     _rtraold
0000a844     2a1 (0000a840)     _ltraold
0000a846     2a1 (0000a840)     _degknee
0000a848     2a1 (0000a840)     _degpel
0000a84a     2a1 (0000a840)     _itoabuf
0000a84f     2a1 (0000a840)     _p
0000a854     2a1 (0000a840)     _itoabuf2
0000a859     2a1 (0000a840)     _oset2
0000a862     2a1 (0000a840)     _goalpos
0000a86a     2a1 (0000a840)     _oset
0000a872     2a1 (0000a840)     _p2

0000a880     2a2 (0000a880)     _initpos
0000a888     2a2 (0000a880)     _traj
0000a890     2a2 (0000a880)     _goalpos2
0000a898     2a2 (0000a880)     _dir
0000a8a0     2a2 (0000a880)     _posint
0000a8a8     2a2 (0000a880)     _obs
0000a8b2     2a2 (0000a880)     _epwm3_info

0000a8c0     2a3 (0000a8c0)     _epwm1_info
0000a8ca     2a3 (0000a8c0)     _epwm4_info
0000a8d4     2a3 (0000a8c0)     _pos
0000a8e4     2a3 (0000a8c0)     _posavg

0000a900     2a4 (0000a900)     _AdcaResults

0000a940     2a5 (0000a940)     _rdsd

0000a980     2a6 (0000a980)     _bufsd

0000a9c0     2a7 (0000a9c0)     _fil

0000ae18     2b8 (0000ae00)     _CpuTimer1
0000ae20     2b8 (0000ae00)     _CpuTimer2
0000ae28     2b8 (0000ae00)     _CpuTimer0

0000ae40     2b9 (0000ae40)     _period
0000ae41     2b9 (0000ae40)     _enal
0000ae42     2b9 (0000ae40)     _duty16
0000ae43     2b9 (0000ae40)     _ena
0000ae44     2b9 (0000ae40)     _enar
0000ae45     2b9 (0000ae40)     _target_t
0000ae46     2b9 (0000ae40)     _target_p
0000ae47     2b9 (0000ae40)     _initonce
0000ae48     2b9 (0000ae40)     _numout
0000ae49     2b9 (0000ae40)     _absen
0000ae4a     2b9 (0000ae40)     _cmd2
0000ae4b     2b9 (0000ae40)     _rst
0000ae4c     2b9 (0000ae40)     _dir1
0000ae4d     2b9 (0000ae40)     _slp
0000ae4e     2b9 (0000ae40)     _absout
0000ae4f     2b9 (0000ae40)     _dir2
0000ae50     2b9 (0000ae40)     _sdcmd
0000ae52     2b9 (0000ae40)     _mxbuf
0000ae54     2b9 (0000ae40)     _btxbuf
0000ae56     2b9 (0000ae40)     _mxrbuf
0000ae58     2b9 (0000ae40)     _token
0000ae5a     2b9 (0000ae40)     _desvl
0000ae5c     2b9 (0000ae40)     _desv
0000ae5e     2b9 (0000ae40)     _pwmtimer1
0000ae60     2b9 (0000ae40)     _desvr
0000ae62     2b9 (0000ae40)     _duty
0000ae64     2b9 (0000ae40)     _tempa
0000ae66     2b9 (0000ae40)     _cmdbuf
0000ae68     2b9 (0000ae40)     _cmdbuf2
0000ae6a     2b9 (0000ae40)     _printbuf
0000ae6c     2b9 (0000ae40)     _absbuf
0000ae71     2b9 (0000ae40)     _absbuf2

0000ae80     2ba (0000ae80)     _mxr
0000ae8e     2ba (0000ae80)     _mxl
0000ae9c     2ba (0000ae80)     _wizfi

0000aec0     2bb (0000aec0)     _dxl

0000af00     2bc (0000af00)     _gps

0000af40     2bd (0000af40)     _imu

0000afbc     2be (0000af80)     __unlock
0000afbe     2be (0000af80)     __lock

0000afd2     2bf (0000afc0)     _releng
0000afd4     2bf (0000afc0)     _gearrt
0000afe4     2bf (0000afc0)     ___TI_cleanup_ptr
0000afe6     2bf (0000afc0)     ___TI_dtors_ptr

0000b800     2e0 (0000b800)     __sys_memory

0000c000     300 (0000c000)     _SCI_PRDc
0000c001     300 (0000c000)     _SCI_PRDa
0000c002     300 (0000c000)     _d_ui16UARTRxReadIndex
0000c003     300 (0000c000)     _bufa
0000c004     300 (0000c000)     _bufb
0000c005     300 (0000c000)     _SCI_PRDb
0000c006     300 (0000c000)     _SCI_PRDd
0000c007     300 (0000c000)     _c_ui16UARTRxWriteIndex
0000c008     300 (0000c000)     _c_ui16UARTRxReadIndex
0000c009     300 (0000c000)     _c_ui16UARTTxWriteIndex
0000c00a     300 (0000c000)     _c_ui16UARTTxReadIndex
0000c00b     300 (0000c000)     _d_ui16UARTRxWriteIndex
0000c00c     300 (0000c000)     _b_ui16UARTRxWriteIndex
0000c00d     300 (0000c000)     _d_ui16UARTTxWriteIndex
0000c00e     300 (0000c000)     _d_ui16UARTTxReadIndex
0000c00f     300 (0000c000)     _rdata_pointA
0000c010     300 (0000c000)     _graphdata
0000c011     300 (0000c000)     _atxing
0000c012     300 (0000c000)     _rdata
0000c017     300 (0000c000)     _wfing
0000c018     300 (0000c000)     _wfrcvnum
0000c019     300 (0000c000)     _b_ui16UARTRxReadIndex
0000c01a     300 (0000c000)     _bufc
0000c01b     300 (0000c000)     _ATcnt2
0000c01c     300 (0000c000)     _lengscib
0000c01d     300 (0000c000)     _ecing
0000c01e     300 (0000c000)     _ATcnt
0000c01f     300 (0000c000)     _b_ui16UARTTxReadIndex
0000c020     300 (0000c000)     _a_ui16UARTRxWriteIndex
0000c021     300 (0000c000)     _a_ui16UARTRxReadIndex
0000c022     300 (0000c000)     _a_ui16UARTTxWriteIndex
0000c023     300 (0000c000)     _a_ui16UARTTxReadIndex
0000c024     300 (0000c000)     _b_ui16UARTTxWriteIndex
0000c026     300 (0000c000)     _SCI_FREQc
0000c028     300 (0000c000)     _trdelay
0000c02a     300 (0000c000)     _SCI_FREQ
0000c02c     300 (0000c000)     _SCI_FREQb
0000c02e     300 (0000c000)     _CPU_FREQ
0000c030     300 (0000c000)     _dx_baud
0000c032     300 (0000c000)     _SCI_FREQa
0000c034     300 (0000c000)     _LSPCLK_FREQ
0000c036     300 (0000c000)     _SCI_FREQd

0000c040     301 (0000c040)     _rdataA
0000c050     301 (0000c040)     _sdataA

0000c080     302 (0000c080)     _c_pcUARTTxBuffer

0000c180     306 (0000c180)     _c_pcUARTRxBuffer

0000c280     30a (0000c280)     _b_pcUARTRxBuffer

0000c380     30e (0000c380)     _b_pcUARTTxBuffer

0000c480     312 (0000c480)     _a_pcUARTTxBuffer

0000c580     316 (0000c580)     _d_pcUARTRxBuffer

0000c680     31a (0000c680)     _a_pcUARTRxBuffer

0000c780     31e (0000c780)     _d_pcUARTTxBuffer

0000c880     322 (0000c880)     ___TI_ft_end

0000c8c0     323 (0000c8c0)     __ftable

0000c940     325 (0000c940)     ___TI_tmpnams

00047000    11c0 (00047000)     _Emif1Regs

00047800    11e0 (00047800)     _Emif2Regs

00050000    1400 (00050000)     _IpcRegs

0005d000    1740 (0005d000)     _DevCfgRegs

0005d180    1746 (0005d180)     _AnalogSubsysRegs

0005d200    1748 (0005d200)     _ClkCfgRegs

0005d300    174c (0005d300)     _CpuSysRegs

0005e608    1798 (0005e600)     _RomPrefetchRegs

0005f000    17c0 (0005f000)     _DcsmZ1Regs

0005f040    17c1 (0005f040)     _DcsmZ2Regs
0005f070    17c1 (0005f040)     _DcsmCommonRegs

0005f400    17d0 (0005f400)     _MemCfgRegs

0005f480    17d2 (0005f480)     _Emif1ConfigRegs
0005f4a0    17d2 (0005f480)     _Emif2ConfigRegs

0005f4c0    17d3 (0005f4c0)     _AccessProtectionRegs

0005f500    17d4 (0005f500)     _MemoryErrorRegs

0005f540    17d5 (0005f540)     _RomWaitStateRegs

0005f800    17e0 (0005f800)     _Flash0CtrlRegs

0005fb00    17ec (0005fb00)     _Flash0EccRegs

00078000    1e00 (00078000)     _DcsmZ1Otp

00078200    1e08 (00078200)     _DcsmZ2Otp

00090000    2400 (00090000)     _PieVectTableInit


GLOBAL SYMBOLS: SORTED ALPHABETICALLY BY Name 

address    name
--------   ----
ffffffff   .text
00087137   C$$EXIT
00086dc8   C$$IO$$
00086e8e   FS$$ADD
00087150   FS$$CMP
00086e06   FS$$DIV
00086f77   FS$$MPY
000871d9   FS$$NEG
00086e89   FS$$SUB
00087062   FS$$TOI
00085fc2   FS$$TOL
000870e7   FS$$TOU
00087087   FS$$TOUL
00087104   I$$TOFS
000871a5   U$$DIV
000871aa   U$$MOD
0008717d   U$$TOFS
00085feb   UL$$TOFS
0008538b   _ADCA1_ISR
000854cb   _ADCA2_ISR
000854d0   _ADCA3_ISR
000854d5   _ADCA4_ISR
000854c6   _ADCA_EVT_ISR
00085390   _ADCB1_ISR
000854df   _ADCB2_ISR
000854e4   _ADCB3_ISR
000854e9   _ADCB4_ISR
000854da   _ADCB_EVT_ISR
00085395   _ADCC1_ISR
00085593   _ADCC2_ISR
00085598   _ADCC3_ISR
0008559d   _ADCC4_ISR
0008558e   _ADCC_EVT_ISR
000853a4   _ADCD1_ISR
000855a7   _ADCD2_ISR
000855ac   _ADCD3_ISR
000855b1   _ADCD4_ISR
000855a2   _ADCD_EVT_ISR
0000c01e   _ATcnt
0000c01b   _ATcnt2
0000a80c   _ATmode
00083cec   _ATpnt
000855cf   _AUX_PLL_SLIP_ISR
0005f4c0   _AccessProtectionRegs
00086c9b   _AdcSetMode
00007400   _AdcaRegs
00000b00   _AdcaResultRegs
0000a900   _AdcaResults
00007480   _AdcbRegs
00000b20   _AdcbResultRegs
00007500   _AdccRegs
00000b40   _AdccResultRegs
00007580   _AdcdRegs
00000b60   _AdcdResultRegs
0005d180   _AnalogSubsysRegs
00084fa9   _AuxAuxClkSel
00084f93   _AuxIntOsc2Sel
00084f9d   _AuxXtalOscSel
000854b2   _CANA0_ISR
000854b7   _CANA1_ISR
000854bc   _CANB0_ISR
000854c1   _CANB1_ISR
000854ee   _CLA1_1_ISR
000854f3   _CLA1_2_ISR
000854f8   _CLA1_3_ISR
000854fd   _CLA1_4_ISR
00085502   _CLA1_5_ISR
00085507   _CLA1_6_ISR
0008550c   _CLA1_7_ISR
00085511   _CLA1_8_ISR
000855d4   _CLA_OVERFLOW_ISR
000855d9   _CLA_UNDERFLOW_ISR
0000c02e   _CPU_FREQ
00086d3e   _CalAdcINL
00001400   _Cla1Regs
00000ce0   _Cla1SoftIntRegs
0005d200   _ClkCfgRegs
00005c80   _Cmpss1Regs
00005ca0   _Cmpss2Regs
00005cc0   _Cmpss3Regs
00005ce0   _Cmpss4Regs
00005d00   _Cmpss5Regs
00005d20   _Cmpss6Regs
00005d40   _Cmpss7Regs
00005d60   _Cmpss8Regs
00086f42   _ConfigCpuTimer
00083ab9   _ConfigureADC
00083b06   _ConfigureGPIO
0005d300   _CpuSysRegs
0000ae28   _CpuTimer0
00000c00   _CpuTimer0Regs
0000ae18   _CpuTimer1
00000c08   _CpuTimer1Regs
0000ae20   _CpuTimer2
00000c10   _CpuTimer2Regs
00084f52   _CsmUnlock
00085336   _DATALOG_ISR
00085458   _DMA_CH1_ISR
0008545d   _DMA_CH2_ISR
00085462   _DMA_CH3_ISR
00085467   _DMA_CH4_ISR
0008546c   _DMA_CH5_ISR
00085471   _DMA_CH6_ISR
00005c00   _DacaRegs
00005c10   _DacbRegs
00005c20   _DaccRegs
0005f070   _DcsmCommonRegs
00078000   _DcsmZ1Otp
0005f000   _DcsmZ1Regs
00078200   _DcsmZ2Otp
0005f040   _DcsmZ2Regs
0005d000   _DevCfgRegs
00084db6   _DisableDog
00084d77   _DisablePeripheralClocks
00007980   _DmaClaSrcSelRegs
00001000   _DmaRegs
00085403   _ECAP1_ISR
00085408   _ECAP2_ISR
0008540d   _ECAP3_ISR
00085412   _ECAP4_ISR
00085417   _ECAP5_ISR
0008541c   _ECAP6_ISR
00005000   _ECap1Regs
00005020   _ECap2Regs
00005040   _ECap3Regs
00005060   _ECap4Regs
00005080   _ECap5Regs
000050a0   _ECap6Regs
000855b6   _EMIF_ERROR_ISR
000855e3   _EMPTY_ISR
00085340   _EMU_ISR
00085561   _EPWM10_ISR
0008554d   _EPWM10_TZ_ISR
00085566   _EPWM11_ISR
00085552   _EPWM11_TZ_ISR
0008556b   _EPWM12_ISR
00085557   _EPWM12_TZ_ISR
000853db   _EPWM1_ISR
000853b3   _EPWM1_TZ_ISR
000853e0   _EPWM2_ISR
000853b8   _EPWM2_TZ_ISR
000853e5   _EPWM3_ISR
000853bd   _EPWM3_TZ_ISR
000853ea   _EPWM4_ISR
000853c2   _EPWM4_TZ_ISR
000853ef   _EPWM5_ISR
000853c7   _EPWM5_TZ_ISR
000853f4   _EPWM6_ISR
000853cc   _EPWM6_TZ_ISR
000853f9   _EPWM7_ISR
000853d1   _EPWM7_TZ_ISR
000853fe   _EPWM8_ISR
000853d6   _EPWM8_TZ_ISR
0008555c   _EPWM9_ISR
00085548   _EPWM9_TZ_ISR
00004900   _EPwm10Regs
00004a00   _EPwm11Regs
00004b00   _EPwm12Regs
00004000   _EPwm1Regs
00004100   _EPwm2Regs
00004200   _EPwm3Regs
00004300   _EPwm4Regs
00004400   _EPwm5Regs
00004500   _EPwm6Regs
00004600   _EPwm7Regs
00004700   _EPwm8Regs
00004800   _EPwm9Regs
00007a00   _EPwmXbarRegs
00085421   _EQEP1_ISR
00085426   _EQEP2_ISR
0008542b   _EQEP3_ISR
00005100   _EQep1Regs
00005140   _EQep2Regs
00005180   _EQep3Regs
0005f480   _Emif1ConfigRegs
00047000   _Emif1Regs
0005f4a0   _Emif2ConfigRegs
00047800   _Emif2Regs
00000d01   _EmuBMode
00000d00   _EmuKey
00087034   _EnableInterrupts
0001a80e   _F28x_usDelay
000855c0   _FLASH_CORRECTABLE_ERROR_ISR
0008552a   _FPU_OVERFLOW_ISR
0008552f   _FPU_UNDERFLOW_ISR
0005f800   _Flash0CtrlRegs
0005fb00   _Flash0EccRegs
0001a7c9   _FlashOff
00000028   _FlashPumpSemaphoreRegs
00083f45   _GPIO_EnableUnbondedIOPullups
00083f20   _GPIO_EnableUnbondedIOPullupsFor100Pin
00083f07   _GPIO_EnableUnbondedIOPullupsFor176Pin
00083f5b   _GPIO_ReadPin
00083ead   _GPIO_SetupLock
00083d86   _GPIO_SetupPinMux
00083e17   _GPIO_SetupPinOptions
00083ed5   _GPIO_SetupXINT1Gpio
00083edf   _GPIO_SetupXINT2Gpio
00083ee9   _GPIO_SetupXINT3Gpio
00083ef3   _GPIO_SetupXINT4Gpio
00083efd   _GPIO_SetupXINT5Gpio
00083f72   _GPIO_WritePin
00007c00   _GpioCtrlRegs
00007f00   _GpioDataRegs
00084fc7   _HALT
00084fe0   _HIB
00085dc5   _HOSTclock
00085d9e   _HOSTclose
00085d74   _HOSTgetenv
00085d2d   _HOSTlseek
00085cf6   _HOSTopen
00085cc0   _HOSTread
00085c82   _HOSTrename
00085c58   _HOSTtime
00085c33   _HOSTunlink
00085bfd   _HOSTwrite
0008547b   _I2CA_FIFO_ISR
00085476   _I2CA_ISR
00085485   _I2CB_FIFO_ISR
00085480   _I2CB_ISR
00007300   _I2caRegs
00007340   _I2cbRegs
00084fb3   _IDLE
0008534a   _ILLEGAL_ISR
00085534   _IPC0_ISR
00085539   _IPC1_ISR
0008553e   _IPC2_ISR
00085543   _IPC3_ISR
00084e8a   _InitAuxPll
00086f01   _InitCpuTimers
00086c61   _InitEPwm10Gpio
00086c74   _InitEPwm11Gpio
00086c88   _InitEPwm12Gpio
00084ffd   _InitEPwm1Example
00086bb7   _InitEPwm1Gpio
00085065   _InitEPwm2Example
00086bc9   _InitEPwm2Gpio
000850ca   _InitEPwm3Example
00086bdb   _InitEPwm3Gpio
00085132   _InitEPwm4Example
00086bef   _InitEPwm4Gpio
00086c03   _InitEPwm5Gpio
00086c15   _InitEPwm6Gpio
00085192   _InitEPwm7Example
00086c27   _InitEPwm7Gpio
00086c3b   _InitEPwm8Gpio
00086c4f   _InitEPwm9Gpio
00086b9e   _InitEPwmGpio
000851ed   _InitEPwmvariable
0001a7a0   _InitFlash
00083d46   _InitGpio
00084cf3   _InitPeripheralClocks
00087015   _InitPieCtrl
0008703d   _InitPieVectTable
00084cb7   _InitSysCtrl
00084dc4   _InitSysPll
00007900   _InputXbarRegs
000871d3   _IntDefaultHandler
000868dd   _IntDisable
00086846   _IntEnable
00086961   _IntIFRClear
00086819   _IntMasterDisable
00086814   _IntMasterEnable
0008681e   _IntRegister
00086831   _IntUnregister
00050000   _IpcRegs
000842b2   _IsBufferEmpty
0008429a   _IsBufferFull
0000c034   _LSPCLK_FREQ
00085444   _MCBSPA_RX_ISR
00085449   _MCBSPA_TX_ISR
0008544e   _MCBSPB_RX_ISR
00085453   _MCBSPB_TX_ISR
00006000   _McbspaRegs
00006040   _McbspbRegs
0005f400   _MemCfgRegs
0005f500   _MemoryErrorRegs
00085345   _NMI_ISR
000855e8   _NOTUSED_ISR
00007060   _NmiIntruptRegs
00007a80   _OutputXbarRegs
000855de   _PIE_RESERVED_ISR
00000ce0   _PieCtrlRegs
00000d00   _PieVectTable
00090000   _PieVectTableInit
000855c5   _RAM_ACCESS_VIOLATION_ISR
000855bb   _RAM_CORRECTABLE_ERROR_ISR
0008533b   _RTOS_ISR
00086812   _RamfuncsLoadEnd
00000812   _RamfuncsLoadSize
00086000   _RamfuncsLoadStart
0001a812   _RamfuncsRunEnd
00000812   _RamfuncsRunSize
0001a000   _RamfuncsRunStart
00084d9e   _ReleaseFlashPump
0005e608   _RomPrefetchRegs
0005f540   _RomWaitStateRegs
0008549e   _SCIA_RX_ISR
000854a3   _SCIA_TX_ISR
000854a8   _SCIB_RX_ISR
000854ad   _SCIB_TX_ISR
0008548a   _SCIC_RX_ISR
0008548f   _SCIC_TX_ISR
00085494   _SCID_RX_ISR
00085499   _SCID_TX_ISR
0000c02a   _SCI_FREQ
0000c032   _SCI_FREQa
0000c02c   _SCI_FREQb
0000c026   _SCI_FREQc
0000c036   _SCI_FREQd
0000c001   _SCI_PRDa
0000c005   _SCI_PRDb
0000c000   _SCI_PRDc
0000c006   _SCI_PRDd
00085570   _SD1_ISR
00085575   _SD2_ISR
00085430   _SPIA_RX_ISR
00085435   _SPIA_TX_ISR
0008543a   _SPIB_RX_ISR
0008543f   _SPIB_TX_ISR
0008557a   _SPIC_RX_ISR
0008557f   _SPIC_TX_ISR
00084fbc   _STANDBY
000855ca   _SYS_PLL_SLIP_ISR
00007200   _SciaRegs
00007210   _ScibRegs
00007220   _ScicRegs
00007230   _ScidRegs
00005e00   _Sdfm1Regs
00005e80   _Sdfm2Regs
00084d8f   _SeizeFlashPump
00084da8   _ServiceDog
00083ad4   _SetupADCEpwm
00006100   _SpiaRegs
00006110   _SpibRegs
00006120   _SpicRegs
00000022   _SyncSocRegs
00084f73   _SysIntOsc1Sel
00084f7d   _SysIntOsc2Sel
00084f87   _SysXtalOscSel
000853a9   _TIMER0_ISR
0008532c   _TIMER1_ISR
00085331   _TIMER2_ISR
00084222   _UARTIntclear
000843e5   _UARTPeek
0001a6fe   _UARTPrimeTransmit
00084381   _UARTgetc
000842d8   _UARTgets
00085584   _UPPA_ISR
00085589   _USBA_ISR
0008537c   _USER10_ISR
00085381   _USER11_ISR
00085386   _USER12_ISR
0008534f   _USER1_ISR
00085354   _USER2_ISR
00085359   _USER3_ISR
0008535e   _USER4_ISR
00085363   _USER5_ISR
00085368   _USER6_ISR
0008536d   _USER7_ISR
00085372   _USER8_ISR
00085377   _USER9_ISR
00006200   _UppRegs
00085525   _VCU_ISR
000853ae   _WAKE_ISR
00007000   _WdRegs
0008539a   _XINT1_ISR
0008539f   _XINT2_ISR
00085516   _XINT3_ISR
0008551b   _XINT4_ISR
00085520   _XINT5_ISR
00000002   _XbarRegs
00007070   _XintRegs
00000500   __CIOBUF_
00000500   __STACK_END
00000100   __STACK_SIZE
00000400   __SYSMEM_SIZE
00000001   __TI_args_main
0000afe4   ___TI_cleanup_ptr
00083f91   ___TI_doflush
0000afe6   ___TI_dtors_ptr
0000c880   ___TI_ft_end
00086dcc   ___TI_readmsg
0000c940   ___TI_tmpnams
00086d78   ___TI_writemsg
ffffffff   ___binit__
ffffffff   ___c_args__
00082000   ___cinit__
ffffffff   ___etext__
000870a8   ___memcpy_ff
ffffffff   ___pinit__
ffffffff   ___text__
0008711e   __args_main
0000c8c0   __ftable
0000afbe   __lock
000871c2   __nop
000871be   __register_lock
000871ba   __register_unlock
00000400   __stack
0000b800   __sys_memory
0000afbc   __unlock
0000c680   _a_pcUARTRxBuffer
0000c480   _a_pcUARTTxBuffer
0000c021   _a_ui16UARTRxReadIndex
0000c020   _a_ui16UARTRxWriteIndex
0000c023   _a_ui16UARTTxReadIndex
0000c022   _a_ui16UARTTxWriteIndex
0000a819   _aben_p
0000a818   _aben_t
00087137   _abort
0000ae6c   _absbuf
0000ae71   _absbuf2
0000ae49   _absen
0000ae4e   _absout
000857c9   _adca1_isr
00085991   _add_device
0000a808   _atpntflag
0000c011   _atxing
0000a813   _autoloop
0000c280   _b_pcUARTRxBuffer
0000c380   _b_pcUARTTxBuffer
0000c019   _b_ui16UARTRxReadIndex
0000c00c   _b_ui16UARTRxWriteIndex
0000c01f   _b_ui16UARTTxReadIndex
0000c024   _b_ui16UARTTxWriteIndex
0000ae54   _btxbuf
0000c003   _bufa
0000c004   _bufb
0000c01a   _bufc
0000a80e   _bufferFull
0000a980   _bufsd
0008497c   _bulkreaddx
00086fd1   _c_int00
0000c180   _c_pcUARTRxBuffer
0000c080   _c_pcUARTTxBuffer
0000c008   _c_ui16UARTRxReadIndex
0000c007   _c_ui16UARTRxWriteIndex
0000c00a   _c_ui16UARTTxReadIndex
0000c009   _c_ui16UARTTxWriteIndex
00085faa   _calloc
0001a60f   _checkrxd
00085fa8   _chkheap
0008595f   _close
0000a807   _cmd
0000ae4a   _cmd2
0000ae66   _cmdbuf
0000ae68   _cmdbuf2
000855ed   _cpu_timer0_isr
0001a4dd   _cpu_timer1_isr
0000a83a   _curtime
0000c580   _d_pcUARTRxBuffer
0000c780   _d_pcUARTTxBuffer
0000c002   _d_ui16UARTRxReadIndex
0000c00b   _d_ui16UARTRxWriteIndex
0000c00e   _d_ui16UARTTxReadIndex
0000c00d   _d_ui16UARTTxWriteIndex
0000a846   _degknee
0000a848   _degpel
0000a828   _degtogo
0000ae5c   _desv
0000ae5a   _desvl
0000ae60   _desvr
0000a898   _dir
0000ae4c   _dir1
0000ae4f   _dir2
00084670   _disk_initialize
000847db   _disk_ioctl
00084735   _disk_read
0008472a   _disk_status
000848b1   _disk_timerproc
0008477e   _disk_write
0000a81c   _done
0000a83c   _dtxbuf
0000ae62   _duty
0000ae42   _duty16
0000c030   _dx_baud
0000aec0   _dxl
0000c01d   _ecing
0000ae43   _ena
0000ae41   _enal
0000ae44   _enar
0000a832   _endtime
0000a8c0   _epwm1_info
000859fd   _epwm1_isr
00085ae0   _epwm2_isr
0000a8b2   _epwm3_info
00085b73   _epwm3_isr
0000a8ca   _epwm4_info
00085bf0   _epwm4_isr
0001a000   _epwm7_isr
0000a803   _err
000848c7   _error
0000a836   _excutetime
00087139   _exit
000830cd   _f_chmod
00082d1d   _f_close
00082eb0   _f_getfree
00082d2b   _f_lseek
00082fd7   _f_mkdir
0008294b   _f_mount
00082975   _f_open
00082df2   _f_opendir
00082aac   _f_read
00082e40   _f_readdir
00083104   _f_rename
00082e87   _f_stat
00082c8e   _f_sync
00082f4d   _f_unlink
00082b8a   _f_write
00083fc0   _fflush
0000a9c0   _fil
0000a840   _filsize
0000a805   _find
00085def   _free
00085f8c   _free_memory
0000a800   _fresult
0000afd4   _gearrt
000848c2   _get_fattime
0000a862   _goalpos
0000a890   _goalpos2
0000af00   _gps
0000c010   _graphdata
0000af40   _imu
0000ae47   _initonce
0000a880   _initpos
0000a82a   _intogo
0000a826   _intovel
00083d24   _itoa
0000a84a   _itoabuf
0000a854   _itoabuf2
0000a811   _j
0000a810   _k
000849f8   _led
0000a81b   _ledonoff
0000c01c   _lengscib
00085947   _lseek
0000a82c   _ltra
0000a844   _ltraold
000837a8   _main
00085e58   _malloc
00085f6c   _max_free
00087167   _memcmp
0008718d   _memset
00085e34   _minit
00083b00   _motorstop
0000a806   _mt
00084a78   _mv_p
00084abb   _mv_s
00084a24   _mvf
0000ae52   _mxbuf
0000ae8e   _mxl
0000ae80   _mxr
0000ae56   _mxrbuf
0000ae48   _numout
0000a80f   _numoutsd
0000a8a8   _obs
000858d5   _open
0000a86a   _oset
0000a859   _oset2
0000a84f   _p
0000a872   _p2
0000ae40   _period
0000a822   _pi
0008492f   _ping
0000a8d4   _pos
0000a8e4   _posavg
00083bd0   _posinit
0000a8a0   _posint
0000a838   _prevtime
0000ae6a   _printbuf
0000ae5e   _pwmtimer1
0000a81a   _rcvflag
0000a81d   _rcvid
0000a815   _rcvnum
0000a81e   _rcvstart
0000a817   _rcvsuc
0000c012   _rdata
0000c040   _rdataA
0000c00f   _rdata_pointA
0000a940   _rdsd
000858bd   _read
000848c9   _readdx
00085eb8   _realloc
0000afd2   _releng
000858a3   _remove_device
0008587a   _rename
0008495c   _reset
0000a80d   _resultsIndex
00084a0e   _retfowr
0000ae4b   _rst
0000a834   _rtra
0000a842   _rtraold
00086a6d   _sciaRxFifoIsr
000869da   _sciaTxFifoIsr
00084000   _scia_fifo_init
000840cf   _scia_msg
00084127   _scia_rcv
000840c6   _scia_xmit
00086ad2   _scibRxFifoIsr
000869fe   _scibTxFifoIsr
0008403b   _scib_fifo_init
00084138   _scib_msg
0008417e   _scib_rcv
0008412f   _scib_xmit
00086b38   _scicRxFifoIsr
00086a23   _scicTxFifoIsr
00084062   _scic_fifo_init
0008418f   _scic_msg
000841d5   _scic_rcv
00084186   _scic_xmit
0001a7d7   _scidRxFifoIsr
00086a48   _scidTxFifoIsr
00084089   _scid_fifo_init
000841dd   _scid_msg
0001a6f6   _scid_rcv
0001a6e9   _scid_xmit
0000c050   _sdataA
0000ae50   _sdcmd
0000a80a   _sdinitflag
0000a809   _sdnum
000848f0   _senddx
00084b93   _setccwlimit
00084b6e   _setcwlimit
00084b49   _setoffset
0000a802   _sleng
0000ae4d   _slp
0000a814   _spfout
0008719a   _strchr
000871b0   _strcmp
000871de   _strcpy
000871cb   _strlen
000870c9   _strncpy
00084bb8   _syncmv
0000a824   _t
0000ae46   _target_p
0000ae45   _target_t
0000a820   _temp
0000a83e   _temp2
0000ae64   _tempa
0000a816   _test
0000a80b   _testcnt
00083bcf   _testprint
0000a804   _toen
0000ae58   _token
00085219   _tragen
0000a888   _traj
0000c028   _trdelay
0000a830   _ttra
0000a82e   _ttrar
0000a801   _uid
000833d8   _ulocaltime
000834d1   _umktime
00085862   _unlink
0008376e   _urand
000833c8   _usnprintf
000833b7   _usprintf
00083767   _usrand
00083728   _ustrcasecmp
0008375c   _ustrcmp
000836bb   _ustrlen
000836e5   _ustrncasecmp
00083733   _ustrncmp
0008316c   _ustrncpy
000836cb   _ustrstr
000835a3   _ustrtof
00083778   _ustrtok
0008350a   _ustrtoul
0008319a   _uvsnprintf
0000c017   _wfing
0000c018   _wfrcvnum
0000ae9c   _wizfi
000857fc   _write
0000a812   _writeflag
ffffffff   binit
00082000   cinit
00080000   code_start
ffffffff   etext
ffffffff   pinit


GLOBAL SYMBOLS: SORTED BY Symbol Address 

address    name
--------   ----
00000001   __TI_args_main
00000002   _XbarRegs
00000022   _SyncSocRegs
00000028   _FlashPumpSemaphoreRegs
00000100   __STACK_SIZE
00000400   __SYSMEM_SIZE
00000400   __stack
00000500   __CIOBUF_
00000500   __STACK_END
00000812   _RamfuncsLoadSize
00000812   _RamfuncsRunSize
00000b00   _AdcaResultRegs
00000b20   _AdcbResultRegs
00000b40   _AdccResultRegs
00000b60   _AdcdResultRegs
00000c00   _CpuTimer0Regs
00000c08   _CpuTimer1Regs
00000c10   _CpuTimer2Regs
00000ce0   _Cla1SoftIntRegs
00000ce0   _PieCtrlRegs
00000d00   _EmuKey
00000d00   _PieVectTable
00000d01   _EmuBMode
00001000   _DmaRegs
00001400   _Cla1Regs
00004000   _EPwm1Regs
00004100   _EPwm2Regs
00004200   _EPwm3Regs
00004300   _EPwm4Regs
00004400   _EPwm5Regs
00004500   _EPwm6Regs
00004600   _EPwm7Regs
00004700   _EPwm8Regs
00004800   _EPwm9Regs
00004900   _EPwm10Regs
00004a00   _EPwm11Regs
00004b00   _EPwm12Regs
00005000   _ECap1Regs
00005020   _ECap2Regs
00005040   _ECap3Regs
00005060   _ECap4Regs
00005080   _ECap5Regs
000050a0   _ECap6Regs
00005100   _EQep1Regs
00005140   _EQep2Regs
00005180   _EQep3Regs
00005c00   _DacaRegs
00005c10   _DacbRegs
00005c20   _DaccRegs
00005c80   _Cmpss1Regs
00005ca0   _Cmpss2Regs
00005cc0   _Cmpss3Regs
00005ce0   _Cmpss4Regs
00005d00   _Cmpss5Regs
00005d20   _Cmpss6Regs
00005d40   _Cmpss7Regs
00005d60   _Cmpss8Regs
00005e00   _Sdfm1Regs
00005e80   _Sdfm2Regs
00006000   _McbspaRegs
00006040   _McbspbRegs
00006100   _SpiaRegs
00006110   _SpibRegs
00006120   _SpicRegs
00006200   _UppRegs
00007000   _WdRegs
00007060   _NmiIntruptRegs
00007070   _XintRegs
00007200   _SciaRegs
00007210   _ScibRegs
00007220   _ScicRegs
00007230   _ScidRegs
00007300   _I2caRegs
00007340   _I2cbRegs
00007400   _AdcaRegs
00007480   _AdcbRegs
00007500   _AdccRegs
00007580   _AdcdRegs
00007900   _InputXbarRegs
00007980   _DmaClaSrcSelRegs
00007a00   _EPwmXbarRegs
00007a80   _OutputXbarRegs
00007c00   _GpioCtrlRegs
00007f00   _GpioDataRegs
0000a800   _fresult
0000a801   _uid
0000a802   _sleng
0000a803   _err
0000a804   _toen
0000a805   _find
0000a806   _mt
0000a807   _cmd
0000a808   _atpntflag
0000a809   _sdnum
0000a80a   _sdinitflag
0000a80b   _testcnt
0000a80c   _ATmode
0000a80d   _resultsIndex
0000a80e   _bufferFull
0000a80f   _numoutsd
0000a810   _k
0000a811   _j
0000a812   _writeflag
0000a813   _autoloop
0000a814   _spfout
0000a815   _rcvnum
0000a816   _test
0000a817   _rcvsuc
0000a818   _aben_t
0000a819   _aben_p
0000a81a   _rcvflag
0000a81b   _ledonoff
0000a81c   _done
0000a81d   _rcvid
0000a81e   _rcvstart
0000a820   _temp
0000a822   _pi
0000a824   _t
0000a826   _intovel
0000a828   _degtogo
0000a82a   _intogo
0000a82c   _ltra
0000a82e   _ttrar
0000a830   _ttra
0000a832   _endtime
0000a834   _rtra
0000a836   _excutetime
0000a838   _prevtime
0000a83a   _curtime
0000a83c   _dtxbuf
0000a83e   _temp2
0000a840   _filsize
0000a842   _rtraold
0000a844   _ltraold
0000a846   _degknee
0000a848   _degpel
0000a84a   _itoabuf
0000a84f   _p
0000a854   _itoabuf2
0000a859   _oset2
0000a862   _goalpos
0000a86a   _oset
0000a872   _p2
0000a880   _initpos
0000a888   _traj
0000a890   _goalpos2
0000a898   _dir
0000a8a0   _posint
0000a8a8   _obs
0000a8b2   _epwm3_info
0000a8c0   _epwm1_info
0000a8ca   _epwm4_info
0000a8d4   _pos
0000a8e4   _posavg
0000a900   _AdcaResults
0000a940   _rdsd
0000a980   _bufsd
0000a9c0   _fil
0000ae18   _CpuTimer1
0000ae20   _CpuTimer2
0000ae28   _CpuTimer0
0000ae40   _period
0000ae41   _enal
0000ae42   _duty16
0000ae43   _ena
0000ae44   _enar
0000ae45   _target_t
0000ae46   _target_p
0000ae47   _initonce
0000ae48   _numout
0000ae49   _absen
0000ae4a   _cmd2
0000ae4b   _rst
0000ae4c   _dir1
0000ae4d   _slp
0000ae4e   _absout
0000ae4f   _dir2
0000ae50   _sdcmd
0000ae52   _mxbuf
0000ae54   _btxbuf
0000ae56   _mxrbuf
0000ae58   _token
0000ae5a   _desvl
0000ae5c   _desv
0000ae5e   _pwmtimer1
0000ae60   _desvr
0000ae62   _duty
0000ae64   _tempa
0000ae66   _cmdbuf
0000ae68   _cmdbuf2
0000ae6a   _printbuf
0000ae6c   _absbuf
0000ae71   _absbuf2
0000ae80   _mxr
0000ae8e   _mxl
0000ae9c   _wizfi
0000aec0   _dxl
0000af00   _gps
0000af40   _imu
0000afbc   __unlock
0000afbe   __lock
0000afd2   _releng
0000afd4   _gearrt
0000afe4   ___TI_cleanup_ptr
0000afe6   ___TI_dtors_ptr
0000b800   __sys_memory
0000c000   _SCI_PRDc
0000c001   _SCI_PRDa
0000c002   _d_ui16UARTRxReadIndex
0000c003   _bufa
0000c004   _bufb
0000c005   _SCI_PRDb
0000c006   _SCI_PRDd
0000c007   _c_ui16UARTRxWriteIndex
0000c008   _c_ui16UARTRxReadIndex
0000c009   _c_ui16UARTTxWriteIndex
0000c00a   _c_ui16UARTTxReadIndex
0000c00b   _d_ui16UARTRxWriteIndex
0000c00c   _b_ui16UARTRxWriteIndex
0000c00d   _d_ui16UARTTxWriteIndex
0000c00e   _d_ui16UARTTxReadIndex
0000c00f   _rdata_pointA
0000c010   _graphdata
0000c011   _atxing
0000c012   _rdata
0000c017   _wfing
0000c018   _wfrcvnum
0000c019   _b_ui16UARTRxReadIndex
0000c01a   _bufc
0000c01b   _ATcnt2
0000c01c   _lengscib
0000c01d   _ecing
0000c01e   _ATcnt
0000c01f   _b_ui16UARTTxReadIndex
0000c020   _a_ui16UARTRxWriteIndex
0000c021   _a_ui16UARTRxReadIndex
0000c022   _a_ui16UARTTxWriteIndex
0000c023   _a_ui16UARTTxReadIndex
0000c024   _b_ui16UARTTxWriteIndex
0000c026   _SCI_FREQc
0000c028   _trdelay
0000c02a   _SCI_FREQ
0000c02c   _SCI_FREQb
0000c02e   _CPU_FREQ
0000c030   _dx_baud
0000c032   _SCI_FREQa
0000c034   _LSPCLK_FREQ
0000c036   _SCI_FREQd
0000c040   _rdataA
0000c050   _sdataA
0000c080   _c_pcUARTTxBuffer
0000c180   _c_pcUARTRxBuffer
0000c280   _b_pcUARTRxBuffer
0000c380   _b_pcUARTTxBuffer
0000c480   _a_pcUARTTxBuffer
0000c580   _d_pcUARTRxBuffer
0000c680   _a_pcUARTRxBuffer
0000c780   _d_pcUARTTxBuffer
0000c880   ___TI_ft_end
0000c8c0   __ftable
0000c940   ___TI_tmpnams
0001a000   _RamfuncsRunStart
0001a000   _epwm7_isr
0001a4dd   _cpu_timer1_isr
0001a60f   _checkrxd
0001a6e9   _scid_xmit
0001a6f6   _scid_rcv
0001a6fe   _UARTPrimeTransmit
0001a7a0   _InitFlash
0001a7c9   _FlashOff
0001a7d7   _scidRxFifoIsr
0001a80e   _F28x_usDelay
0001a812   _RamfuncsRunEnd
00047000   _Emif1Regs
00047800   _Emif2Regs
00050000   _IpcRegs
0005d000   _DevCfgRegs
0005d180   _AnalogSubsysRegs
0005d200   _ClkCfgRegs
0005d300   _CpuSysRegs
0005e608   _RomPrefetchRegs
0005f000   _DcsmZ1Regs
0005f040   _DcsmZ2Regs
0005f070   _DcsmCommonRegs
0005f400   _MemCfgRegs
0005f480   _Emif1ConfigRegs
0005f4a0   _Emif2ConfigRegs
0005f4c0   _AccessProtectionRegs
0005f500   _MemoryErrorRegs
0005f540   _RomWaitStateRegs
0005f800   _Flash0CtrlRegs
0005fb00   _Flash0EccRegs
00078000   _DcsmZ1Otp
00078200   _DcsmZ2Otp
00080000   code_start
00082000   ___cinit__
00082000   cinit
0008294b   _f_mount
00082975   _f_open
00082aac   _f_read
00082b8a   _f_write
00082c8e   _f_sync
00082d1d   _f_close
00082d2b   _f_lseek
00082df2   _f_opendir
00082e40   _f_readdir
00082e87   _f_stat
00082eb0   _f_getfree
00082f4d   _f_unlink
00082fd7   _f_mkdir
000830cd   _f_chmod
00083104   _f_rename
0008316c   _ustrncpy
0008319a   _uvsnprintf
000833b7   _usprintf
000833c8   _usnprintf
000833d8   _ulocaltime
000834d1   _umktime
0008350a   _ustrtoul
000835a3   _ustrtof
000836bb   _ustrlen
000836cb   _ustrstr
000836e5   _ustrncasecmp
00083728   _ustrcasecmp
00083733   _ustrncmp
0008375c   _ustrcmp
00083767   _usrand
0008376e   _urand
00083778   _ustrtok
000837a8   _main
00083ab9   _ConfigureADC
00083ad4   _SetupADCEpwm
00083b00   _motorstop
00083b06   _ConfigureGPIO
00083bcf   _testprint
00083bd0   _posinit
00083cec   _ATpnt
00083d24   _itoa
00083d46   _InitGpio
00083d86   _GPIO_SetupPinMux
00083e17   _GPIO_SetupPinOptions
00083ead   _GPIO_SetupLock
00083ed5   _GPIO_SetupXINT1Gpio
00083edf   _GPIO_SetupXINT2Gpio
00083ee9   _GPIO_SetupXINT3Gpio
00083ef3   _GPIO_SetupXINT4Gpio
00083efd   _GPIO_SetupXINT5Gpio
00083f07   _GPIO_EnableUnbondedIOPullupsFor176Pin
00083f20   _GPIO_EnableUnbondedIOPullupsFor100Pin
00083f45   _GPIO_EnableUnbondedIOPullups
00083f5b   _GPIO_ReadPin
00083f72   _GPIO_WritePin
00083f91   ___TI_doflush
00083fc0   _fflush
00084000   _scia_fifo_init
0008403b   _scib_fifo_init
00084062   _scic_fifo_init
00084089   _scid_fifo_init
000840c6   _scia_xmit
000840cf   _scia_msg
00084127   _scia_rcv
0008412f   _scib_xmit
00084138   _scib_msg
0008417e   _scib_rcv
00084186   _scic_xmit
0008418f   _scic_msg
000841d5   _scic_rcv
000841dd   _scid_msg
00084222   _UARTIntclear
0008429a   _IsBufferFull
000842b2   _IsBufferEmpty
000842d8   _UARTgets
00084381   _UARTgetc
000843e5   _UARTPeek
00084670   _disk_initialize
0008472a   _disk_status
00084735   _disk_read
0008477e   _disk_write
000847db   _disk_ioctl
000848b1   _disk_timerproc
000848c2   _get_fattime
000848c7   _error
000848c9   _readdx
000848f0   _senddx
0008492f   _ping
0008495c   _reset
0008497c   _bulkreaddx
000849f8   _led
00084a0e   _retfowr
00084a24   _mvf
00084a78   _mv_p
00084abb   _mv_s
00084b49   _setoffset
00084b6e   _setcwlimit
00084b93   _setccwlimit
00084bb8   _syncmv
00084cb7   _InitSysCtrl
00084cf3   _InitPeripheralClocks
00084d77   _DisablePeripheralClocks
00084d8f   _SeizeFlashPump
00084d9e   _ReleaseFlashPump
00084da8   _ServiceDog
00084db6   _DisableDog
00084dc4   _InitSysPll
00084e8a   _InitAuxPll
00084f52   _CsmUnlock
00084f73   _SysIntOsc1Sel
00084f7d   _SysIntOsc2Sel
00084f87   _SysXtalOscSel
00084f93   _AuxIntOsc2Sel
00084f9d   _AuxXtalOscSel
00084fa9   _AuxAuxClkSel
00084fb3   _IDLE
00084fbc   _STANDBY
00084fc7   _HALT
00084fe0   _HIB
00084ffd   _InitEPwm1Example
00085065   _InitEPwm2Example
000850ca   _InitEPwm3Example
00085132   _InitEPwm4Example
00085192   _InitEPwm7Example
000851ed   _InitEPwmvariable
00085219   _tragen
0008532c   _TIMER1_ISR
00085331   _TIMER2_ISR
00085336   _DATALOG_ISR
0008533b   _RTOS_ISR
00085340   _EMU_ISR
00085345   _NMI_ISR
0008534a   _ILLEGAL_ISR
0008534f   _USER1_ISR
00085354   _USER2_ISR
00085359   _USER3_ISR
0008535e   _USER4_ISR
00085363   _USER5_ISR
00085368   _USER6_ISR
0008536d   _USER7_ISR
00085372   _USER8_ISR
00085377   _USER9_ISR
0008537c   _USER10_ISR
00085381   _USER11_ISR
00085386   _USER12_ISR
0008538b   _ADCA1_ISR
00085390   _ADCB1_ISR
00085395   _ADCC1_ISR
0008539a   _XINT1_ISR
0008539f   _XINT2_ISR
000853a4   _ADCD1_ISR
000853a9   _TIMER0_ISR
000853ae   _WAKE_ISR
000853b3   _EPWM1_TZ_ISR
000853b8   _EPWM2_TZ_ISR
000853bd   _EPWM3_TZ_ISR
000853c2   _EPWM4_TZ_ISR
000853c7   _EPWM5_TZ_ISR
000853cc   _EPWM6_TZ_ISR
000853d1   _EPWM7_TZ_ISR
000853d6   _EPWM8_TZ_ISR
000853db   _EPWM1_ISR
000853e0   _EPWM2_ISR
000853e5   _EPWM3_ISR
000853ea   _EPWM4_ISR
000853ef   _EPWM5_ISR
000853f4   _EPWM6_ISR
000853f9   _EPWM7_ISR
000853fe   _EPWM8_ISR
00085403   _ECAP1_ISR
00085408   _ECAP2_ISR
0008540d   _ECAP3_ISR
00085412   _ECAP4_ISR
00085417   _ECAP5_ISR
0008541c   _ECAP6_ISR
00085421   _EQEP1_ISR
00085426   _EQEP2_ISR
0008542b   _EQEP3_ISR
00085430   _SPIA_RX_ISR
00085435   _SPIA_TX_ISR
0008543a   _SPIB_RX_ISR
0008543f   _SPIB_TX_ISR
00085444   _MCBSPA_RX_ISR
00085449   _MCBSPA_TX_ISR
0008544e   _MCBSPB_RX_ISR
00085453   _MCBSPB_TX_ISR
00085458   _DMA_CH1_ISR
0008545d   _DMA_CH2_ISR
00085462   _DMA_CH3_ISR
00085467   _DMA_CH4_ISR
0008546c   _DMA_CH5_ISR
00085471   _DMA_CH6_ISR
00085476   _I2CA_ISR
0008547b   _I2CA_FIFO_ISR
00085480   _I2CB_ISR
00085485   _I2CB_FIFO_ISR
0008548a   _SCIC_RX_ISR
0008548f   _SCIC_TX_ISR
00085494   _SCID_RX_ISR
00085499   _SCID_TX_ISR
0008549e   _SCIA_RX_ISR
000854a3   _SCIA_TX_ISR
000854a8   _SCIB_RX_ISR
000854ad   _SCIB_TX_ISR
000854b2   _CANA0_ISR
000854b7   _CANA1_ISR
000854bc   _CANB0_ISR
000854c1   _CANB1_ISR
000854c6   _ADCA_EVT_ISR
000854cb   _ADCA2_ISR
000854d0   _ADCA3_ISR
000854d5   _ADCA4_ISR
000854da   _ADCB_EVT_ISR
000854df   _ADCB2_ISR
000854e4   _ADCB3_ISR
000854e9   _ADCB4_ISR
000854ee   _CLA1_1_ISR
000854f3   _CLA1_2_ISR
000854f8   _CLA1_3_ISR
000854fd   _CLA1_4_ISR
00085502   _CLA1_5_ISR
00085507   _CLA1_6_ISR
0008550c   _CLA1_7_ISR
00085511   _CLA1_8_ISR
00085516   _XINT3_ISR
0008551b   _XINT4_ISR
00085520   _XINT5_ISR
00085525   _VCU_ISR
0008552a   _FPU_OVERFLOW_ISR
0008552f   _FPU_UNDERFLOW_ISR
00085534   _IPC0_ISR
00085539   _IPC1_ISR
0008553e   _IPC2_ISR
00085543   _IPC3_ISR
00085548   _EPWM9_TZ_ISR
0008554d   _EPWM10_TZ_ISR
00085552   _EPWM11_TZ_ISR
00085557   _EPWM12_TZ_ISR
0008555c   _EPWM9_ISR
00085561   _EPWM10_ISR
00085566   _EPWM11_ISR
0008556b   _EPWM12_ISR
00085570   _SD1_ISR
00085575   _SD2_ISR
0008557a   _SPIC_RX_ISR
0008557f   _SPIC_TX_ISR
00085584   _UPPA_ISR
00085589   _USBA_ISR
0008558e   _ADCC_EVT_ISR
00085593   _ADCC2_ISR
00085598   _ADCC3_ISR
0008559d   _ADCC4_ISR
000855a2   _ADCD_EVT_ISR
000855a7   _ADCD2_ISR
000855ac   _ADCD3_ISR
000855b1   _ADCD4_ISR
000855b6   _EMIF_ERROR_ISR
000855bb   _RAM_CORRECTABLE_ERROR_ISR
000855c0   _FLASH_CORRECTABLE_ERROR_ISR
000855c5   _RAM_ACCESS_VIOLATION_ISR
000855ca   _SYS_PLL_SLIP_ISR
000855cf   _AUX_PLL_SLIP_ISR
000855d4   _CLA_OVERFLOW_ISR
000855d9   _CLA_UNDERFLOW_ISR
000855de   _PIE_RESERVED_ISR
000855e3   _EMPTY_ISR
000855e8   _NOTUSED_ISR
000855ed   _cpu_timer0_isr
000857c9   _adca1_isr
000857fc   _write
00085862   _unlink
0008587a   _rename
000858a3   _remove_device
000858bd   _read
000858d5   _open
00085947   _lseek
0008595f   _close
00085991   _add_device
000859fd   _epwm1_isr
00085ae0   _epwm2_isr
00085b73   _epwm3_isr
00085bf0   _epwm4_isr
00085bfd   _HOSTwrite
00085c33   _HOSTunlink
00085c58   _HOSTtime
00085c82   _HOSTrename
00085cc0   _HOSTread
00085cf6   _HOSTopen
00085d2d   _HOSTlseek
00085d74   _HOSTgetenv
00085d9e   _HOSTclose
00085dc5   _HOSTclock
00085def   _free
00085e34   _minit
00085e58   _malloc
00085eb8   _realloc
00085f6c   _max_free
00085f8c   _free_memory
00085fa8   _chkheap
00085faa   _calloc
00085fc2   FS$$TOL
00085feb   UL$$TOFS
00086000   _RamfuncsLoadStart
00086812   _RamfuncsLoadEnd
00086814   _IntMasterEnable
00086819   _IntMasterDisable
0008681e   _IntRegister
00086831   _IntUnregister
00086846   _IntEnable
000868dd   _IntDisable
00086961   _IntIFRClear
000869da   _sciaTxFifoIsr
000869fe   _scibTxFifoIsr
00086a23   _scicTxFifoIsr
00086a48   _scidTxFifoIsr
00086a6d   _sciaRxFifoIsr
00086ad2   _scibRxFifoIsr
00086b38   _scicRxFifoIsr
00086b9e   _InitEPwmGpio
00086bb7   _InitEPwm1Gpio
00086bc9   _InitEPwm2Gpio
00086bdb   _InitEPwm3Gpio
00086bef   _InitEPwm4Gpio
00086c03   _InitEPwm5Gpio
00086c15   _InitEPwm6Gpio
00086c27   _InitEPwm7Gpio
00086c3b   _InitEPwm8Gpio
00086c4f   _InitEPwm9Gpio
00086c61   _InitEPwm10Gpio
00086c74   _InitEPwm11Gpio
00086c88   _InitEPwm12Gpio
00086c9b   _AdcSetMode
00086d3e   _CalAdcINL
00086d78   ___TI_writemsg
00086dc8   C$$IO$$
00086dcc   ___TI_readmsg
00086e06   FS$$DIV
00086e89   FS$$SUB
00086e8e   FS$$ADD
00086f01   _InitCpuTimers
00086f42   _ConfigCpuTimer
00086f77   FS$$MPY
00086fd1   _c_int00
00087015   _InitPieCtrl
00087034   _EnableInterrupts
0008703d   _InitPieVectTable
00087062   FS$$TOI
00087087   FS$$TOUL
000870a8   ___memcpy_ff
000870c9   _strncpy
000870e7   FS$$TOU
00087104   I$$TOFS
0008711e   __args_main
00087137   C$$EXIT
00087137   _abort
00087139   _exit
00087150   FS$$CMP
00087167   _memcmp
0008717d   U$$TOFS
0008718d   _memset
0008719a   _strchr
000871a5   U$$DIV
000871aa   U$$MOD
000871b0   _strcmp
000871ba   __register_unlock
000871be   __register_lock
000871c2   __nop
000871cb   _strlen
000871d3   _IntDefaultHandler
000871d9   FS$$NEG
000871de   _strcpy
00090000   _PieVectTableInit
ffffffff   .text
ffffffff   ___binit__
ffffffff   ___c_args__
ffffffff   ___etext__
ffffffff   ___pinit__
ffffffff   ___text__
ffffffff   binit
ffffffff   etext
ffffffff   pinit

[678 symbols]
